C0=5
C0_DEGREES=[0, 0]
C0_CONTROLS=1
C0_MIN=(0, 0):5
C1=5*S*(64*y**2 - 384*y + 17)/96
C1_DEGREES=[0, 2]
C1_CONTROLS=3
C1_MIN=(0, 2):2743/4000
C2=-5*S*(1658880*S*y**4 - 221184*S*y**3 - 1533312*S*y**2 + 383616*S*y - 913707*S - 389120*y**4 + 712704*y**3 - 1589120*y**2 + 1295232*y - 818591)/331776
C2_DEGREES=[1, 4]
C2_CONTROLS=10
C2_MIN=(0, 4):6994764611/576000000
C3=5*S*(21233664*S**2*y**2 - 130056192*S**2*y + 2654208*S**2 + 23592960*S*y**4 - 169869312*S*y**3 + 202162176*S*y**2 - 168099840*S*y + 8572032*S + 6553600*y**6 - 55050240*y**5 + 120827904*y**4 - 170803200*y**3 + 126945984*y**2 - 60064896*y + 4083977)/31850496
C3_DEGREES=[2, 6]
C3_CONTROLS=21
C3_MIN=(0, 6):140490493103/256000000000
C4=-S*(33973862400*S**3*y**4 - 81537269760*S**3*y**3 + 27901034496*S**3*y**2 + 25225592832*S**3*y - 987426091008*S**3 + 37748736000*S**2*y**6 - 135895449600*S**2*y**5 - 15406202880*S**2*y**4 + 363123965952*S**2*y**3 - 2644138008576*S**2*y**2 + 2864550887424*S**2*y - 2214366284160*S**2 + 10485760000*S*y**8 - 50331648000*S*y**7 - 115317145600*S*y**6 + 668813230080*S*y**5 - 2858416840704*S*y**4 + 5133286342656*S*y**3 - 6327437108992*S*y**2 + 4153148465664*S*y - 1677691247279*S - 62914560000*y**8 + 301989888000*y**7 - 1091724902400*y**6 + 2408180613120*y**5 - 3831561732096*y**4 + 4146688622592*y**3 - 3191842057728*y**2 + 1526572385280*y - 423511736838)/110075314176
C4_DEGREES=[3, 8]
C4_CONTROLS=36
C4_MIN=(0, 8):205239422872780721/55296000000000000
TOTAL_CONTROLS=71
DIAGNOSTICS=27/27
DIAGNOSTIC_MIN=165951810221058284625705719/33177600000000000000000000
PASS predecessor bindings
PASS strict strip legality, rank two, and both signed-z lifts
PASS original fully conjugated Hermitian Q,Q^2 reconstruction
PASS exact positive coefficient certificates on (S,y) box
scope=x=5/8, Z=1/8, |y|<=1/100, 0<h<=1, lambda>0
