C0_TERMS=1
C0_DEGREES=[0, 0, 0]
C0_CONTROLS=1
C0_MIN=(0, 0, 0):5
C1_TERMS=5
C1_DEGREES=[0, 2, 2]
C1_CONTROLS=9
C1_MIN=(0, 2, 2):12811/18750
C2_TERMS=26
C2_DEGREES=[1, 4, 4]
C2_CONTROLS=50
C2_MIN=(0, 4, 0):2455906147459/202500000000
C3_TERMS=42
C3_DEGREES=[2, 6, 6]
C3_CONTROLS=147
C3_MIN=(0, 6, 0):8332318460470459/15187500000000000
C4_TERMS=120
C4_DEGREES=[3, 8, 8]
C4_CONTROLS=324
C4_MIN=(0, 8, 0):25275849790143404224321/6834375000000000000000
DANGER_LOWER=30189/62500
DETC_OVER_S=5/72
TOTAL_CONTROLS=531
DIAGNOSTICS=81/81
DIAGNOSTIC_MIN=320484501994297997348013379511/64072265625000000000000000000
PASS predecessor bindings
PASS strict xy-box legality, rank two, and both signed-z lifts
PASS original fully conjugated Hermitian Q,Q^2 reconstruction
PASS exact positive coefficient certificates on (S,y,x) box
scope=|x-5/8|<=1/1000, |y|<=1/100, Z=1/8, 0<h<=1, lambda>0
