PASS frozen X<=39/40 source/referee dependency hashes
PASS frozen definition/frontier dependency hashes
PASS original Hermitian Q,Q^2 raw-gate reconstruction
RAW_GATE_Z_DEGREE 4
PASS cleared/core structure 34 34 1659 bidegree (7, 4)
PASS exact old/new chart and raw-gate splice
PASS three-layer X=39/40 parameter/cleared-gate/core splice
CELL 39/40 1
Z_LEFT_WORST 436351086639634873/15857127000000000000
Z_RIGHT_WORST 444704765298934873/15857127000000000000
Z_MIN 436351086639634873/15857127000000000000
Z_UPPER_STRICT 20233/650000
DZ_DX_LOWER -10801/2750000
DZ_DX_UPPER_STRICT 1/20
T_MAX -4181417/143000
DANGER_BASE_AT_1 -20233/650000
DANGER_WITNESS_S_1E6_M0_O0_N0 -555866869/17875000000
Z_WITNESS 173705179061213/5585937500000000
DET_C_LOWER_COEFFICIENT 436351086639634873/28542828600000000000
PASS both-z/rank-two determinant algebra
CLASSIFICATION CHART_ILLEGAL_AT_X_1
NOT_BERNSTEIN_TESTED
NOT_RAW_GATE_NEGATIVE
NOT_IMPLEMENTATION_OR_RESOURCE_FAILURE
