tmp/research/common_metric_ranktwo_transverse_compact_ball_uncovered_box_x5_8_xy_adjacent_x7_10_source_candidate.md: OK
tmp/research/compact_ball_uncovered_box_x5_8_xy_adjacent_x7_10_attack_bad_normalization.exit: OK
tmp/research/compact_ball_uncovered_box_x5_8_xy_adjacent_x7_10_attack_bad_normalization.log: OK
tmp/research/compact_ball_uncovered_box_x5_8_xy_adjacent_x7_10_attack_bad_predecessor.exit: OK
tmp/research/compact_ball_uncovered_box_x5_8_xy_adjacent_x7_10_attack_bad_predecessor.log: OK
tmp/research/compact_ball_uncovered_box_x5_8_xy_adjacent_x7_10_attack_break_control_seam.exit: OK
tmp/research/compact_ball_uncovered_box_x5_8_xy_adjacent_x7_10_attack_break_control_seam.log: OK
tmp/research/compact_ball_uncovered_box_x5_8_xy_adjacent_x7_10_attack_break_hermitian_seam.exit: OK
tmp/research/compact_ball_uncovered_box_x5_8_xy_adjacent_x7_10_attack_break_hermitian_seam.log: OK
tmp/research/compact_ball_uncovered_box_x5_8_xy_adjacent_x7_10_attack_break_minus_z_lift.exit: OK
tmp/research/compact_ball_uncovered_box_x5_8_xy_adjacent_x7_10_attack_break_minus_z_lift.log: OK
tmp/research/compact_ball_uncovered_box_x5_8_xy_adjacent_x7_10_attack_break_s_clearing.exit: OK
tmp/research/compact_ball_uncovered_box_x5_8_xy_adjacent_x7_10_attack_break_s_clearing.log: OK
tmp/research/compact_ball_uncovered_box_x5_8_xy_adjacent_x7_10_attack_break_seam.exit: OK
tmp/research/compact_ball_uncovered_box_x5_8_xy_adjacent_x7_10_attack_break_seam.log: OK
tmp/research/compact_ball_uncovered_box_x5_8_xy_adjacent_x7_10_attack_corrupt_coefficient.exit: OK
tmp/research/compact_ball_uncovered_box_x5_8_xy_adjacent_x7_10_attack_corrupt_coefficient.log: OK
tmp/research/compact_ball_uncovered_box_x5_8_xy_adjacent_x7_10_attack_drop_control.exit: OK
tmp/research/compact_ball_uncovered_box_x5_8_xy_adjacent_x7_10_attack_drop_control.log: OK
tmp/research/compact_ball_uncovered_box_x5_8_xy_adjacent_x7_10_attack_drop_q2.exit: OK
tmp/research/compact_ball_uncovered_box_x5_8_xy_adjacent_x7_10_attack_drop_q2.log: OK
tmp/research/compact_ball_uncovered_box_x5_8_xy_adjacent_x7_10_attack_flip_danger.exit: OK
tmp/research/compact_ball_uncovered_box_x5_8_xy_adjacent_x7_10_attack_flip_danger.log: OK
tmp/research/compact_ball_uncovered_box_x5_8_xy_adjacent_x7_10_attack_optimized.exit: OK
tmp/research/compact_ball_uncovered_box_x5_8_xy_adjacent_x7_10_attack_optimized.log: OK
tmp/research/compact_ball_uncovered_box_x5_8_xy_adjacent_x7_10_exact_gate.py: OK
tmp/research/compact_ball_uncovered_box_x5_8_xy_adjacent_x7_10_fail_closed_test_record.md: OK
tmp/research/compact_ball_uncovered_box_x5_8_xy_adjacent_x7_10_freeze_verifier_attack_bad_manifest.exit: OK
tmp/research/compact_ball_uncovered_box_x5_8_xy_adjacent_x7_10_freeze_verifier_attack_bad_manifest.log: OK
tmp/research/compact_ball_uncovered_box_x5_8_xy_adjacent_x7_10_freeze_verifier_attack_bad_source_hash.exit: OK
tmp/research/compact_ball_uncovered_box_x5_8_xy_adjacent_x7_10_freeze_verifier_attack_bad_source_hash.log: OK
tmp/research/compact_ball_uncovered_box_x5_8_xy_adjacent_x7_10_freeze_verifier_normal.exit: OK
tmp/research/compact_ball_uncovered_box_x5_8_xy_adjacent_x7_10_freeze_verifier_normal.log: OK
tmp/research/compact_ball_uncovered_box_x5_8_xy_adjacent_x7_10_freeze_verifier_pycompile.exit: OK
tmp/research/compact_ball_uncovered_box_x5_8_xy_adjacent_x7_10_freeze_verifier_pycompile.log: OK
tmp/research/compact_ball_uncovered_box_x5_8_xy_adjacent_x7_10_manifest_isolated_replay.exit: OK
tmp/research/compact_ball_uncovered_box_x5_8_xy_adjacent_x7_10_manifest_isolated_replay.log: OK
tmp/research/compact_ball_uncovered_box_x5_8_xy_adjacent_x7_10_manifest_root_replay.exit: OK
tmp/research/compact_ball_uncovered_box_x5_8_xy_adjacent_x7_10_manifest_root_replay.log: OK
tmp/research/compact_ball_uncovered_box_x5_8_xy_adjacent_x7_10_normal.exit: OK
tmp/research/compact_ball_uncovered_box_x5_8_xy_adjacent_x7_10_normal.log: OK
tmp/research/compact_ball_uncovered_box_x5_8_xy_adjacent_x7_10_pycompile.exit: OK
tmp/research/compact_ball_uncovered_box_x5_8_xy_adjacent_x7_10_pycompile.log: OK
tmp/research/compact_ball_uncovered_box_x5_8_xy_adjacent_x7_10_scout.exit: OK
tmp/research/compact_ball_uncovered_box_x5_8_xy_adjacent_x7_10_scout.log: OK
tmp/research/compact_ball_uncovered_box_x5_8_xy_adjacent_x7_10_scout_pycompile.exit: OK
tmp/research/compact_ball_uncovered_box_x5_8_xy_adjacent_x7_10_scout_pycompile.log: OK
tmp/research/verify_compact_ball_uncovered_box_x5_8_xy_adjacent_x7_10_source_freeze.py: OK
