Title:           A certified finite verification of Erdos–Szekeres #699 for i=3 and n at most 100 million
Subject:         
Keywords:        
Author:          Zijian Zeng
Creator:         LaTeX with hyperref
Producer:        pdfTeX-1.40.29
CreationDate:    Sat Aug 29 13:35:12 2026 CST
ModDate:         Sat Aug 29 13:35:12 2026 CST
Custom Metadata: yes
Metadata Stream: no
Tagged:          no
UserProperties:  no
Suspects:        no
Form:            none
JavaScript:      no
Pages:           5
Encrypted:       no
Page size:       612 x 792 pts (letter)
Page rot:        0
File size:       361808 bytes
Optimized:       no
PDF version:     1.7
