field p=X^14+X^5+1 (0x4021): Rabin remainders r2=0x0010 r7=0x08c5 r14=0x0002, gcds=1,1
generator 0x0007 order witnesses: 0001 13f3 2eed 2d8e
k=3 exact transform: 2048/16382 rho values
k=3 exact transform: 4096/16382 rho values
k=3 exact transform: 6144/16382 rho values
k=3 exact transform: 8192/16382 rho values
k=3 exact transform: 10240/16382 rho values
k=3 exact transform: 12288/16382 rho values
k=3 exact transform: 14336/16382 rho values
k=3: |Delta|=8192, all rho covered, count range=[33554432,33554432], direct checks passed
k=5 exact transform: 2048/16382 rho values
k=5 exact transform: 4096/16382 rho values
k=5 exact transform: 6144/16382 rho values
k=5 exact transform: 8192/16382 rho values
k=5 exact transform: 10240/16382 rho values
k=5 exact transform: 12288/16382 rho values
k=5 exact transform: 14336/16382 rho values
k=5: |Delta|=8192, all rho covered, count range=[33554432,33554432], direct checks passed
certificate=evidence/n14_certificate.tsv
cpu_seconds=0.417
FINAL_STATUS=PROVED_FINITE_ASSERTION
