CERTIFIER_OK n=9 target=9 count=191536 sha256=4f7d6c43cfed87e1e5293dc751736efe2d7bc1554946cdc83f4026a575fbbbf8 nodes=1948437 max_nodes=66
real 2.53
user 1.89
sys 0.03
             2015232  maximum resident set size
                   0  average shared memory size
                   0  average unshared data size
                   0  average unshared stack size
                1089  page reclaims
                   8  page faults
                   0  swaps
                   0  block input operations
                   0  block output operations
                   0  messages sent
                   0  messages received
                   0  signals received
                 433  voluntary context switches
                2680  involuntary context switches
            25068374  instructions retired
            21063365  cycles elapsed
             1245496  peak memory footprint
