BUILDER_OK n=10 target=12 count=485501 sha256=9a71b2709f9c0edc48898ca853c5f05159390f8e7e8a6b9a0342cd9238f1f4e0 nodes=6319934 max_nodes=806
real 5.08
user 2.70
sys 0.06
             2015232  maximum resident set size
                   0  average shared memory size
                   0  average unshared data size
                   0  average unshared stack size
                1147  page reclaims
                   6  page faults
                   0  swaps
                   0  block input operations
                   0  block output operations
                   0  messages sent
                   0  messages received
                   0  signals received
                1358  voluntary context switches
                8649  involuntary context switches
            24550672  instructions retired
            24660172  cycles elapsed
             1245496  peak memory footprint
