AGGREGATE_OK role=certifier n=10 target=12 slices=16 total=9733056 nodes=145452733 max_nodes=12313 output=certificates/baseline_n10_certifier_opt.json
real 22.71
user 147.23
sys 1.15
            25378816  maximum resident set size
                   0  average shared memory size
                   0  average unshared data size
                   0  average unshared stack size
               23229  page reclaims
                 138  page faults
                   0  swaps
                   0  block input operations
                   0  block output operations
                   0  messages sent
                   0  messages received
                   9  signals received
                9005  voluntary context switches
              180167  involuntary context switches
            30989261  instructions retired
            18273355  cycles elapsed
             1327416  peak memory footprint
