CERTIFIER_OK n=10 target=12 count=485501 sha256=9a71b2709f9c0edc48898ca853c5f05159390f8e7e8a6b9a0342cd9238f1f4e0 nodes=7422882 max_nodes=2402
real 11.49
user 8.16
sys 0.07
             2048000  maximum resident set size
                   0  average shared memory size
                   0  average unshared data size
                   0  average unshared stack size
                1098  page reclaims
                   6  page faults
                   0  swaps
                   0  block input operations
                   0  block output operations
                   0  messages sent
                   0  messages received
                   0  signals received
                 342  voluntary context switches
               10390  involuntary context switches
            24104640  instructions retired
            22350772  cycles elapsed
             1278264  peak memory footprint
