BUILDER_OK n=11 target=15 count=114710 sha256=9bbdef07b8de46f89bfa8760f18a1d13594d3b3fa29cca82d215d463cb528b7c nodes=1835374 max_nodes=20
real 0.83
user 0.70
sys 0.01
             2048000  maximum resident set size
                   0  average shared memory size
                   0  average unshared data size
                   0  average unshared stack size
                1102  page reclaims
                   6  page faults
                   0  swaps
                   0  block input operations
                   0  block output operations
                   0  messages sent
                   0  messages received
                   0  signals received
                 100  voluntary context switches
                 391  involuntary context switches
            24242416  instructions retired
            23929527  cycles elapsed
             1278264  peak memory footprint
