CERTIFIER_OK n=11 target=15 count=114710 sha256=9bbdef07b8de46f89bfa8760f18a1d13594d3b3fa29cca82d215d463cb528b7c nodes=10041233 max_nodes=118358
real 4.77
user 3.39
sys 0.03
             2031616  maximum resident set size
                   0  average shared memory size
                   0  average unshared data size
                   0  average unshared stack size
                1099  page reclaims
                   6  page faults
                   0  swaps
                   0  block input operations
                   0  block output operations
                   0  messages sent
                   0  messages received
                   0  signals received
                 100  voluntary context switches
                4144  involuntary context switches
            24171720  instructions retired
            21161324  cycles elapsed
             1261880  peak memory footprint
