AGGREGATE_OK role=builder n=11 target=15 slices=192 total=903753248 nodes=14481704095 max_nodes=90842 output=certificates/n11_builder_full_m192.json
real 888.95
user 6272.23
sys 70.99
            25985024  maximum resident set size
                   0  average shared memory size
                   0  average unshared data size
                   0  average unshared stack size
              205141  page reclaims
                1168  page faults
                   0  swaps
                   0  block input operations
                   0  block output operations
                   0  messages sent
                   0  messages received
                  54  signals received
             1696928  voluntary context switches
            10435589  involuntary context switches
            32586794  instructions retired
            20880348  cycles elapsed
             1327416  peak memory footprint
