AGGREGATE_OK role=certifier n=11 target=15 slices=192 total=903753248 nodes=16972027052 max_nodes=203790 output=certificates/n11_certifier_full_m192.json
real 2887.80
user 23538.24
sys 193.53
            25591808  maximum resident set size
                   0  average shared memory size
                   0  average unshared data size
                   0  average unshared stack size
              204615  page reclaims
                1218  page faults
                   0  swaps
                   0  block input operations
                   0  block output operations
                   0  messages sent
                   0  messages received
                  73  signals received
             1777466  voluntary context switches
            38488863  involuntary context switches
            33332331  instructions retired
            21044187  cycles elapsed
             1327416  peak memory footprint
