name                                 type              encoding         emb sub uni object ID
------------------------------------ ----------------- ---------------- --- --- --- ---------
FGDWJK+LMRoman10-Bold                Type 1            Custom           yes yes yes     44  0
HCTZWT+LMRoman8-Regular              Type 1            Custom           yes yes yes     45  0
HFVJGR+LMRomanCaps10-Regular         Type 1            Custom           yes yes yes     46  0
IBOXIG+LMMathItalic8-Regular         Type 1            Custom           yes yes yes     47  0
HCTZWT+LMRoman8-Regular              Type 1            Custom           yes yes yes     48  0
DFKGIS+LMMathItalic6-Regular         Type 1            Custom           yes yes yes     49  0
LTWTGU+LMMathSymbols8-Regular        Type 1            Custom           yes yes yes     50  0
GUHIFW+LMRoman10-Regular             Type 1            Custom           yes yes yes     51  0
VGZORI+LMMathItalic10-Regular        Type 1            Custom           yes yes yes     52  0
GUHIFW+LMRoman10-Regular             Type 1            Custom           yes yes yes     53  0
OVDKSL+LMRoman7-Regular              Type 1            Custom           yes yes yes     55  0
BJOTGW+LMMathSymbols7-Regular        Type 1            Custom           yes yes yes     56  0
LVXLAD+LMMathItalic7-Regular         Type 1            Custom           yes yes yes     57  0
DGIROV+LMMathExtension10-Regular     Type 1            Custom           yes yes yes     58  0
DYWSKI+LMMathSymbols10-Regular       Type 1            Custom           yes yes yes     59  0
BUIGMM+LMRoman8-Italic               Type 1            Custom           yes yes yes     61  0
OVDKSL+LMRoman7-Regular              Type 1            Custom           yes yes yes     62  0
VYSSXC+LMRoman10-Italic              Type 1            Custom           yes yes yes     81  0
WDUQIB+LMMathItalic5-Regular         Type 1            Custom           yes yes yes     84  0
TMHVPV+MSAM10                        Type 1            Builtin          yes yes yes     98  0
MAWLDJ+LMMono10-Regular              Type 1            Custom           yes yes yes    100  0
ONDWIQ+LMRoman8-Bold                 Type 1            Custom           yes yes yes    106  0
YNVWXX+LMRoman6-Regular              Type 1            Custom           yes yes yes    107  0
IDRRQU+LMMono8-Regular               Type 1            Custom           yes yes yes    108  0
