Title:           A Strict Certified Search Extension for Erdos Problem 647
Subject:         
Keywords:        
Author:          Zijian Zeng
Creator:         LaTeX with hyperref
Producer:        pdfTeX-1.40.29
CreationDate:    Sat Aug 29 11:54:10 2026 CST
ModDate:         Sat Aug 29 11:54:10 2026 CST
Custom Metadata: yes
Metadata Stream: no
Tagged:          no
UserProperties:  no
Suspects:        no
Form:            none
JavaScript:      no
Pages:           4
Encrypted:       no
Page size:       612 x 792 pts (letter)
Page rot:        0
File size:       350027 bytes
Optimized:       no
PDF version:     1.7
