c --- [ banner ] -------------------------------------------------------------
c 
c CaDiCaL SAT Solver
c Copyright (c) 2016-2026
c A. Biere, M. Fleury, N. Froleyks, K. Fazekas, F. Pollitt, T. Faller
c JKU Linz, University of Freiburg, TU Wien
c 
c Version 3.0.1
c Apple clang version 21.0.0 (clang-2100.0.123.102) -Wall -Wextra -O3 -DNDEBUG -DNCLOSEFROM
c Sun Jul 19 15:40:55 UTC 2026 Darwin Tahoe-arm64.local 25.4.0 arm64
c 
c --- [ proof tracing ] ------------------------------------------------------
c 
c opening file to write 'certificates/ekr_k4d3_n10.lrat'
c writing non-binary proof trace to 'certificates/ekr_k4d3_n10.lrat'
c 
c --- [ parsing input ] ------------------------------------------------------
c 
c reading DIMACS file from 'instances/ekr_k4d3_n10.cnf'
c opening file to read 'instances/ekr_k4d3_n10.cnf'
c found 'p cnf 210 2415' header
c parsed 2415 clauses in 0.00 seconds process time
c 
c --- [ options ] ------------------------------------------------------------
c 
c   --binary=false                 (different from default 'true')
c   --lrat=true                    (different from default 'false')
c 
c --- [ solving ] ------------------------------------------------------------
c 
c time measured in process time since initialization
c 
c  seconds  reduction conflicts       size tier2     variables
c         MB    restarts   redundant    glue  trail      remaining
c          level     rate       size/glu tier1 irredundant
c 
c *  0.00  0  0 0   0  0    0    0 0.0 0 0 2 6  0% 2415 210 100%
c )  0.00  0  0 0   0  0    0    0 0.0 0 0 2 6  0% 2415 210 100%
c {  0.00  0  0 0   0  0    0    0 0.0 0 0 2 6  0% 2415 210 100%
c i  0.00  0  1 0   0  1    3    2 2.0 2 1 2 6 42% 2415 209 100%
c i  0.00  0  3 0   0  2    6    4 2.2 2 1 2 6 32% 2415 208 99%
c i  0.00  0  4 0   0  1   42   28 1.7 3 2 2 6 27% 2415 185 88%
c }  0.00  0  4 0   0  1   44   28 1.7 3 2 2 6 27% 2415 169 80%
c 0  0.00  0  4 0   0  1   44   28 1.7 3 2 2 6 27% 2415 169 80%
c 
c --- [ closing proof ] ------------------------------------------------------
c 
c LRAT proof file 'certificates/ekr_k4d3_n10.lrat' closed
c LRAT 81 added clauses 88.04%
c LRAT 11 deleted clauses 11.96%
c LRAT 3669 bytes (0.00 MB)
c 
c --- [ result ] -------------------------------------------------------------
c 
s UNSATISFIABLE
c 
c --- [ run-time profiling ] -------------------------------------------------
c 
c process time taken by individual solving procedures
c (percentage relative to process time for solving)
c 
c         0.00  138.13% parse
c         0.00   92.27% search
c         0.00   48.53% unstable
c         0.00   41.07% lucky
c         0.00    0.00% simplify
c   =================================
c         0.00   32.41% solve
c 
c last line shows process time for solving
c (percentage relative to total process time)
c 
c --- [ statistics ] ---------------------------------------------------------
c 
c chronological:                17        38.64 %  of conflicts
c conflicts:                    44    117333.33    per second
c decisions:                    55    146666.67    per second
c fixed:                        41        19.52 %  of all variables
c learned:                      41        93.18 %  per conflict
c learned_lits:                191       100.00 %  learned literals
c minimized:                     0         0.00 %  learned literals
c shrunken:                     80        41.88 %  learned literals
c minishrunken:                  0         0.00 %  learned literals
c otfs:                          2         4.55 %  of conflict
c propagations:                710         1.89 M  per second
c subsumed:                      9         0.37 %  of all clauses
c strengthened:                  2         0.08 %  of all clauses
c ticks:                      7794        10.98    propagation
c 
c seconds are measured in process time for solving
c 
c --- [ glue usage ] ---------------------------------------------------------
c 
c focused glue 1 used 17 clauses 53.12% accumulated 53.12% tier1
c focused glue 2 used 12 clauses 37.50% accumulated 90.62% tier2
c 
c stable glue 2 used 0 clauses 0.000% accumulated 0.000% tier1
c stable glue 3 used 0 clauses 0.000% accumulated 0.000%
c stable glue 4 used 0 clauses 0.000% accumulated 0.000%
c stable glue 5 used 0 clauses 0.000% accumulated 0.000%
c stable glue 6 used 0 clauses 0.000% accumulated 0.000% tier2
c 
c 
c --- [ resources ] ----------------------------------------------------------
c 
c total process time since initialization:         0.00    seconds
c total real time since initialization:            0.00    seconds
c maximum resident set size of process:            2.58    MB
c 
c --- [ shutting down ] ------------------------------------------------------
c 
c exit 20
