graph: H(3,3)
vertices: 27
degree of every ambient vertex: 6
small-subset exhaustive enumeration
size checked qualifying_delta_ge_3 max_min_degree max_edges
1 27 0 0 0
2 351 0 1 1
3 2925 0 2 3
4 17550 0 2 4
5 80730 0 2 6
total subsets checked: 101583
qualifying subsets of sizes 1..5: 0
explicit partition class sizes: [9, 6, 6, 6]
explicit partition induced degree multisets:
  class 1: [4, 4, 4, 4, 4, 4, 4, 4, 4]
  class 2: [3, 3, 3, 3, 3, 3]
  class 3: [3, 3, 3, 3, 3, 3]
  class 4: [3, 3, 3, 3, 3, 3]
partition covers every vertex exactly once: yes
all four induced minimum degrees are at least 3: yes
RESULT: exact finite checks passed
