PASS opaque source/manifest and predecessor/reduction hashes
INDEPENDENCE current source and source manifest used only for SHA-256
PASS signed frame, Hermitian compression and Q^2 9/9
PASS fully conjugated raw gate, radical cancellation and deg_Z=4
OLD_X1_NO_GO_IDENTITY -(625*M**2*S**2*nu**2 + 750*M**2*S*nu + 625*M**2*Zfree + 1250*M*S**2*nu**2 + 600*M*S**2*nu + 1500*M*S*nu + 360*M*S + 1250*M*Zfree + 625*S**2*nu**2 + 600*S**2*nu + 144*S**2 + 750*S*nu + 360*S + 625*Zfree)/(625*(M + 1)**2)
PASS old x,y family has danger<0 for every S>0 and Z>=0 at X=1
OLD_X1_SCOPE chart-family no-go only; no raw-gate counterexample
CAP_LEGALITY x=[791/1000,397/500]
CAP_LEGALITY ZMIN=17798406223702873/15857127000000000000 ZLOWER_RIGHT=17995576623934873/15857127000000000000 ZUPPER=10967/2600000
CAP_LEGALITY TMAX=-1218219/40625 DANGER_BASE_LEFT=13993/2600000
PASS full cap-cell and X=1 x/y/Z/danger/det(C)/both-z/rank-two legality
CAP_STRUCTURE cleared=48 core=48 centered=2263
CAP_BIDEGREE (7,8)
SCOUT_CONTROL_COUNT 72
SCOUT_WEAKEST (7, 8)
SCOUT_RESERVE 79085602723906157917988882974367991904890648543683584180560419945180485170965315227/239735779200073728000000000000000000000000000000000000000000000000000000
SCOUT_WEAKEST_POLYNOMIAL (M + 1)**8*(6614917954313152468359375*M**4*nu**4 + 220520787027847874648437500000*M**4*nu**2*omega**2 + 4337578382383292985232222500000000*M**4*nu**2*omega + 21331019118106823789611716877411875000*M**4*nu**2 + 24501247947655273437500000000*M**4*omega**4 - 493112367827137147375000000000000*M**4*omega**3 - 7108395250300209060237806156250000000*M**4*omega**2 + 96496954624004585009642101505258000000000*M**4*omega + 938345378877194277675270561538256523449750000*M**4 + 26459671817252609873437500*M**3*nu**4 - 1587294550294705073250000*M**3*nu**3 + 882083148111391498593750000000*M**3*nu**2*omega**2 + 17349757827205288589754024375000000*M**3*nu**2*omega + 85318611111146004240437952349972500000*M**3*nu**2 + 5645040483959662500000000*M**3*nu*omega**2 + 170005564139925401058600000000*M**3*nu*omega + 970064798461743515322171065400000*M**3*nu + 98004991790621093750000000000*M**3*omega**4 - 1972511213718326991531250000000000*M**3*omega**3 - 28431731156170588275312479625000000000*M**3*omega**2 + 385987538676219644704336251963579500000000*M**3*omega + 3753141093958580862331040259736240977659000000*M**3 + 39689507725878914810156250*M**2*nu**4 - 4761883650884115219750000*M**2*nu**3 + 1323124722167087247890625000000*M**2*nu**2*omega**2 + 26023803187316107857868738125000000*M**2*nu**2*omega + 127969719801140259207793117085606010000*M**2*nu**2 + 16935121451878987500000000*M**2*nu*omega**2 + 576452908715671903429800000000*M**2*nu*omega + 3565463640930062515699334908200000*M**2*nu + 147007487685931640625000000000*M**2*omega**4 - 2958859434192158090343750000000000*M**2*omega**3 - 42644821737660092649664450056000000000*M**2*omega**2 + 578980883980156332774824891518344564000000*M**2*omega + 5629351059673525921909944041722951975184196000*M**2 + 26459671817252609873437500*M*nu**4 - 4761883650884115219750000*M*nu**3 + 882083148111391498593750000000*M*nu**2*omega**2 + 17348646422549521887404293125000000*M*nu**2*omega + 85307682741269800852719244630942020000*M*nu**2 + 16935121451878987500000000*M*nu*omega**2 + 642889125011567603683800000000*M*nu*omega + 4220775307350500901933930551323200*M*nu + 98004991790621093750000000000*M*omega**4 - 1972634698537883795593750000000000*M*omega**3 - 28428031008009256714342685862000000000*M*omega**2 + 385986970427462991004388022668918588000000*M*omega + 3752660352981699755486646574099589524401272000*M + 6614917954313152468359375*nu**4 - 1587294550294705073250000*nu**3 + 220520787027847874648437500000*nu**2*omega**2 + 4337022680055409634057356875000000*nu**2*omega + 21325554933168722095752363017896635000*nu**2 + 5645040483959662500000000*nu*omega**2 + 236441780435821101312600000000*nu*omega + 1625376464882181901556766708523200*nu + 24501247947655273437500000000*omega**4 - 493174110236915549406250000000000*omega**3 - 7106545176219543279752909274750000000*omega**2 + 96496670499521717924257281608895524000000*omega + 938105008389560284108751274455700942257260784)/2809403662500864000000000000000000
PASS all derived controls strict and unique literal-free reserve derivation
PASS X=497/500 parameter/cleared-gate/cleared-core splice 3/3
PASS 72 exact raw-gate diagnostics only; minimum=36457155190702462402700221603955168512137094494711328079/16726464040000000000000000000000000000000000 at (1/10000, 1, -1/1000, -1/100, -1/100)
ATTACK_SCOPE no numerical inference; no CE-046/048/059/060 route reuse
FORMAL_SCOPE one cap-shear cell and old-family chart no-go only
LITERAL_FREE_SCOUT PASS
