PASS frozen source/manifest/reduction/predecessor hashes
INDEPENDENCE candidate source bytes used only for SHA-256
PASS direct compression=reversed Gram and Q^2 9/9
PASS literal raw gate and exact deg_Z=4
INDEPENDENT_XSTAR 1019767/1040000
PASS positive reversible clearing and 32/32/1581
PASS bidegree (7,4), 40/40 strict, unique weakest=(7,0)
WEAKEST_RESERVE 336916849934297843831968152548875021542760484743285035401593929563252614799020866001627/1047953682726912000000000000000000000000000000000000000000000000000000000000
WEAKEST_POLYNOMIAL (M + 1)**8*(7402418944297977600000000000000*M**4*nu**4 + 246773620289888640000000000000000000*M**4*nu**2*omega**2 + 4883555034539796780629043840000000000000*M**4*nu**2*omega + 24162342666432768994967325681218033760000000*M**4*nu**2 + 27418103024000000000000000000000000*M**4*omega**4 - 528042937733290265312000000000000000000*M**4*omega**3 - 8051439242142783763656744286104000000000000*M**4*omega**2 + 102010444429117325264287551724592767448392000000*M**4*omega + 1023357316175560224154672028506206298476829703271119*M**4 + 29609675777191910400000000000000*M**3*nu**4 - 1776260768528683008000000000000*M**3*nu**3 + 987094481159554560000000000000000000*M**3*nu**2*omega**2 + 19533598279888574403053775360000000000000*M**3*nu**2*omega + 96643217372680798279398292477524935040000000*M**3*nu**2 + 6317078293094400000000000000000*M**3*nu*omega**2 + 191992651187847003882086400000000000*M**3*nu*omega + 1110442010002585072014692369312409600000*M**3*nu + 109672412096000000000000000000000000*M**3*omega**4 - 2112240843730224741248000000000000000000*M**3*omega**3 - 32203742668573682583895366264416000000000000*M**3*omega**2 + 408042136196851757070402398675645054433568000000*M**3*omega + 4093168650019379246001336758815334772771890549724476*M**3 + 44414513665787865600000000000000*M**2*nu**4 - 5328782305586049024000000000000*M**2*nu**3 + 1480641721739331840000000000000000000*M**2*nu**2*omega**2 + 29299464632426942525387063040000000000000*M**2*nu**2*omega + 144955597435831738948335354213500842560000000*M**2*nu**2 + 18951234879283200000000000000000*M**2*nu*omega**2 + 650323351268066327742259200000000000*M**2*nu*omega + 4069049593026047071766847654625228800000*M**2*nu + 164508618144000000000000000000000000*M**2*omega**4 - 3168464904790932631872000000000000000000*M**2*omega**3 - 48302592296545647985233690420624000000000000*M**2*omega**2 + 612063737333674056736325035043919859346352000000*M**2*omega + 6139362108172056441869284974329113872858662807850714*M**2 + 29609675777191910400000000000000*M*nu**4 - 5328782305586049024000000000000*M*nu**3 + 987094481159554560000000000000000000*M*nu**2*omega**2 + 19532354563347348964128975360000000000000*M*nu**2*omega + 96630913419352159038345133719299015040000000*M*nu**2 + 18951234879283200000000000000000*M*nu*omega**2 + 724668748972591643838259200000000000*M*nu*omega + 4806820627093169986021485156270028800000*M*nu + 109672412096000000000000000000000000*M*omega**4 - 2112379029324352101248000000000000000000*M*omega**3 - 32199713555941383273408259192416000000000000*M*omega**2 + 408042843793028171975519657723138665185568000000*M*omega + 4092647530989964151382206454761477713504177899612476*M + 7402418944297977600000000000000*nu**4 - 1776260768528683008000000000000*nu**3 + 246773620289888640000000000000000000*nu**2*omega**2 + 4882933176269184061166643840000000000000*nu**2*omega + 24156190689768449374440746302105073760000000*nu**2 + 6317078293094400000000000000000*nu*omega**2 + 266338048892372319978086400000000000*nu*omega + 1848213044069707986269329870957209600000*nu + 27418103024000000000000000000000000*omega**4 - 528112030530353945312000000000000000000*omega**3 - 8049424685826634108413190750104000000000000*omega**2 + 102010798227088547045309469630271092824392000000*omega + 1023096756661726581268537501974850509995970754215119)/3143861048180736000000000000000000000000
PASS parameter/cleared-gate/cleared-core splice at X=X*
Z_X_UPPER -1019767/520000
ZMIN 143889690210214873/15857127000000000000
ZUPPER 33258337711/1081600000000
TMAX -8425123367/286000000
ROOT_DANGER base=0 and D=-S*T>0 for every S>0
PASS complete constant-Z/root-danger/det(C)/both-z/rank-two legality
PASS 72/72 exact legal raw-gate nodes (diagnostic only)
NODE_MIN 155313096840209559057752282105489398389132669092182357844879/73116160000000000000000000000000000000000000000 AT (1/10000, 1019767/1040000, -1/1000, -1/100, -1/100)
ROUTE no CE-046/048 real-part/absorption, CE-059 allocation, CE-060 remainder
FORMAL PASS exact constant-Z cell only; full ball/common metric remain open
