PASS opaque source/manifest and predecessor/reduction hashes
INDEPENDENCE current source and source manifest used only for SHA-256
PASS signed frame, Hermitian compression and Q^2 9/9
PASS fully conjugated raw gate, radical cancellation and deg_Z=4
LEGALITY Z_X_UPPER=-99/50 ZMIN=17798406223702873/15857127000000000000 ZUPPER=31507/2600000
LEGALITY TMAX=-5332081/178750 DANGER_BASE_LEFT=9833/2600000
PASS complete Z/danger/det(C)/both-z/positive-scale/rank-two legality
X1_PREFLIGHT recentered_base=-20233/650000 sample_danger=-555866869/17875000000
X1_SCOPE chart illegality only; no raw-gate negative or maximality inference
PASS positive reversible clearing and 32/32/1581 bidegree (7,4)
SCOUT_WEAKEST (7, 0)
SCOUT_RESERVE 237983128275106868164816372024450404725835762778737426332055936856452553581744586321/719207337600221184000000000000000000000000000000000000000000000000000000
SCOUT_WEAKEST_POLYNOMIAL (M + 1)**8*(6614917954313152468359375*M**4*nu**4 + 220520787027847874648437500000*M**4*nu**2*omega**2 + 4363856946441205388382716437500000*M**4*nu**2*omega + 21590245149574346301803744148626475000*M**4*nu**2 + 24501247947655273437500000000*M**4*omega**4 - 485802909190889804353125000000000*M**4*omega**3 - 7196067074575463497265983308750000000*M**4*omega**2 + 95211899727138872315284694666504886000000*M**4*omega + 941216489057406778730670367162100236568079600*M**4 + 26459671817252609873437500*M**3*nu**4 - 1587294550294705073250000*M**3*nu**3 + 882083148111391498593750000000*M**3*nu**2*omega**2 + 17454872083436938202356000125000000*M**3*nu**2*omega + 86355482126592760468221496479503400000*M**3*nu**2 + 5645040483959662500000000*M**3*nu*omega**2 + 170762927622102425532780000000*M**3*nu*omega + 981366454519208374471620181416000*M**3*nu + 98004991790621093750000000000*M**3*omega**4 - 1943273379173337619443750000000000*M**3*omega**3 - 28782433194113493648025954110000000000*M**3*omega**2 + 380847575650020201096590744049966444000000*M**3*omega + 3764626251166236495817900940332653948995438400*M**3 + 39689507725878914810156250*M**2*nu**4 - 4761883650884115219750000*M**2*nu**3 + 1323124722167087247890625000000*M**2*nu**2*omega**2 + 26181474571663582276771701750000000*M**2*nu**2*omega + 129524976658675392817991585846911110000*M**2*nu**2 + 16935121451878987500000000*M**2*nu*omega**2 + 578724999162202976852340000000*M**2*nu*omega + 3603326010791292972987737641848000*M**2*nu + 147007487685931640625000000000*M**2*omega**4 - 2915002682374674032212500000000000*M**2*omega**3 - 43170896905837282145635810596000000000*M**2*omega**2 + 571271324318937153931332961909730383200000*M**2*omega + 5646579869814456247163862784250061434870377440*M**2 + 26459671817252609873437500*M*nu**4 - 4761883650884115219750000*M*nu**3 + 882083148111391498593750000000*M*nu**2*omega**2 + 17453760678781171500006268875000000*M*nu**2*omega + 86344487535869889438533658849817920000*M*nu**2 + 16935121451878987500000000*M*nu*omega**2 + 645161215458098677106340000000*M*nu*omega + 4262595078900567239062388670571200*M*nu + 98004991790621093750000000000*M*omega**4 - 1943396863992894423506250000000000*M*omega**3 - 28778762527635937336257692097000000000*M*omega**2 + 380847520596160113363211059837516938400000*M*omega + 3764146942361427349081129806528467979830182080*M + 6614917954313152468359375*nu**4 - 1587294550294705073250000*nu**3 + 220520787027847874648437500000*nu**2*omega**2 + 4363301244113322037207850812500000*nu**2*omega + 21584747854212910786959825333783735000*nu**2 + 5645040483959662500000000*nu*omega**2 + 237199143917998125786780000000*nu*omega + 1640635522628482640546271210139200*nu + 24501247947655273437500000000*omega**4 - 485864651600668206384375000000000*omega**3 - 7194231741336685341381852302250000000*omega**2 + 95211872200104288213184147311248113200000*omega + 940976834655800684880776639330039196218098224)/2809403662500864000000000000000000
PASS 40/40 strict and unique literal-free reserve derivation
PASS X=99/100 parameter/cleared-gate/cleared-core splice 3/3
PASS 72/72 exact nodes, diagnostics only; minimum=36568762360472768071025793763439324449881395811709605839/16726464040000000000000000000000000000000000 at (1/10000, 99/100, -1/1000, -1/100, -1/100)
ATTACK_SCOPE no numerical inference; no CE-046/048/059/060 route reuse
FORMAL_SCOPE one constant-Z cell only; no full ball/common metric/maximality
FORMAL_WEAKEST (7, 0)
FORMAL_RESERVE 237983128275106868164816372024450404725835762778737426332055936856452553581744586321/719207337600221184000000000000000000000000000000000000000000000000000000
FORMAL_WEAKEST_POLYNOMIAL_SHA256 7135ba124304e7fa5688e925f44f698b052919a1aab86af36073dabe15d68f7b
VERDICT PASS exact constant-Z [99/100,497/500] local cell
SCOPE no raw-negative/maximality/full-ball/common-metric conclusion
