PASS frozen source/manifest/reduction/predecessor hashes
INDEPENDENCE candidate source bytes used only for SHA-256
PASS direct compression=reversed Gram and Q^2 9/9
PASS literal raw gate and exact deg_Z=4
INDEPENDENT_XSTAR 1019767/1040000
PASS positive reversible clearing and 34/34/1659
LITERAL_FREE_RESERVE 74930996060450233534496330989817712955209239262450259704704694012020764601549216227/239735779200073728000000000000000000000000000000000000000000000000000000
PASS bidegree (7,4), 40/40 strict, unique weakest=(7,0)
WEAKEST_RESERVE 74930996060450233534496330989817712955209239262450259704704694012020764601549216227/239735779200073728000000000000000000000000000000000000000000000000000000
WEAKEST_POLYNOMIAL (M + 1)**8*(105838687269010439493750000*M**4*nu**4 + 3528332592445565994375000000000*M**4*nu**2*omega**2 + 69043278402566953077536336250000000*M**4*nu**2*omega + 337784081869719367607041988036169375000*M**4*nu**2 + 392019967162484375000000000000*M**4*omega**4 - 7593016718388231603687500000000000*M**4*omega**3 - 112580332107269404007886063843750000000*M**4*omega**2 + 1446320012969977716279396320037288812500000*M**4*omega + 14224838731070729902960505292240210023216234375*M**4 + 423354749076041757975000000*M**3*nu**4 - 25396712804715281172000000*M**3*nu**3 + 14113330369782263977500000000000*M**3*nu**2*omega**2 + 276164222373021678691347495000000000*M**3*nu**2*omega + 1351049332731488079454831440401527500000*M**3*nu**2 + 90320647743354600000000000*M**3*nu*omega**2 + 2732600073051307684882800000000*M**3*nu*omega + 15675240063215618152337764722600000*M**3*nu + 1568079868649937500000000000000*M**3*omega**4 - 30373054752109380847250000000000000*M**3*omega**3 - 450292528907481153349960807875000000000*M**3*omega**2 + 5785281975869605862344800124109557750000000*M**3*omega + 56895691355932642150293332204108751883447437500*M**3 + 635032123614062636962500000*M**2*nu**4 - 76190138414145843516000000*M**2*nu**3 + 21169995554673395966250000000000*M**2*nu**2*omega**2 + 414232996703663317608824467500000000*M**2*nu**2*omega + 2026443525797639060308635373790122410000*M**2*nu**2 + 270961943230063800000000000*M**2*nu*omega**2 + 9260779679888254258712400000000*M**2*nu*omega + 57455831880257095348461770743800000*M**2*nu + 2352119802974906250000000000000*M**2*omega**4 - 45561063945998752919625000000000000*M**2*omega**3 - 675395590414020350965027610458500000000*M**2*omega**2 + 8677925782821334617366226512232262247000000*M**2*omega + 85338042464906672910539304313984901201603330250*M**2 + 423354749076041757975000000*M*nu**4 - 76190138414145843516000000*M*nu**3 + 14113330369782263977500000000000*M*nu**2*omega**2 + 276146439898529411453751795000000000*M*nu**2*omega + 1350875380879691352680944378520339820000*M*nu**2 + 270961943230063800000000000*M*nu*omega**2 + 10323759140622585462776400000000*M*nu*omega + 67886622304877038903938630217771200*M*nu + 1568079868649937500000000000000*M*omega**4 - 30375030509222289712250000000000000*M*omega**3 - 450234922534674857911717052667000000000*M*omega**2 + 5785285689910417225282495364315981854000000*M*omega + 56888365786323374913281013969627302458107525500*M + 105838687269010439493750000*nu**4 - 25396712804715281172000000*nu**3 + 3528332592445565994375000000000*nu**2*omega**2 + 69034387165320819458738486250000000*nu**2*omega + 337697105943821004220098457095575535000*nu**2 + 90320647743354600000000000*nu*omega**2 + 3795579533785638888946800000000*nu*omega + 26106030487835561707814624196571200*nu + 392019967162484375000000000000*omega**4 - 7594004596944686036187500000000000*omega**3 - 112551528920866256288764186239750000000*omega**2 + 1446321869988710753981672656155988544500000*omega + 14221175946278612104095001269608206138030354919)/44950458600013824000000000000000000
PASS parameter/cleared-gate/cleared-core splice at X=39/40
Z_X_LOWER 5002423/143000000
ZMIN 436351086639634873/15857127000000000000
ZUPPER 33258337711/1081600000000
TMAX -4181417/143000
ROOT_DANGER base=0 and D=-S*T>0 for every S>0
PASS complete Z/root-danger/det(C)/both-z/rank-two legality
PASS 72/72 exact legal raw-gate nodes (diagnostic only)
NODE_MIN 34541950205695197666083380975592604141131925115028065079/16726464040000000000000000000000000000000000 AT (1/10000, 39/40, -1/1000, -1/100, -1/100)
ROUTE no CE-046/048 real-part/absorption, CE-059 allocation, CE-060 remainder
SCOUT PASS literal-free reserve/root/splice; local chart only
