PASS opaque source/note/manifest and predecessor/reduction hashes
INDEPENDENCE candidate and source note never parsed/imported/executed
PASS original frame/compression and Q^2 9/9
PASS fully conjugated raw gate and radical elimination
PASS danger>=19371/40000, det(C), both-z and rank-two legality
STRIP_COEFFICIENT_0 5
STRIP_CERTIFICATE_0 order=0 degrees=(0,0) controls=(((0, 0), 5),)
STRIP_COEFFICIENT_1 5*S*(64*y**2 - 384*y + 17)/96
STRIP_CERTIFICATE_1 order=1 degrees=(0,2) controls=(((0, 0), 4343/4000), ((0, 1), 10621/12000), ((0, 2), 2743/4000))
STRIP_COEFFICIENT_2 -5*S*(1658880*S*y**4 - 221184*S*y**3 - 1533312*S*y**2 + 383616*S*y - 913707*S - 389120*y**4 + 712704*y**3 - 1589120*y**2 + 1295232*y - 818591)/331776
STRIP_CERTIFICATE_2 order=1 degrees=(1,4) controls=(((0, 0), 7219643651/576000000), ((0, 1), 21486114577/1728000000), ((0, 2), 191844851537/15552000000), ((0, 3), 21148833137/1728000000), ((0, 4), 6994764611/576000000), ((1, 0), 7592878481/288000000), ((1, 1), 22665260507/864000000), ((1, 2), 202991473387/7776000000), ((1, 3), 22446666907/864000000), ((1, 4), 7447140881/288000000))
STRIP_COEFFICIENT_3 5*S*(21233664*S**2*y**2 - 130056192*S**2*y + 2654208*S**2 + 23592960*S*y**4 - 169869312*S*y**3 + 202162176*S*y**2 - 168099840*S*y + 8572032*S + 6553600*y**6 - 55050240*y**5 + 120827904*y**4 - 170803200*y**3 + 126945984*y**2 - 60064896*y + 4083977)/31850496
STRIP_CERTIFICATE_3 order=1 degrees=(2,6) controls=(((0, 0), 566345073229/768000000000), ((0, 1), 4870486942669/6912000000000), ((0, 2), 41829226309469/62208000000000), ((0, 3), 39857796112981/62208000000000), ((0, 4), 37919418473629/62208000000000), ((0, 5), 4001492506189/6912000000000), ((0, 6), 140490493103/256000000000), ((1, 0), 3556930315687/2304000000000), ((1, 1), 30398303700007/20736000000000), ((1, 2), 86414104544669/62208000000000), ((1, 3), 81693678943381/62208000000000), ((1, 4), 77032628484829/62208000000000), ((1, 5), 24143320390567/20736000000000), ((1, 6), 2514248093927/2304000000000), ((2, 0), 6845993411687/2304000000000), ((2, 1), 57649850572007/20736000000000), ((2, 2), 161151200379869/62208000000000), ((2, 3), 149445414573781/62208000000000), ((2, 4), 137830856096029/62208000000000), ((2, 5), 42102067262567/20736000000000), ((2, 6), 4254449749927/2304000000000))
STRIP_COEFFICIENT_4 -S*(33973862400*S**3*y**4 - 81537269760*S**3*y**3 + 27901034496*S**3*y**2 + 25225592832*S**3*y - 987426091008*S**3 + 37748736000*S**2*y**6 - 135895449600*S**2*y**5 - 15406202880*S**2*y**4 + 363123965952*S**2*y**3 - 2644138008576*S**2*y**2 + 2864550887424*S**2*y - 2214366284160*S**2 + 10485760000*S*y**8 - 50331648000*S*y**7 - 115317145600*S*y**6 + 668813230080*S*y**5 - 2858416840704*S*y**4 + 5133286342656*S*y**3 - 6327437108992*S*y**2 + 4153148465664*S*y - 1677691247279*S - 62914560000*y**8 + 301989888000*y**7 - 1091724902400*y**6 + 2408180613120*y**5 - 3831561732096*y**4 + 4146688622592*y**3 - 3191842057728*y**2 + 1526572385280*y - 423511736838)/110075314176
STRIP_CERTIFICATE_4 order=1 degrees=(3,8) controls=(((0, 0), 220580969360213681/55296000000000000), ((0, 1), 8095631279000107/2048000000000000), ((0, 2), 13646236905822019183/3483648000000000000), ((0, 3), 40569857756486012581/10450944000000000000), ((0, 4), 120616170111023189767/31352832000000000000), ((0, 5), 5692178700972528563/1492992000000000000), ((0, 6), 13163128181682024943/3483648000000000000), ((0, 7), 207077967985825609/55296000000000000), ((0, 8), 205239422872780721/55296000000000000), ((1, 0), 9154258077776038577/995328000000000000), ((1, 1), 27258052040449633339/2985984000000000000), ((1, 2), 568164520047566320111/62705664000000000000), ((1, 3), 1691862143989480399877/188116992000000000000), ((1, 4), 5038084715414551820039/564350976000000000000), ((1, 5), 1666990404250849404997/188116992000000000000), ((1, 6), 551582406892081458031/62705664000000000000), ((1, 7), 26073501886695432059/2985984000000000000), ((1, 8), 8627720713068558257/995328000000000000), ((2, 0), 1318717360450983431/62208000000000000), ((2, 1), 1311062041989486139/62208000000000000), ((2, 2), 11731279995632199919/559872000000000000), ((2, 3), 34990846022158067833/1679616000000000000), ((2, 4), 730583199678682070017/35271936000000000000), ((2, 5), 242132195090435382191/11757312000000000000), ((2, 6), 80249730372772245193/3919104000000000000), ((2, 7), 1266553471244688859/62208000000000000), ((2, 8), 1259366804522030471/62208000000000000), ((3, 0), 3249128033843395681/66355200000000000), ((3, 1), 9707529939583950667/199065600000000000), ((3, 2), 67675977693793879061/1393459200000000000), ((3, 3), 606613277531475854581/12541132800000000000), ((3, 4), 258926855492523829681/5374771200000000000), ((3, 5), 601731798613984581941/12541132800000000000), ((3, 6), 66591170019950840981/1393459200000000000), ((3, 7), 9475058801342898827/199065600000000000), ((3, 8), 3145799842331322721/66355200000000000))
TOTAL_STRIP_CONTROL_COUNT 71
PASS all independently derived strip controls strictly positive
PASS 36*Gamma>0 for every |y|<=1/100, 0<S<=1, lambda>0
PASS 27 exact diagnostics only; minimum=6480000000904470954193509231569982095853980231/1296000000000000000000000000000000000000000000 at (1/1000000, 1/100, 1/1000)
SCOPE no numerical inference and no CE-046/048/059/060 reuse
LITERAL_FREE_SCOUT PASS
