PASS opaque source/note/manifest and coverage/reduction hashes
INDEPENDENCE candidate and source note never parsed/imported/executed
PASS original frame/compression and Q^2 9/9
PASS fully conjugated raw gate and radical elimination
PASS strict danger/det(C)/both-z/rank-two legality for every 0<S<=1
LAMBDA_COEFFICIENT_0 5
S_CERTIFICATE_0 order=0 degree=0 bernstein=(5,)
LAMBDA_COEFFICIENT_1 85*S/96
S_CERTIFICATE_1 order=1 degree=0 bernstein=(85/96,)
LAMBDA_COEFFICIENT_2 215*S*(21249*S + 19037)/331776
S_CERTIFICATE_2 order=1 degree=1 bernstein=(4092955/331776, 4330745/165888)
LAMBDA_COEFFICIENT_3 5*S*(2654208*S**2 + 8572032*S + 4083977)/31850496
S_CERTIFICATE_3 order=1 degree=2 bernstein=(20419885/31850496, 41849965/31850496, 76551085/31850496)
LAMBDA_COEFFICIENT_4 S*(987426091008*S**3 + 2214366284160*S**2 + 1677691247279*S + 423511736838)/110075314176
S_CERTIFICATE_4 order=1 degree=3 bernstein=(70585289473/18345885696, 2948226457793/330225942528, 427517749327/20639121408, 5302995359285/110075314176)
PASS all five lambda coefficients strictly positive for 0<S<=1
PASS 36*Gamma>0 for every lambda>0 on the fixed ray
PASS 9 exact diagnostics only; minimum=33592320006031526764440574185198142121068487/6718464000000000000000000000000000000000000 at (1/1000000, 1/1000)
SCOPE no numerical inference and no CE-046/048/059/060 reuse
LITERAL_FREE_SCOUT PASS
