c ---- [ banner ] ------------------------------------------------------------
c
c Kissat SAT Solver
c 
c Copyright (c) 2021-2024 Armin Biere University of Freiburg
c Copyright (c) 2019-2021 Armin Biere Johannes Kepler University Linz
c 
c Version 4.0.4 unknown
c Apple clang version 17.0.0 (clang-1700.3.19.1) -W -Wall -O3 -DNDEBUG
c Thu Oct 16 20:09:41 UTC 2025 Darwin Tahoe-arm64.local 25.0.0 arm64
c
c ---- [ parsing ] -----------------------------------------------------------
c
c opened and reading DIMACS file:
c
c   evidence/quotient_scaling14.cnf
c
c parsed 'p cnf 174 133078' header
c closing input after reading 4721768 bytes (5 MB)
c finished parsing after 0.04 seconds
c
c ---- [ options ] -----------------------------------------------------------
c
c --restartint=50                  (different from default '1')
c --target=2                       (different from default '1')
c
c ---- [ solving ] -----------------------------------------------------------
c
c seconds switched rate     size/glue tier1 binary        remaining
c        MB reductions conflicts size  tier2   irredundant
c         level restarts redundant glue  trail        variables
c
c *  0.04 23 0 0 0  0 0   0   0 0.0 0 0 0 0 0% 174 132904 174 100%
c (  0.05 36 0 0 0  0 0   0   0 0.0 0 0 0 0 0% 174 132904 174 100%
c .  0.05 36 0 0 0  0 0   0   0 0.0 0 0 0 0 0% 174 132904 174 100%
c f  0.07 45 0 0 0  0 0   0   0 0.0 0 0 0 0 0% 186 132880 180 103%
c )  0.07 45 0 0 0  0 0   0   0 0.0 0 0 0 0 0% 186 132880 180 103%
c {  0.08 51 0 0 0  0 0   0   0 0.0 0 0 2 6 0% 186 132880 180 103%
c -  0.14 57 21 0 1  1 1 1000 574 1.5 17 12 9 16 55% 186 132880 180 103%
c }  0.14 57 21 1 1  1 1 1000 574 1.5 17 12 9 16 55% 186 132880 180 103%
c [  0.14 57 0 1 1  1 0 1000 574 0.0 0 0 2 6 0% 186 132880 180 103%
c B  0.14 57 37 1 1  1 7 1003 575 1.2 19 16 2 6 60% 186 132880 180 103%
c -  0.19 57 24 1 2  1 1 2000 1321 1.4 22 16 12 20 51% 186 132880 180 103%
c W  0.21 59 24 1 2  1 1 2004 1325 1.4 22 16 12 20 51% 186 132880 180 103%
c ]  0.22 59 24 2 2  2 1 2137 1418 1.4 21 16 12 20 51% 186 132880 180 103%
c {  0.22 59 21 2 2  2 1 2137 1418 1.5 17 12 9 16 55% 186 132880 180 103%
c u  0.26 59 20 2 2  3 1 2507 1707 1.5 17 11 9 16 54% 186 132880 180 103%
c v  0.27 63 20 2 2  3 1 2507 1707 1.5 17 11 9 16 54% 186 132880 180 103%
c w  0.27 65 20 2 2  3 1 2507 1707 1.5 17 11 9 16 54% 186 132880 180 103%
c x  0.28 65 20 2 2  3 1 2507 1707 1.5 17 11 9 16 54% 186 132880 180 103%
c }  0.34 71 18 3 2  5 1 3138 2241 1.5 17 11 9 16 53% 186 132880 180 103%
c [  0.34 71 24 3 2  5 1 3138 2241 1.4 21 16 12 20 51% 186 132880 180 103%
c
c seconds  switched rate       size/glue  tier1     binary        remaining
c        MB reductions conflicts     size    tier2     irredundant
c         level restarts  redundant     glue     trail        variables
c
c -  0.35 73 22 3 3  5 1 3415 2304 1.4 20 14 10 20 50% 186 132880 180 103%
c I  0.39 73 20 3 3  6 1 4263 3052 1.5 20 14 10 20 51% 186 132880 180 103%
c ]  0.42 74 20 4 3  6 1 4645 3389 1.5 20 14 10 19 51% 186 132880 180 103%
c {  0.42 74 18 4 3  6 1 4645 3389 1.5 17 11 9 16 53% 186 132880 180 103%
c -  0.46 79 18 4 4  9 1 5147 3377 1.6 18 11 9 15 53% 186 132880 180 103%
c }  0.64 104 18 5 4 22 1 6998 4882 1.7 19 11 9 15 53% 186 132880 180 103%
c [  0.64 104 20 5 4 22 1 6998 4882 1.5 20 14 10 19 51% 186 132880 180 103%
c -  0.66 104 21 5 5 22 1 7148 4388 1.5 20 14 11 18 51% 186 132880 180 103%
c u  0.73 111 20 5 5 22 1 7722 4884 1.5 21 13 11 18 53% 186 132880 180 103%
c v  0.74 111 20 5 5 22 1 7722 4882 1.5 21 13 11 18 53% 186 132880 180 103%
c w  0.75 111 20 5 5 22 1 7722 4882 1.5 21 13 11 18 53% 186 132880 180 103%
c x  0.76 116 20 5 5 22 1 7722 4882 1.5 21 13 11 18 53% 186 132877 180 103%
c B  0.81 121 21 5 5 22 1 8035 5103 1.5 20 14 11 18 52% 186 132877 180 103%
c -  0.89 129 20 5 6 24 1 9384 5252 1.5 20 14 11 18 50% 186 132877 180 103%
c ]  0.97 129 20 6 6 24 1 11116 6617 1.4 20 14 11 18 50% 186 132877 180 103%
c {  0.97 129 18 6 6 24 1 11116 6617 1.7 19 11 9 15 53% 186 132877 180 103%
c o  0.98 129 18 6 6 27 1 11266 6729 1.7 19 11 9 15 52% 186 132877 180 103%
c -  1.07 144 18 6 7 27 1 11833 6210 1.7 19 11 9 15 52% 186 132877 180 103%
c s  1.21 159 18 6 7 30 1 12534 6769 1.7 19 11 9 15 52% 186 130975 180 103%
c ^  1.27 168 18 6 7 30 1 12534 6769 1.7 19 11 9 15 52% 186 130975 180 103%
c
c seconds   switched rate        size/glue  tier1    binary        remaining
c         MB reductions conflicts      size   tier2     irredundant
c          level restarts   redundant     glue    trail        variables
c
c -  1.50 207 18 6 8 39 1 14478 7215 1.7 19 11 9 14 53% 186 130975 180 103%
c }  1.57 214 17 7 8 39 1 15187 7798 1.8 19 11 9 14 53% 186 130975 180 103%
c [  1.57 214 20 7 8 39 1 15187 7798 1.4 20 14 11 18 50% 186 130975 180 103%
c W  1.59 215 20 7 8 39 1 15187 7798 1.4 20 14 11 18 50% 186 130975 180 103%
c u  1.65 220 20 7 8 39 1 15820 8312 1.4 20 14 11 18 50% 186 130975 180 103%
c v  1.67 223 20 7 8 39 1 15820 8311 1.4 20 14 11 18 50% 186 130975 180 103%
c w  1.68 223 20 7 8 39 1 15820 8310 1.4 20 14 11 18 50% 186 130975 180 103%
c x  1.69 224 20 7 8 39 1 15820 8309 1.4 20 14 11 18 50% 186 130970 180 103%
c -  1.77 230 19 7 9 41 1 17307 8147 1.4 20 14 11 18 50% 186 130970 180 103%
c -  1.86 232 19 7 10 42 1 20307 9323 1.4 20 14 11 17 50% 186 130970 180 103%
c O  1.97 232 19 7 10 44 1 22715 11354 1.4 20 14 11 17 50% 186 130970 180 103%
c o  1.97 232 19 7 10 44 1 22715 11354 1.4 20 14 11 17 50% 186 130970 180 103%
c -  2.01 240 19 7 11 44 1 23471 10539 1.4 20 14 11 17 50% 186 130970 180 103%
c ]  2.06 240 18 8 11 45 1 24897 11794 1.4 20 14 11 17 51% 186 130970 180 103%
c {  2.06 240 17 8 11 45 1 24897 11794 1.8 19 11 9 14 53% 186 130970 180 103%
c s  2.11 240 17 8 11 48 1 25065 11930 1.7 19 11 9 14 53% 186 130709 180 103%
c e  2.12 249 17 8 11 48 1 25065 11930 1.7 19 11 9 14 53% 182 130715 178 102%
c s  2.17 249 17 8 11 48 1 25065 11930 1.7 19 11 9 14 53% 182 130707 178 102%
c ^  2.17 249 17 8 11 48 1 25065 11930 1.7 19 11 9 14 53% 182 130707 178 102%
c -  2.35 279 17 8 12 59 1 26787 11519 1.7 18 11 9 14 53% 182 130707 178 102%
c
c seconds   switched  rate         size/glue  tier1    binary        remaining
c         MB  reductions conflicts       size   tier2     irredundant
c          level  restarts    redundant     glue    trail        variables
c
c u  2.40 282 17 8 12 59 1 26976 11681 1.7 18 11 9 14 53% 182 130707 178 102%
c v  2.42 283 17 8 12 59 1 26976 11680 1.7 18 11 9 14 53% 182 130707 178 102%
c w  2.43 283 17 8 12 59 1 26976 11680 1.7 18 11 9 14 53% 182 130707 178 102%
c x  2.45 283 17 8 12 59 1 26976 11680 1.7 18 11 9 14 53% 182 130706 178 102%
c -  2.82 282 17 8 13 80 1 30251 12586 1.7 18 11 9 14 52% 182 130706 178 102%
c }  2.88 283 17 9 13 81 1 31056 13228 1.7 18 11 9 14 52% 182 130706 178 102%
c [  2.88 283 18 9 13 81 1 31056 13228 1.4 20 14 11 17 51% 182 130706 178 102%
c B  2.97 282 18 9 13 82 1 32477 14361 1.4 19 13 11 17 51% 182 130706 178 102%
c -  3.05 281 19 9 14 83 1 33856 13343 1.4 20 14 10 17 51% 182 130706 178 102%
c -  3.26 282 19 9 15 86 1 37597 14091 1.4 20 14 10 17 52% 182 130706 178 102%
c ]  3.38 280 19 10 15 87 1 39922 16084 1.4 20 14 10 17 52% 182 130706 178 102%
c {  3.38 280 17 10 15 87 1 39922 16084 1.7 18 11 9 14 52% 182 130706 178 102%
c u  3.59 278 17 10 15 102 1 41337 17226 1.7 18 11 9 14 52% 182 130706 178 102%
c v  3.63 280 17 10 15 102 1 41337 17223 1.7 18 11 9 14 52% 182 130706 178 102%
c w  3.64 280 17 10 15 102 1 41337 17222 1.7 18 11 9 14 52% 182 130706 178 102%
c x  3.67 280 17 10 15 102 1 41337 17220 1.7 18 11 9 14 52% 182 130670 178 102%
c -  3.71 281 17 10 16 103 1 41470 15118 1.7 18 11 9 14 52% 182 130670 178 102%
c o  3.88 285 17 10 16 122 1 42716 16184 1.6 18 11 9 14 52% 182 130670 178 102%
c -  4.18 286 17 10 17 135 1 45470 16560 1.6 18 11 9 14 52% 182 130670 178 102%
c }  4.58 286 17 11 17 151 1 48549 19158 1.6 18 11 9 14 52% 182 130670 178 102%
c
c seconds    switched   rate         size/glue  tier1     binary        remaining
c         MB   reductions conflicts        size    tier2     irredundant
c          level   restarts     redundant     glue     trail        variables
c
c [  4.58 286 19 11 17 151 1 48549 19158 1.4 20 14 10 17 52% 182 130670 178 102%
c W  4.61 285 19 11 17 151 1 48549 19158 1.4 20 14 10 17 52% 182 130670 178 102%
c -  4.72 289 19 11 18 151 1 49595 17961 1.4 20 14 10 17 52% 182 130670 178 102%
c s  5.01 289 19 11 18 153 1 52232 20222 1.4 20 14 10 17 52% 182 128352 178 102%
c e  5.01 294 19 11 18 153 1 52232 20222 1.4 20 14 10 17 52% 178 128360 176 101%
c s  5.12 294 19 11 18 153 1 52232 20222 1.4 20 14 10 17 52% 178 128309 176 101%
c ^  5.12 294 19 11 18 153 1 52232 20222 1.4 20 14 10 17 52% 178 128309 176 101%
c -  5.21 290 19 11 19 155 1 53837 19092 1.4 20 14 10 17 52% 178 128309 176 101%
c -  5.48 290 19 11 20 157 1 58195 20266 1.4 20 14 10 17 52% 178 128309 176 101%
c u  5.61 293 19 11 20 157 1 59009 20920 1.4 20 14 10 17 52% 178 128309 176 101%
c v  5.66 295 19 11 20 157 1 59009 20914 1.4 20 14 10 17 52% 178 128309 176 101%
c w  5.68 295 19 11 20 157 1 59009 20912 1.4 20 14 10 17 52% 178 128309 176 101%
c x  5.72 295 19 11 20 157 1 59009 20907 1.4 20 14 10 17 52% 178 127854 176 101%
c ]  5.93 290 19 12 20 158 1 61793 23195 1.4 20 14 10 17 52% 178 127854 176 101%
c {  5.93 290 17 12 20 158 1 61793 23195 1.6 18 11 9 14 52% 178 127854 176 101%
c -  6.08 291 17 12 21 169 1 62667 21373 1.6 18 11 9 14 52% 178 127854 176 101%
c -  6.51 291 17 12 22 185 1 67250 22842 1.6 18 11 9 14 52% 178 127854 176 101%
c -  6.94 289 16 12 23 197 1 71940 24186 1.6 18 11 9 14 52% 178 127854 176 101%
c o  7.08 290 16 12 23 207 1 73038 25166 1.6 18 11 9 14 52% 178 127854 176 101%
c }  7.10 289 16 13 23 208 1 73272 25375 1.6 18 11 9 14 52% 178 127854 176 101%
c
c seconds    switched   rate         size/glue  tier1     binary        remaining
c         MB   reductions conflicts        size    tier2     irredundant
c          level   restarts     redundant     glue     trail        variables
c
c [  7.10 289 19 13 23 208 1 73272 25375 1.4 20 14 10 17 52% 178 127854 176 101%
c I  7.10 289 19 13 23 208 1 73272 25375 1.4 20 14 10 17 52% 178 127854 176 101%
c -  7.36 290 19 13 24 210 1 76735 25590 1.4 20 14 10 17 52% 178 127854 176 101%
c u  7.65 293 19 13 24 213 1 80104 28363 1.4 20 14 10 17 52% 178 127854 176 101%
c v  7.72 295 19 13 24 213 1 80104 28362 1.4 20 14 10 17 52% 178 127854 176 101%
c w  7.75 295 19 13 24 213 1 80104 28357 1.4 20 14 10 17 52% 178 127854 176 101%
c x  7.80 295 19 13 24 213 1 80104 28357 1.4 20 14 10 17 52% 178 127847 176 101%
c -  7.95 292 19 13 25 213 1 81633 26411 1.4 20 14 10 17 52% 178 127847 176 101%
c -  8.23 290 20 13 26 215 1 86634 26854 1.4 21 14 10 17 52% 178 127847 176 101%
c ]  8.40 290 20 14 26 217 1 89892 29734 1.4 21 14 10 17 52% 178 127847 176 101%
c {  8.40 290 16 14 26 217 1 89892 29734 1.6 18 11 9 14 52% 178 127847 176 101%
c -  8.63 289 17 14 27 231 1 91734 28114 1.6 18 11 9 14 52% 178 127847 176 101%
c s  9.27 291 17 14 27 256 1 95976 31651 1.6 18 11 9 14 52% 178 127026 176 101%
c e  9.28 294 17 14 27 256 1 95976 31651 1.6 18 11 9 14 52% 174 127036 174 100%
c s  9.44 294 17 14 27 256 1 95976 31651 1.6 18 11 9 14 52% 174 126979 174 100%
c ^  9.44 294 17 14 27 256 1 95976 31651 1.6 18 11 9 14 52% 174 126979 174 100%
c -  9.56 292 17 14 28 259 1 96930 29531 1.6 18 11 9 14 52% 174 126979 174 100%
c - 10.21 290 17 14 29 308 1 102222 31068 1.6 18 11 9 14 52% 174 126979 174 100%
c } 10.54 292 17 15 29 331 1 104607 33136 1.6 18 11 9 14 52% 174 126979 174 100%
c [ 10.54 292 20 15 29 331 1 104607 33136 1.4 21 14 10 17 52% 174 126979 174 100%
c
c seconds    switched   rate          size/glue  tier1     binary        remaining
c         MB   reductions conflicts         size    tier2     irredundant
c          level   restarts      redundant     glue     trail        variables
c
c B 10.54 292 20 15 29 331 1 104607 33136 1.4 21 14 10 17 52% 174 126979 174 100%
c u 10.64 294 20 15 29 331 1 104756 33242 1.4 21 14 10 17 52% 174 126979 174 100%
c v 10.74 294 20 15 29 331 1 104756 33178 1.4 21 14 10 17 52% 174 126979 174 100%
c w 10.77 294 20 15 29 331 1 104756 33163 1.4 21 14 10 17 52% 174 126979 174 100%
c x 10.83 295 20 15 29 331 1 104756 33161 1.4 21 14 10 17 52% 174 126837 174 100%
c - 11.00 292 20 15 30 333 1 107610 32599 1.4 20 14 10 17 51% 174 126837 174 100%
c - 11.35 291 20 15 31 337 1 113088 34209 1.4 20 14 10 17 51% 174 126837 174 100%
c - 11.70 290 19 15 32 339 1 118655 35650 1.4 20 14 10 17 51% 174 126837 174 100%
c - 12.11 292 19 15 33 343 1 124311 36954 1.4 20 14 10 17 51% 174 126837 174 100%
c W 12.19 291 19 15 33 343 1 125518 37990 1.4 20 14 10 17 51% 174 126837 174 100%
c o 12.19 291 19 15 33 343 1 125518 37990 1.4 20 14 10 17 51% 174 126837 174 100%
c ] 12.51 292 19 16 33 344 1 129353 41262 1.4 20 14 10 17 51% 174 126837 174 100%
c { 12.51 292 17 16 33 344 1 129353 41262 1.6 18 11 9 14 52% 174 126837 174 100%
c - 12.61 291 17 16 34 357 1 130056 37436 1.6 18 11 9 14 52% 174 126837 174 100%
c u 13.02 289 17 16 34 369 1 133036 39864 1.6 18 11 9 14 52% 174 126837 174 100%
c v 13.09 290 17 16 34 369 1 133036 39808 1.6 18 11 9 14 52% 174 126837 174 100%
c w 13.12 290 17 16 34 369 1 133036 39808 1.6 18 11 9 14 52% 174 126837 174 100%
c x 13.19 291 17 16 34 369 1 133036 39802 1.6 18 11 9 14 52% 174 126768 174 100%
c - 13.68 296 17 16 35 371 1 135886 33321 1.6 18 11 8 14 52% 174 126768 174 100%
c - 14.26 296 16 16 36 395 1 141802 32955 1.6 18 11 8 14 52% 174 126768 174 100%
c
c seconds    switched   rate          size/glue  tier1    binary        remaining
c         MB   reductions conflicts         size   tier2     irredundant
c          level   restarts      redundant     glue    trail        variables
c
c } 14.92 294 16 17 36 419 1 147690 37995 1.6 18 11 8 14 52% 174 126768 174 100%
c [ 14.92 294 19 17 36 419 1 147690 37995 1.4 20 14 10 17 51% 174 126768 174 100%
c - 14.95 295 19 17 37 419 1 147802 34124 1.4 20 14 10 17 51% 174 126768 174 100%
c O 15.09 295 19 17 37 420 1 149745 35699 1.4 20 14 10 17 51% 174 126768 174 100%
c - 15.34 294 19 17 38 423 1 153884 35455 1.4 20 14 10 17 51% 174 126768 174 100%
c s 15.80 295 19 17 38 425 1 158123 39089 1.4 20 14 10 17 51% 174 124917 174 100%
c ^ 16.04 298 19 17 38 425 1 158123 39089 1.4 20 14 10 17 51% 174 124917 174 100%
c - 16.18 295 19 17 39 425 1 160049 36288 1.4 20 14 9 16 51% 174 124917 174 100%
c u 16.76 299 18 17 39 429 1 165048 40348 1.4 20 14 9 16 52% 174 124917 174 100%
c v 16.85 299 18 17 39 429 1 165048 40341 1.4 20 14 9 16 52% 174 124917 174 100%
c w 16.88 299 18 17 39 429 1 165048 40336 1.4 20 14 9 16 52% 174 124917 174 100%
c x 16.95 300 18 17 39 429 1 165048 40336 1.4 20 14 9 16 52% 174 124885 174 100%
c - 17.08 296 18 17 40 430 1 166293 36942 1.4 20 14 9 16 52% 174 124885 174 100%
c ] 17.39 292 18 18 40 432 1 169711 39797 1.4 19 14 9 16 52% 174 124885 174 100%
c { 17.39 292 16 18 40 432 1 169711 39797 1.6 18 11 8 14 52% 174 124885 174 100%
c - 17.74 175 16 18 41 435 1 172618 37935 1.6 18 11 8 13 52% 174 124885 174 100%
c o 18.14 176 16 18 41 446 1 176055 40941 1.6 18 11 8 13 52% 174 124885 174 100%
c - 18.50 174 16 18 42 454 1 179023 39450 1.6 18 11 8 13 52% 174 124885 174 100%
c - 19.30 176 15 18 43 459 1 185504 40612 1.6 18 11 8 13 52% 174 124885 174 100%
c } 20.17 174 15 19 43 462 1 192056 46240 1.7 18 11 8 13 53% 174 124885 174 100%
c
c seconds    switched   rate          size/glue  tier1    binary        remaining
c         MB   reductions conflicts         size   tier2     irredundant
c          level   restarts      redundant     glue    trail        variables
c
c [ 20.17 174 18 19 43 462 1 192056 46240 1.4 19 14 9 16 52% 174 124885 174 100%
c B 20.17 174 18 19 43 462 1 192056 46240 1.4 19 14 9 16 52% 174 124885 174 100%
c - 20.18 175 18 19 44 462 1 192061 41686 1.4 19 14 9 16 52% 174 124885 174 100%
c - 20.73 174 18 19 45 467 1 198695 42303 1.4 20 14 9 16 52% 174 124885 174 100%
c u 21.02 180 18 19 45 468 1 200884 44171 1.4 20 14 9 16 52% 174 124885 174 100%
c v 21.15 181 18 19 45 468 1 200884 44159 1.4 20 14 9 16 52% 174 124885 174 100%
c w 21.19 182 18 19 45 468 1 200884 44156 1.4 20 14 9 16 52% 174 124885 174 100%
c x 21.28 182 18 19 45 468 1 200884 44130 1.4 20 14 9 16 52% 174 122985 174 100%
c - 21.79 176 18 19 46 469 1 205403 43897 1.4 19 14 9 16 52% 174 122985 174 100%
c - 22.29 174 18 19 47 474 1 212185 45862 1.5 19 13 9 16 52% 174 122985 174 100%
c - 22.87 175 18 19 48 476 1 219040 46889 1.5 19 13 9 16 52% 174 122985 174 100%
c ] 23.11 175 18 20 48 476 1 221554 48959 1.5 19 13 9 16 52% 174 122985 174 100%
c { 23.11 175 15 20 48 476 1 221554 48959 1.7 18 11 8 13 53% 174 122985 174 100%
c - 23.86 176 15 20 49 521 1 225968 48092 1.7 18 11 8 13 53% 174 122985 174 100%
c - 25.04 177 15 20 50 593 1 232969 49565 1.7 18 11 8 13 53% 174 122985 174 100%
c o 25.44 177 15 20 50 611 1 236146 52270 1.7 18 11 8 13 53% 174 122985 174 100%
c - 26.10 176 16 20 51 665 1 240040 50675 1.6 18 11 8 13 53% 174 122985 174 100%
c s 26.51 52 16 20 51 671 1 240364 50962 1.6 18 11 8 13 53% 174 121331 174 100%
c s 26.87 56 16 20 51 671 1 240364 50962 1.6 18 11 8 13 53% 174 121328 174 100%
c ! 26.88 56 16 20 51 671 1 240364 50962 1.6 18 11 8 13 53% 174 121328 174 100%
c
c seconds   switched   rate          size/glue  tier1    binary        remaining
c        MB   reductions conflicts         size   tier2     irredundant
c         level   restarts      redundant     glue    trail        variables
c
c u 27.09 59 16 20 51 674 1 240596 51122 1.6 18 11 8 13 53% 174 121328 174 100%
c v 27.22 60 16 20 51 674 1 240596 51097 1.6 18 11 8 13 53% 174 121328 174 100%
c w 27.27 60 16 20 51 674 1 240596 51085 1.6 18 11 8 13 53% 174 121328 174 100%
c x 27.37 60 16 20 51 674 1 240596 51082 1.6 18 11 8 13 53% 174 121205 174 100%
c - 28.46 55 16 20 52 738 1 247182 51778 1.6 18 11 8 13 53% 174 121205 174 100%
c } 28.65 53 16 21 52 748 1 248293 52712 1.6 18 11 8 13 53% 174 121205 174 100%
c [ 28.65 53 18 21 52 748 1 248293 52712 1.5 19 13 9 16 52% 174 121205 174 100%
c W 28.67 56 18 21 52 748 1 248293 52712 1.5 19 13 9 16 52% 174 121205 174 100%
c - 29.19 65 18 21 53 752 1 254394 52904 1.5 19 13 9 16 52% 174 121205 174 100%
c - 29.97 66 18 21 54 755 1 261675 53424 1.5 20 13 9 16 53% 174 121205 174 100%
c - 30.69 66 18 21 55 761 1 269023 54317 1.5 20 13 9 16 53% 174 121205 174 100%
c - 31.39 64 18 21 56 762 1 276440 55432 1.5 20 13 9 16 53% 174 121205 174 100%
c I 32.12 66 17 21 56 765 1 283645 61564 1.5 20 13 9 16 53% 174 121205 174 100%
c - 32.15 63 17 21 57 765 1 283923 56468 1.5 20 13 9 16 53% 174 121205 174 100%
c u 32.33 71 18 21 57 765 1 284278 56723 1.5 20 13 9 16 53% 174 121205 174 100%
c v 32.46 72 18 21 57 765 1 284278 56716 1.5 20 13 9 16 53% 174 121205 174 100%
c w 32.50 72 18 21 57 765 1 284278 56715 1.5 20 13 9 16 53% 174 121205 174 100%
c x 32.61 72 18 21 57 765 1 284278 56713 1.5 20 13 9 16 53% 174 121134 174 100%
c ] 33.10 64 17 22 57 769 1 290626 61791 1.5 20 13 9 16 53% 174 121134 174 100%
c { 33.10 64 16 22 57 769 1 290626 61791 1.6 18 11 8 13 53% 174 121134 174 100%
c
c seconds   switched   rate          size/glue  tier1    binary        remaining
c        MB   reductions conflicts         size   tier2     irredundant
c         level   restarts      redundant     glue    trail        variables
c
c - 33.22 70 16 22 58 776 1 291472 56868 1.6 18 11 8 13 53% 174 121134 174 100%
c - 34.64 70 16 22 59 861 1 299088 57073 1.6 18 11 8 13 52% 174 121134 174 100%
c - 36.07 52 16 22 60 921 1 306770 49725 1.6 18 11 7 13 52% 174 121134 174 100%
c o 36.09 49 16 22 60 923 1 306922 49858 1.6 18 11 7 13 52% 174 121134 174 100%
c - 37.55 50 17 22 61 989 1 314515 48032 1.6 18 11 7 13 52% 174 121134 174 100%
c } 38.78 52 17 23 61 1045 1 322142 54243 1.6 18 11 7 13 52% 174 121134 174 100%
c [ 38.78 52 17 23 61 1045 1 322142 54243 1.5 20 13 9 16 53% 174 121134 174 100%
c - 38.81 52 17 23 62 1045 1 322326 48400 1.5 20 13 9 16 53% 174 121134 174 100%
c B 38.87 50 17 23 62 1045 1 323085 48961 1.5 20 13 9 16 53% 174 121134 174 100%
c - 39.45 50 18 23 63 1050 1 330200 49105 1.5 20 13 9 16 53% 174 121134 174 100%
c u 39.75 57 18 23 63 1051 1 331989 50598 1.5 20 13 9 16 53% 174 121134 174 100%
c v 39.94 59 18 23 63 1051 1 331989 50507 1.5 20 13 9 16 53% 174 121134 174 100%
c w 40.04 59 18 23 63 1051 1 331989 50505 1.5 20 13 9 16 53% 174 121134 174 100%
c x 40.19 60 18 23 63 1051 1 331989 50502 1.5 20 13 9 16 53% 174 120934 174 100%
c - 41.31 72 18 23 64 1054 1 338137 49601 1.5 20 13 9 16 53% 174 120934 174 100%
c s 42.21 72 18 23 64 1058 1 344222 54890 1.5 20 13 9 16 53% 174 119705 174 100%
c - 42.82 72 18 23 65 1058 1 346137 50929 1.5 20 13 9 16 53% 174 119705 174 100%
c - 43.39 71 18 23 66 1059 1 354199 51363 1.5 20 13 9 16 53% 174 119705 174 100%
c - 44.03 73 18 23 67 1065 1 362323 51892 1.5 20 13 9 16 53% 174 119705 174 100%
c W 44.35 82 18 23 67 1066 1 366798 55682 1.5 20 13 9 16 53% 174 119705 174 100%
c
c seconds   switched    rate          size/glue  tier1    binary        remaining
c        MB   reductions  conflicts         size   tier2     irredundant
c         level    restarts      redundant     glue    trail        variables
c
c - 44.61 82 18 23 68 1069 1 370508 51864 1.5 20 13 9 16 53% 174 119705 174 100%
c - 45.04 81 18 23 69 1073 1 378755 51992 1.5 20 13 9 16 53% 174 119705 174 100%
c u 45.46 84 17 23 69 1074 1 383805 56196 1.5 20 13 9 16 52% 174 119705 174 100%
c v 45.59 84 17 23 69 1074 1 383805 56180 1.5 20 13 9 16 52% 174 119705 174 100%
c w 45.64 84 17 23 69 1074 1 383805 56176 1.5 20 13 9 16 52% 174 119705 174 100%
c x 45.75 84 17 23 69 1074 1 383805 56174 1.5 20 13 9 16 52% 174 119552 174 100%
c - 45.99 85 17 23 70 1074 1 387061 52585 1.5 20 13 9 15 52% 174 119552 174 100%
c ] 46.37 84 17 24 70 1075 1 394675 59327 1.5 20 13 8 15 52% 174 119552 174 100%
c { 46.37 84 17 24 70 1075 1 394675 59327 1.6 18 11 7 13 52% 174 119552 174 100%
c o 46.45 87 17 24 70 1086 1 395254 59802 1.6 18 11 7 13 52% 174 119552 174 100%
c - 46.48 89 17 24 71 1087 1 395427 53623 1.6 18 11 7 13 52% 174 119552 174 100%
c - 47.13 100 16 24 72 1094 1 403853 54197 1.6 18 11 7 13 52% 174 119552 174 100%
c - 47.96 113 16 24 73 1098 1 412340 53720 1.6 18 11 7 13 51% 174 119552 174 100%
c - 48.77 133 16 24 74 1133 1 420884 54150 1.6 18 11 7 13 51% 174 119552 174 100%
c - 49.82 171 15 24 75 1153 1 429488 55250 1.6 17 11 7 13 51% 174 119552 174 100%
c } 50.06 176 15 25 75 1161 1 431354 56879 1.6 17 11 7 13 51% 174 119552 174 100%
c [ 50.06 176 17 25 75 1161 1 431354 56879 1.5 20 13 8 15 52% 174 119552 174 100%
c O 50.06 176 17 25 75 1161 1 431354 56879 1.5 20 13 8 15 52% 174 119552 174 100%
c - 50.50 176 17 25 76 1166 1 438149 56776 1.5 20 13 8 15 52% 174 119552 174 100%
c u 50.81 182 17 25 76 1167 1 439769 58204 1.5 20 13 8 15 52% 174 119552 174 100%
c
c seconds    switched    rate          size/glue  tier1    binary        remaining
c         MB   reductions  conflicts         size   tier2     irredundant
c          level    restarts      redundant     glue    trail        variables
c
c v 50.99 182 17 25 76 1167 1 439769 58162 1.5 20 13 8 15 52% 174 119552 174 100%
c w 51.04 182 17 25 76 1167 1 439769 58156 1.5 20 13 8 15 52% 174 119552 174 100%
c x 51.15 183 17 25 76 1167 1 439769 58122 1.5 20 13 8 15 52% 174 118968 174 100%
c - 51.60 174 17 25 77 1170 1 446866 58272 1.5 20 13 8 15 52% 174 118968 174 100%
c - 52.47 178 17 25 78 1174 1 455640 58523 1.5 20 13 8 15 52% 174 118968 174 100%
c - 53.19 179 17 25 79 1176 1 464472 58543 1.5 20 13 8 15 52% 174 118968 174 100%
c s 54.18 142 17 25 79 1181 1 471213 64150 1.5 20 13 8 15 53% 174 118395 174 100%
c - 54.77 143 17 25 80 1182 1 473361 58084 1.5 20 13 8 15 53% 174 118395 174 100%
c ] 54.91 143 17 26 80 1182 1 475588 59809 1.5 20 13 8 15 53% 174 118395 174 100%
c { 54.91 143 15 26 80 1182 1 475588 59809 1.6 17 11 7 13 51% 174 118395 174 100%
c - 55.85 142 15 26 81 1236 1 482305 58947 1.6 17 11 7 13 51% 174 118395 174 100%
c - 56.77 143 15 26 82 1241 1 491305 60386 1.6 17 11 7 13 51% 174 118395 174 100%
c o 56.78 143 15 26 82 1242 1 491343 60417 1.6 17 11 7 13 51% 174 118395 174 100%
c u 58.24 148 15 26 82 1295 1 499957 67624 1.6 17 11 7 13 51% 174 118395 174 100%
c v 58.43 148 15 26 82 1295 1 499957 67601 1.6 17 11 7 13 51% 174 118395 174 100%
c w 58.49 148 15 26 82 1295 1 499957 67596 1.6 17 11 7 13 51% 174 118395 174 100%
c x 58.62 149 15 26 82 1295 1 499957 67590 1.6 17 11 7 13 51% 174 118078 174 100%
c - 58.70 155 15 26 83 1295 1 500360 60953 1.6 17 11 7 13 51% 174 118078 174 100%
c - 59.98 163 15 26 84 1327 1 509470 62061 1.7 18 11 7 13 52% 174 118078 174 100%
c } 60.97 163 15 27 84 1350 1 517806 68982 1.7 17 10 7 13 51% 174 118078 174 100%
c
c seconds    switched    rate          size/glue  tier1    binary        remaining
c         MB   reductions  conflicts         size   tier2     irredundant
c          level    restarts      redundant     glue    trail        variables
c
c [ 60.97 163 17 27 84 1350 1 517806 68982 1.5 20 13 8 15 53% 174 118078 174 100%
c B 60.97 163 17 27 84 1350 1 517806 68982 1.5 20 13 8 15 53% 174 118078 174 100%
c - 61.13 163 17 27 85 1350 1 518635 63456 1.5 20 13 8 15 53% 174 118078 174 100%
c - 61.99 163 17 27 86 1356 1 527856 64267 1.5 20 13 8 15 53% 174 118078 174 100%
c - 62.93 58 17 27 87 1362 1 537130 65183 1.5 20 13 8 15 53% 174 118078 174 100%
c - 63.89 59 17 27 88 1364 1 546457 66304 1.5 20 13 8 15 53% 174 118078 174 100%
c - 64.84 57 17 27 89 1368 1 555837 66909 1.5 20 13 8 15 53% 174 118078 174 100%
c u 65.90 64 17 27 89 1373 1 564419 74018 1.5 20 13 8 15 53% 174 118078 174 100%
c v 66.11 66 17 27 89 1373 1 564419 73829 1.5 20 13 8 15 53% 174 118078 174 100%
c w 66.21 66 17 27 89 1373 1 564419 73824 1.5 20 13 8 15 53% 174 118078 174 100%
c x 66.41 66 17 27 89 1373 1 564419 73786 1.5 20 13 8 15 53% 174 116771 174 100%
c - 66.57 60 17 27 90 1373 1 565270 66533 1.5 20 13 8 15 53% 174 116771 174 100%
c ] 66.98 59 17 28 90 1376 1 569398 69913 1.5 20 13 8 15 53% 174 116771 174 100%
c { 66.98 59 15 28 90 1376 1 569398 69913 1.7 17 10 7 13 51% 174 116771 174 100%
c - 68.00 59 15 28 91 1443 1 574756 66745 1.7 17 11 7 12 52% 174 116771 174 100%
c - 69.88 60 15 28 92 1556 1 584297 67123 1.7 18 11 7 13 52% 174 116771 174 100%
c o 71.01 59 15 28 92 1578 1 593091 74811 1.7 18 11 7 12 52% 174 116771 174 100%
c - 71.14 60 15 28 93 1580 1 593888 67786 1.7 18 11 7 12 52% 174 116771 174 100%
c - 73.21 58 15 28 94 1697 1 603531 68828 1.7 18 11 7 12 52% 174 116771 174 100%
c - 74.49 61 15 28 95 1733 1 613228 69809 1.7 18 11 7 12 52% 174 116771 174 100%
c
c seconds   switched    rate          size/glue  tier1    binary        remaining
c        MB   reductions  conflicts         size   tier2     irredundant
c         level    restarts      redundant     glue    trail        variables
c
c } 75.31 60 15 29 95 1754 1 617536 73565 1.7 18 11 7 12 52% 174 116771 174 100%
c [ 75.31 60 17 29 95 1754 1 617536 73565 1.5 20 13 8 15 53% 174 116771 174 100%
c W 75.38 63 17 29 95 1754 1 617536 73565 1.5 20 13 8 15 53% 174 116771 174 100%
c s 76.54 68 17 29 95 1758 1 622762 78063 1.5 20 13 8 15 53% 174 114532 174 100%
c s 77.17 70 17 29 95 1758 1 622762 78063 1.5 20 13 8 15 53% 174 114461 174 100%
c - 77.21 66 17 29 96 1758 1 622975 70573 1.5 20 13 8 15 53% 174 114461 174 100%
c ] 77.21 66 17 29 96 1758 1 622999 70594 1.5 20 13 8 15 53% 174 114461 174 100%
c ? 77.21 66 15 29 96 1758 1 622999 70594 1.7 18 11 7 12 52% 174 114461 174 100%
c
c ---- [ result ] ------------------------------------------------------------
c
s UNKNOWN
c
c ---- [ profiling ] ---------------------------------------------------------
c
c          65.11   84.33 %  search
c          37.68   48.81 %  focused
c          27.42   35.52 %  stable
c          12.02   15.57 %  simplify
c           6.94    8.99 %  probe
c           5.70    7.38 %  vivify
c           4.95    6.42 %  eliminate
c           4.79    6.21 %  subsume
c           0.89    1.15 %  sweep
c           0.49    0.64 %  reduce
c           0.23    0.29 %  substitute
c           0.15    0.19 %  walking
c           0.07    0.10 %  factor
c           0.04    0.05 %  parse
c           0.03    0.04 %  congruence
c           0.02    0.03 %  preprocess
c           0.02    0.03 %  lucky
c           0.01    0.02 %  transitive
c           0.00    0.00 %  backbone
c =============================================
c          77.21  100.00 %  total
c
c ---- [ statistics ] --------------------------------------------------------
c
c conflicts:                           622999             8068.79 per second
c decisions:                           753157                1.21 per conflict
c eliminated:                               6                3 %  variables
c factored:                                 6                3 %  variables
c propagations:                      16357874           211860    per second
c reductions:                              96             6490    interval
c reordered:                               11            56636    interval
c rephased:                                20            31150    interval
c restarts:                              1758              354    interval
c subsumed:                             13038                0 %  checks
c switched:                                29            21483    interval
c vivified:                             11651               31 %  checks
c walks:                                    7            89000    interval
c
c ---- [ glue usage ] --------------------------------------------------------
c
c focused glue 6    used  58189 clauses  7.77% accumulated 50.09% tier1
c focused glue 7    used  60122 clauses  8.02% accumulated 58.11%
c focused glue 8-10 used 165335 clauses 22.06% accumulated 80.17%
c focused glue 11   used  42785 clauses  5.71% accumulated 85.88%
c focused glue 12   used  33012 clauses  4.41% accumulated 90.29% tier2
c
c stable glue 8     used  84298 clauses  7.32% accumulated 53.89% tier1
c stable glue 9     used  80114 clauses  6.95% accumulated 60.85%
c stable glue 10-13 used 263052 clauses 22.84% accumulated 83.68%
c stable glue 14    used  49517 clauses  4.30% accumulated 87.98%
c stable glue 15    used  40818 clauses  3.54% accumulated 91.53% tier2
c
c ---- [ resources ] ---------------------------------------------------------
c
c maximum-resident-set-size:     322156101632 bytes     307232 MB
c process-time:                         1m 17s              77.21 seconds
c
c ---- [ shutting down ] -----------------------------------------------------
c
c exit 0
