Rc files read (in order):
  NONE
Latexmk: This is Latexmk, John Collins, 9 March 2026. Version 4.88.
No specific requests made, so using default for latexmk.
Latexmk: Doing full clean up for 'main.tex'

Rc files read (in order):
  NONE
Latexmk: This is Latexmk, John Collins, 9 March 2026. Version 4.88.
No existing .aux file, so I'll make a simple one, and require run of *latex.
Latexmk: applying rule 'pdflatex'...
Rule 'pdflatex':  Reasons for rerun
Category 'other':
  Rerun of 'pdflatex' forced or previously required:
    Reason or flag: 'Initial setup'

------------
Run number 1 of rule 'pdflatex'
------------
------------
Running 'pdflatex  -interaction=nonstopmode -halt-on-error -recorder  "main.tex"'
------------
This is pdfTeX, Version 3.141592653-2.6-1.40.29 (TeX Live 2026) (preloaded format=pdflatex)
 restricted \write18 enabled.
entering extended mode
(./main.tex
LaTeX2e <2025-11-01>
L3 programming layer <2026-01-19>
(/usr/local/texlive/2026/texmf-dist/tex/latex/amscls/amsart.cls
Document Class: amsart 2020/05/29 v2.20.6
(/usr/local/texlive/2026/texmf-dist/tex/latex/amsmath/amsmath.sty
For additional information on amsmath, use the `?' option.
(/usr/local/texlive/2026/texmf-dist/tex/latex/amsmath/amstext.sty
(/usr/local/texlive/2026/texmf-dist/tex/latex/amsmath/amsgen.sty))
(/usr/local/texlive/2026/texmf-dist/tex/latex/amsmath/amsbsy.sty)
(/usr/local/texlive/2026/texmf-dist/tex/latex/amsmath/amsopn.sty))
(/usr/local/texlive/2026/texmf-dist/tex/latex/amsfonts/umsa.fd)
(/usr/local/texlive/2026/texmf-dist/tex/latex/amsfonts/amsfonts.sty))
(/usr/local/texlive/2026/texmf-dist/tex/latex/base/fontenc.sty)
(/usr/local/texlive/2026/texmf-dist/tex/latex/lm/lmodern.sty)
(/usr/local/texlive/2026/texmf-dist/tex/latex/amsfonts/amssymb.sty)
(/usr/local/texlive/2026/texmf-dist/tex/latex/mathtools/mathtools.sty
(/usr/local/texlive/2026/texmf-dist/tex/latex/graphics/keyval.sty)
(/usr/local/texlive/2026/texmf-dist/tex/latex/tools/calc.sty)
(/usr/local/texlive/2026/texmf-dist/tex/latex/mathtools/mhsetup.sty))
(/usr/local/texlive/2026/texmf-dist/tex/latex/booktabs/booktabs.sty)
(/usr/local/texlive/2026/texmf-dist/tex/latex/enumitem/enumitem.sty)
(/usr/local/texlive/2026/texmf-dist/tex/latex/microtype/microtype.sty
(/usr/local/texlive/2026/texmf-dist/tex/latex/etoolbox/etoolbox.sty)
(/usr/local/texlive/2026/texmf-dist/tex/latex/microtype/microtype-pdftex.def)
(/usr/local/texlive/2026/texmf-dist/tex/latex/microtype/microtype.cfg))
(/usr/local/texlive/2026/texmf-dist/tex/latex/hyperref/hyperref.sty
(/usr/local/texlive/2026/texmf-dist/tex/generic/iftex/iftex.sty)
(/usr/local/texlive/2026/texmf-dist/tex/latex/kvsetkeys/kvsetkeys.sty)
(/usr/local/texlive/2026/texmf-dist/tex/generic/kvdefinekeys/kvdefinekeys.sty)
(/usr/local/texlive/2026/texmf-dist/tex/generic/pdfescape/pdfescape.sty
(/usr/local/texlive/2026/texmf-dist/tex/generic/ltxcmds/ltxcmds.sty)
(/usr/local/texlive/2026/texmf-dist/tex/generic/pdftexcmds/pdftexcmds.sty
(/usr/local/texlive/2026/texmf-dist/tex/generic/infwarerr/infwarerr.sty)))
(/usr/local/texlive/2026/texmf-dist/tex/latex/hycolor/hycolor.sty)
(/usr/local/texlive/2026/texmf-dist/tex/latex/hyperref/nameref.sty
(/usr/local/texlive/2026/texmf-dist/tex/latex/refcount/refcount.sty)
(/usr/local/texlive/2026/texmf-dist/tex/generic/gettitlestring/gettitlestring.s
ty (/usr/local/texlive/2026/texmf-dist/tex/latex/kvoptions/kvoptions.sty)))
(/usr/local/texlive/2026/texmf-dist/tex/generic/stringenc/stringenc.sty)
(/usr/local/texlive/2026/texmf-dist/tex/latex/hyperref/pd1enc.def)
(/usr/local/texlive/2026/texmf-dist/tex/generic/intcalc/intcalc.sty)
(/usr/local/texlive/2026/texmf-dist/tex/latex/hyperref/puenc.def)
(/usr/local/texlive/2026/texmf-dist/tex/latex/url/url.sty)
(/usr/local/texlive/2026/texmf-dist/tex/generic/bitset/bitset.sty
(/usr/local/texlive/2026/texmf-dist/tex/generic/bigintcalc/bigintcalc.sty)))
(/usr/local/texlive/2026/texmf-dist/tex/latex/hyperref/hpdftex.def
(/usr/local/texlive/2026/texmf-dist/tex/latex/rerunfilecheck/rerunfilecheck.sty

(/usr/local/texlive/2026/texmf-dist/tex/generic/uniquecounter/uniquecounter.sty
))) (/usr/local/texlive/2026/texmf-dist/tex/latex/cleveref/cleveref.sty)
==> First Aid for cleveref.sty applied!
(/usr/local/texlive/2026/texmf-dist/tex/latex/lm/t1lmr.fd)
(/usr/local/texlive/2026/texmf-dist/tex/latex/l3backend/l3backend-pdftex.def)
(./main.aux) (/usr/local/texlive/2026/texmf-dist/tex/latex/lm/ot1lmr.fd)
(/usr/local/texlive/2026/texmf-dist/tex/latex/lm/omllmm.fd)
(/usr/local/texlive/2026/texmf-dist/tex/latex/lm/omslmsy.fd)
(/usr/local/texlive/2026/texmf-dist/tex/latex/lm/omxlmex.fd)
(/usr/local/texlive/2026/texmf-dist/tex/latex/amsfonts/umsa.fd)
(/usr/local/texlive/2026/texmf-dist/tex/latex/amsfonts/umsb.fd)
(/usr/local/texlive/2026/texmf-dist/tex/latex/graphics/graphicx.sty
(/usr/local/texlive/2026/texmf-dist/tex/latex/graphics/graphics.sty
(/usr/local/texlive/2026/texmf-dist/tex/latex/graphics/trig.sty)
(/usr/local/texlive/2026/texmf-dist/tex/latex/graphics-cfg/graphics.cfg)
(/usr/local/texlive/2026/texmf-dist/tex/latex/graphics-def/pdftex.def
(/usr/local/texlive/2026/texmf-dist/tex/context/base/mkii/supp-pdf.mkii
[Loading MPS to PDF converter (version 2006.09.02).]
)))
(/usr/local/texlive/2026/texmf-dist/tex/latex/epstopdf-pkg/epstopdf-base.sty
(/usr/local/texlive/2026/texmf-dist/tex/latex/latexconfig/epstopdf-sys.cfg)))
(/usr/local/texlive/2026/texmf-dist/tex/latex/microtype/mt-cmr.cfg)
(/usr/local/texlive/2026/texmf-dist/tex/latex/graphics/color.sty
(/usr/local/texlive/2026/texmf-dist/tex/latex/graphics-cfg/color.cfg)
(/usr/local/texlive/2026/texmf-dist/tex/latex/graphics/mathcolor.ltx)) [1{/usr/
local/texlive/2026/texmf-var/fonts/map/pdftex/updmap/pdftex.map}{/usr/local/tex
live/2026/texmf-dist/fonts/enc/dvips/lm/lm-ec.enc}{/usr/local/texlive/2026/texm
f-dist/fonts/enc/dvips/lm/lm-mathsy.enc}]

LaTeX Warning: Citation `MR2223270' on page 2 undefined on input line 148.


LaTeX Warning: Citation `Crouzeix_2003' on page 2 undefined on input line 149.


LaTeX Warning: Citation `MR2449098' on page 2 undefined on input line 150.


LaTeX Warning: Citation `MR2047592' on page 2 undefined on input line 152.


LaTeX Warning: Citation `Crouzeix_2016' on page 2 undefined on input line 152.

[2{/usr/local/texlive/2026/texmf-dist/fonts/enc/dvips/lm/lm-mathit.enc}{/usr/lo
cal/texlive/2026/texmf-dist/fonts/enc/dvips/lm/lm-rm.enc}{/usr/local/texlive/20
26/texmf-dist/fonts/enc/dvips/lm/lm-mathex.enc}]
(/usr/local/texlive/2026/texmf-dist/tex/latex/microtype/mt-msa.cfg)
(/usr/local/texlive/2026/texmf-dist/tex/latex/microtype/mt-msb.cfg)

LaTeX Warning: Reference `eq:CM' on page 3 undefined on input line 165.


LaTeX Warning: Reference `eq:original-gate' on page 3 undefined on input line 1
71.


LaTeX Warning: Reference `thm:scale-cubic' on page 1 undefined on input line 17
7.


LaTeX Warning: Reference `thm:island-A' on page 1 undefined on input line 179.


LaTeX Warning: Reference `thm:island-B' on page 1 undefined on input line 183.


LaTeX Warning: Reference `thm:tilted-sheet' on page 1 undefined on input line 1
87.


LaTeX Warning: Reference `thm:inward-sheet' on page 1 undefined on input line 1
90.


LaTeX Warning: Reference `thm:recentered-sheet' on page 1 undefined on input li
ne 196.

[3]

LaTeX Warning: Reference `thm:constant-sheet' on page 1 undefined on input line
 200.


LaTeX Warning: Reference `thm:cap-sheet' on page 1 undefined on input line 203.



LaTeX Warning: Reference `thm:xy-box' on page 1 undefined on input line 206.


LaTeX Warning: Reference `thm:phase-tube' on page 1 undefined on input line 208
.

[4]

LaTeX Warning: Reference `eq:CM' on page 5 undefined on input line 270.

[5]

LaTeX Warning: Reference `app:arrowhead' on page 1 undefined on input line 314.



LaTeX Warning: Reference `lem:arrowhead' on page 6 undefined on input line 326.



LaTeX Warning: Reference `eq:trace-dual' on page 6 undefined on input line 330.



LaTeX Warning: Reference `eq:trace-dual' on page 6 undefined on input line 331.



LaTeX Warning: Reference `eq:sufficient-scalar' on page 6 undefined on input li
ne 332.


LaTeX Warning: Reference `eq:W0' on page 6 undefined on input line 334.


LaTeX Warning: Reference `eq:sufficient-scalar' on page 6 undefined on input li
ne 359.


LaTeX Warning: Reference `eq:original-gate' on page 6 undefined on input line 3
70.


LaTeX Warning: Reference `eq:CM' on page 6 undefined on input line 380.

[6]

LaTeX Warning: Reference `eq:sufficient-scalar' on page 7 undefined on input li
ne 384.


LaTeX Warning: Reference `eq:CM' on page 7 undefined on input line 386.


LaTeX Warning: Reference `eq:original-gate' on page 7 undefined on input line 4
12.

[7]

LaTeX Warning: Reference `eq:p-normal' on page 8 undefined on input line 446.


LaTeX Warning: Reference `eq:schur-Q' on page 8 undefined on input line 446.


LaTeX Warning: Reference `eq:direction-scale' on page 8 undefined on input line
 446.


LaTeX Warning: Reference `eq:legal-half-line' on page 8 undefined on input line
 448.

(/usr/local/texlive/2026/texmf-dist/tex/latex/lm/ot1lmss.fd)
(/usr/local/texlive/2026/texmf-dist/tex/latex/amsfonts/ueuf.fd)
(/usr/local/texlive/2026/texmf-dist/tex/latex/microtype/mt-euf.cfg)

LaTeX Warning: Reference `eq:original-gate' on page 8 undefined on input line 4
81.


LaTeX Warning: Reference `eq:scale-cubic' on page 8 undefined on input line 488
.


LaTeX Warning: Reference `eq:C2' on page 8 undefined on input line 488.


LaTeX Warning: Reference `eq:cubic-criterion' on page 8 undefined on input line
 504.


LaTeX Warning: Reference `eq:two-p' on page 8 undefined on input line 509.

[8]

LaTeX Warning: Reference `eq:scale-data' on page 9 undefined on input line 519.



LaTeX Warning: Reference `eq:A-box' on page 9 undefined on input line 529.


LaTeX Warning: Reference `tab:center-controls' on page 1 undefined on input lin
e 563.


LaTeX Warning: Reference `eq:seven-signs' on page 9 undefined on input line 585
.


LaTeX Warning: Reference `app:exact-data' on page 1 undefined on input line 592
.

[9]

LaTeX Warning: Reference `thm:island-A' on page 1 undefined on input line 610.


LaTeX Warning: Reference `eq:QA' on page 10 undefined on input line 612.


LaTeX Warning: Reference `eq:A-legal' on page 10 undefined on input line 614.


LaTeX Warning: Reference `thm:scale-cubic' on page 1 undefined on input line 61
5.

[10]

LaTeX Warning: Reference `eq:two-p' on page 11 undefined on input line 647.


LaTeX Warning: Reference `eq:original-gate' on page 11 undefined on input line 
682.


LaTeX Warning: Reference `eq:normalizations' on page 11 undefined on input line
 693.

[11]

LaTeX Warning: Reference `eq:B-box' on page 12 undefined on input line 733.


LaTeX Warning: Reference `eq:moving-map' on page 12 undefined on input line 734
.


LaTeX Warning: Reference `eq:compact-H' on page 12 undefined on input line 739.



LaTeX Warning: Reference `eq:ball-coordinates' on page 12 undefined on input li
ne 739.

[12]

LaTeX Warning: Reference `eq:B-danger-reserve' on page 13 undefined on input li
ne 780.


LaTeX Warning: Reference `eq:Xstar-corner' on page 13 undefined on input line 7
81.


LaTeX Warning: Reference `eq:compact-H' on page 13 undefined on input line 788.



LaTeX Warning: Reference `eq:moving-map' on page 13 undefined on input line 805
.


LaTeX Warning: Reference `app:exact-data' on page 1 undefined on input line 830
.


LaTeX Warning: Reference `eq:H2-lower' on page 13 undefined on input line 834.


LaTeX Warning: Reference `app:exact-data' on page 1 undefined on input line 836
.

[13]

LaTeX Warning: Reference `app:exact-data' on page 1 undefined on input line 845
.


LaTeX Warning: Reference `app:exact-data' on page 1 undefined on input line 856
.


LaTeX Warning: Reference `app:exact-data' on page 1 undefined on input line 884
.

[14] [15]

LaTeX Warning: Reference `app:exact-data' on page 1 undefined on input line 970
.


LaTeX Warning: Reference `eq:danger-breakpoint' on page 16 undefined on input l
ine 985.


LaTeX Warning: Reference `eq:danger-breakpoint' on page 16 undefined on input l
ine 996.


LaTeX Warning: Reference `eq:B-box' on page 16 undefined on input line 1002.


LaTeX Warning: Reference `eq:N-Qhat' on page 16 undefined on input line 1003.


LaTeX Warning: Reference `thm:island-B' on page 1 undefined on input line 1005.


[16]

LaTeX Warning: Reference `eq:B-box' on page 17 undefined on input line 1012.


LaTeX Warning: Reference `eq:moving-map' on page 17 undefined on input line 101
9.


LaTeX Warning: Reference `eq:tilted-domain' on page 17 undefined on input line 
1029.


LaTeX Warning: Reference `eq:compact-H' on page 17 undefined on input line 1032
.


LaTeX Warning: Reference `eq:ball-coordinates' on page 17 undefined on input li
ne 1032.


LaTeX Warning: Reference `eq:H1' on page 17 undefined on input line 1049.


LaTeX Warning: Reference `app:exact-data' on page 1 undefined on input line 106
0.

[17]

LaTeX Warning: Reference `eq:B-box' on page 18 undefined on input line 1100.


LaTeX Warning: Reference `eq:inward-domain' on page 18 undefined on input line 
1124.


LaTeX Warning: Reference `eq:compact-H' on page 18 undefined on input line 1127
.


LaTeX Warning: Reference `eq:ball-coordinates' on page 18 undefined on input li
ne 1127.

[18]

LaTeX Warning: Reference `thm:tilted-sheet' on page 1 undefined on input line 1
138.


LaTeX Warning: Reference `eq:inward-map' on page 19 undefined on input line 115
6.

[19]

LaTeX Warning: Reference `eq:inward-layer-split' on page 20 undefined on input 
line 1226.


LaTeX Warning: Reference `eq:inward-clearing' on page 20 undefined on input lin
e 1227.

[20]

LaTeX Warning: Reference `eq:inward-endpoint-cell' on page 21 undefined on inpu
t line 1265.


LaTeX Warning: Reference `eq:inward-domain' on page 21 undefined on input line 
1277.


LaTeX Warning: Reference `eq:inward-seam-identity' on page 21 undefined on inpu
t line 1294.


LaTeX Warning: Reference `eq:inward-Z-bounds' on page 21 undefined on input lin
e 1310.

[21]

LaTeX Warning: Reference `eq:inward-map' on page 22 undefined on input line 132
8.


LaTeX Warning: Reference `eq:compact-H' on page 22 undefined on input line 1343
.


LaTeX Warning: Reference `eq:ball-coordinates' on page 22 undefined on input li
ne 1343.


LaTeX Warning: Reference `thm:inward-sheet' on page 1 undefined on input line 1
353.

[22]

LaTeX Warning: Reference `eq:recentered-danger' on page 23 undefined on input l
ine 1394.


LaTeX Warning: Reference `eq:inward-clearing' on page 23 undefined on input lin
e 1405.


LaTeX Warning: Reference `app:recentered-data' on page 1 undefined on input lin
e 1419.


LaTeX Warning: Reference `thm:inward-sheet' on page 1 undefined on input line 1
423.


LaTeX Warning: Reference `eq:recentered-endpoints' on page 23 undefined on inpu
t line 1424.


LaTeX Warning: Reference `eq:recentered-danger' on page 23 undefined on input l
ine 1437.

[23]

LaTeX Warning: Reference `thm:recentered-sheet' on page 1 undefined on input li
ne 1447.


LaTeX Warning: Reference `eq:compact-H' on page 24 undefined on input line 1462
.


LaTeX Warning: Reference `eq:ball-coordinates' on page 24 undefined on input li
ne 1462.


LaTeX Warning: Reference `thm:recentered-sheet' on page 1 undefined on input li
ne 1473.


LaTeX Warning: Reference `eq:recentered-danger' on page 24 undefined on input l
ine 1478.


LaTeX Warning: Reference `eq:constant-Z' on page 24 undefined on input line 147
9.


LaTeX Warning: Reference `eq:constant-danger' on page 24 undefined on input lin
e 1495.

[24]

LaTeX Warning: Reference `app:constant-data' on page 1 undefined on input line 
1530.

[25]

LaTeX Warning: Reference `eq:compact-H' on page 26 undefined on input line 1576
.


LaTeX Warning: Reference `eq:ball-coordinates' on page 26 undefined on input li
ne 1576.


LaTeX Warning: Reference `thm:constant-sheet' on page 1 undefined on input line
 1584.


LaTeX Warning: Reference `app:cap-data' on page 1 undefined on input line 1618.



LaTeX Warning: Reference `eq:cap-map' on page 26 undefined on input line 1622.

[26]

LaTeX Warning: Reference `eq:compact-H' on page 27 undefined on input line 1646
.


LaTeX Warning: Reference `eq:ball-coordinates' on page 27 undefined on input li
ne 1646.


LaTeX Warning: Reference `eq:xy-box-quartic' on page 27 undefined on input line
 1697.

[27]

LaTeX Warning: Reference `eq:compact-H' on page 28 undefined on input line 1711
.


LaTeX Warning: Reference `eq:ball-coordinates' on page 28 undefined on input li
ne 1711.


LaTeX Warning: Reference `thm:island-B' on page 1 undefined on input line 1713.



LaTeX Warning: Reference `eq:compact-H' on page 28 undefined on input line 1726
.


LaTeX Warning: Reference `eq:ball-coordinates' on page 28 undefined on input li
ne 1726.


LaTeX Warning: Reference `eq:ball-danger' on page 28 undefined on input line 17
44.


LaTeX Warning: Reference `eq:compact-H' on page 28 undefined on input line 1745
.


LaTeX Warning: Reference `eq:original-gate' on page 28 undefined on input line 
1754.


LaTeX Warning: Reference `eq:tube-domain' on page 28 undefined on input line 17
60.

[28]

LaTeX Warning: Reference `lem:bernstein' on page 29 undefined on input line 178
2.


LaTeX Warning: Reference `eq:tube-quartic' on page 29 undefined on input line 1
783.


LaTeX Warning: Reference `eq:tube-domain' on page 29 undefined on input line 18
07.

[29]

LaTeX Warning: Reference `thm:island-A' on page 1 undefined on input line 1865.



LaTeX Warning: Reference `eq:original-gate' on page 30 undefined on input line 
1867.


LaTeX Warning: Reference `thm:island-B' on page 1 undefined on input line 1872.



LaTeX Warning: Reference `thm:tilted-sheet' on page 1 undefined on input line 1
884.


LaTeX Warning: Reference `thm:inward-sheet' on page 1 undefined on input line 1
890.


LaTeX Warning: Reference `eq:inward-weight' on page 30 undefined on input line 
1898.


LaTeX Warning: Reference `eq:inward-endpoint-reserve' on page 30 undefined on i
nput line 1903.


LaTeX Warning: Reference `eq:inward-frontier-reserve' on page 30 undefined on i
nput line 1903.

[30]

LaTeX Warning: Reference `thm:recentered-sheet' on page 1 undefined on input li
ne 1910.


LaTeX Warning: Reference `thm:constant-sheet' on page 1 undefined on input line
 1921.


LaTeX Warning: Reference `eq:constant-Z-derivative' on page 31 undefined on inp
ut line 1929.


LaTeX Warning: Reference `eq:constant-second-legality' on page 31 undefined on 
input line 1929.


LaTeX Warning: Reference `thm:cap-sheet' on page 1 undefined on input line 1934
.


LaTeX Warning: Reference `eq:cap-old-no-go' on page 31 undefined on input line 
1935.


LaTeX Warning: Reference `eq:cap-Z-lower' on page 31 undefined on input line 19
39.


LaTeX Warning: Reference `eq:cap-danger' on page 31 undefined on input line 193
9.


LaTeX Warning: Reference `thm:xy-box' on page 1 undefined on input line 1942.


LaTeX Warning: Reference `thm:phase-tube' on page 1 undefined on input line 194
9.


LaTeX Warning: Reference `eq:original-gate' on page 31 undefined on input line 
1951.

[31]

LaTeX Warning: Reference `eq:Xstar-corner' on page 32 undefined on input line 1
993.

[32] (/usr/local/texlive/2026/texmf-dist/tex/latex/lm/t1lmtt.fd) [33]

LaTeX Warning: Reference `lem:arrowhead' on page 34 undefined on input line 210
0.


LaTeX Warning: Reference `thm:island-A' on page 1 undefined on input line 2105.


[34]

LaTeX Warning: Reference `thm:island-B' on page 1 undefined on input line 2144.


[35] [36] [37]

LaTeX Warning: Reference `eq:tilt-reserve' on page 38 undefined on input line 2
309.


LaTeX Warning: Reference `thm:recentered-sheet' on page 1 undefined on input li
ne 2314.

[38]

LaTeX Warning: Reference `thm:constant-sheet' on page 1 undefined on input line
 2373.

[39]

LaTeX Warning: Reference `thm:cap-sheet' on page 1 undefined on input line 2396
.


LaTeX Warning: Reference `thm:xy-box' on page 1 undefined on input line 2408.

(./main.bbl) [40] [41] (./main.aux)

LaTeX Warning: There were undefined references.


LaTeX Warning: Label(s) may have changed. Rerun to get cross-references right.


Package rerunfilecheck Warning: File `main.out' has changed.
(rerunfilecheck)                Rerun to get outlines right
(rerunfilecheck)                or use package `bookmark'.

 )</usr/local/texlive/2026/texmf-dist/fonts/type1/public/amsfonts/euler/eufm10.
pfb></usr/local/texlive/2026/texmf-dist/fonts/type1/public/lm/lmbx10.pfb></usr/
local/texlive/2026/texmf-dist/fonts/type1/public/lm/lmbx9.pfb></usr/local/texli
ve/2026/texmf-dist/fonts/type1/public/lm/lmcsc10.pfb></usr/local/texlive/2026/t
exmf-dist/fonts/type1/public/lm/lmex10.pfb></usr/local/texlive/2026/texmf-dist/
fonts/type1/public/lm/lmmi10.pfb></usr/local/texlive/2026/texmf-dist/fonts/type
1/public/lm/lmmi6.pfb></usr/local/texlive/2026/texmf-dist/fonts/type1/public/lm
/lmmi7.pfb></usr/local/texlive/2026/texmf-dist/fonts/type1/public/lm/lmmi8.pfb>
</usr/local/texlive/2026/texmf-dist/fonts/type1/public/lm/lmmi9.pfb></usr/local
/texlive/2026/texmf-dist/fonts/type1/public/lm/lmr10.pfb></usr/local/texlive/20
26/texmf-dist/fonts/type1/public/lm/lmr6.pfb></usr/local/texlive/2026/texmf-dis
t/fonts/type1/public/lm/lmr7.pfb></usr/local/texlive/2026/texmf-dist/fonts/type
1/public/lm/lmr8.pfb></usr/local/texlive/2026/texmf-dist/fonts/type1/public/lm/
lmr9.pfb></usr/local/texlive/2026/texmf-dist/fonts/type1/public/lm/lmri10.pfb><
/usr/local/texlive/2026/texmf-dist/fonts/type1/public/lm/lmri9.pfb></usr/local/
texlive/2026/texmf-dist/fonts/type1/public/lm/lmss10.pfb></usr/local/texlive/20
26/texmf-dist/fonts/type1/public/lm/lmsy10.pfb></usr/local/texlive/2026/texmf-d
ist/fonts/type1/public/lm/lmsy6.pfb></usr/local/texlive/2026/texmf-dist/fonts/t
ype1/public/lm/lmsy7.pfb></usr/local/texlive/2026/texmf-dist/fonts/type1/public
/lm/lmsy8.pfb></usr/local/texlive/2026/texmf-dist/fonts/type1/public/lm/lmsy9.p
fb></usr/local/texlive/2026/texmf-dist/fonts/type1/public/lm/lmtt10.pfb></usr/l
ocal/texlive/2026/texmf-dist/fonts/type1/public/lm/lmtt8.pfb></usr/local/texliv
e/2026/texmf-dist/fonts/type1/public/lm/lmtt9.pfb></usr/local/texlive/2026/texm
f-dist/fonts/type1/public/amsfonts/symbols/msam10.pfb></usr/local/texlive/2026/
texmf-dist/fonts/type1/public/amsfonts/symbols/msbm10.pfb>
Output written on main.pdf (41 pages, 592597 bytes).
Transcript written on main.log.
Latexmk: Getting log file 'main.log'
Latexmk: Examining 'main.fls'
Latexmk: Examining 'main.log'
Latexmk: Found input bbl file 'main.bbl'
Latexmk: References changed.
Latexmk: References changed.
Latexmk: Log file says output to 'main.pdf'
Latexmk: Using bibtex to make bibliography file(s).
  ===Source file 'main.bbl' for 'pdflatex'
Create bibtex main
Latexmk: Found bibliography file(s):
  ./references.bib
Latexmk: applying rule 'bibtex main'...
Rule 'bibtex main':  Reasons for rerun
Category 'other':
  Rerun of 'bibtex main' forced or previously required:
    Reason or flag: 'Initial set up of rule'

------------
Run number 1 of rule 'bibtex main'
------------
------------
Running 'bibtex  "main.aux"'
------------
This is BibTeX, Version 0.99e (TeX Live 2026)
The top-level auxiliary file: main.aux
The style file: amsplain.bst
Database file #1: references.bib
Latexmk: applying rule 'pdflatex'...
Rule 'pdflatex':  Reasons for rerun
Changed files or newly in use/created:
  main.aux
  main.out

------------
Run number 2 of rule 'pdflatex'
------------
------------
Running 'pdflatex  -interaction=nonstopmode -halt-on-error -recorder  "main.tex"'
------------
This is pdfTeX, Version 3.141592653-2.6-1.40.29 (TeX Live 2026) (preloaded format=pdflatex)
 restricted \write18 enabled.
entering extended mode
(./main.tex
LaTeX2e <2025-11-01>
L3 programming layer <2026-01-19>
(/usr/local/texlive/2026/texmf-dist/tex/latex/amscls/amsart.cls
Document Class: amsart 2020/05/29 v2.20.6
(/usr/local/texlive/2026/texmf-dist/tex/latex/amsmath/amsmath.sty
For additional information on amsmath, use the `?' option.
(/usr/local/texlive/2026/texmf-dist/tex/latex/amsmath/amstext.sty
(/usr/local/texlive/2026/texmf-dist/tex/latex/amsmath/amsgen.sty))
(/usr/local/texlive/2026/texmf-dist/tex/latex/amsmath/amsbsy.sty)
(/usr/local/texlive/2026/texmf-dist/tex/latex/amsmath/amsopn.sty))
(/usr/local/texlive/2026/texmf-dist/tex/latex/amsfonts/umsa.fd)
(/usr/local/texlive/2026/texmf-dist/tex/latex/amsfonts/amsfonts.sty))
(/usr/local/texlive/2026/texmf-dist/tex/latex/base/fontenc.sty)
(/usr/local/texlive/2026/texmf-dist/tex/latex/lm/lmodern.sty)
(/usr/local/texlive/2026/texmf-dist/tex/latex/amsfonts/amssymb.sty)
(/usr/local/texlive/2026/texmf-dist/tex/latex/mathtools/mathtools.sty
(/usr/local/texlive/2026/texmf-dist/tex/latex/graphics/keyval.sty)
(/usr/local/texlive/2026/texmf-dist/tex/latex/tools/calc.sty)
(/usr/local/texlive/2026/texmf-dist/tex/latex/mathtools/mhsetup.sty))
(/usr/local/texlive/2026/texmf-dist/tex/latex/booktabs/booktabs.sty)
(/usr/local/texlive/2026/texmf-dist/tex/latex/enumitem/enumitem.sty)
(/usr/local/texlive/2026/texmf-dist/tex/latex/microtype/microtype.sty
(/usr/local/texlive/2026/texmf-dist/tex/latex/etoolbox/etoolbox.sty)
(/usr/local/texlive/2026/texmf-dist/tex/latex/microtype/microtype-pdftex.def)
(/usr/local/texlive/2026/texmf-dist/tex/latex/microtype/microtype.cfg))
(/usr/local/texlive/2026/texmf-dist/tex/latex/hyperref/hyperref.sty
(/usr/local/texlive/2026/texmf-dist/tex/generic/iftex/iftex.sty)
(/usr/local/texlive/2026/texmf-dist/tex/latex/kvsetkeys/kvsetkeys.sty)
(/usr/local/texlive/2026/texmf-dist/tex/generic/kvdefinekeys/kvdefinekeys.sty)
(/usr/local/texlive/2026/texmf-dist/tex/generic/pdfescape/pdfescape.sty
(/usr/local/texlive/2026/texmf-dist/tex/generic/ltxcmds/ltxcmds.sty)
(/usr/local/texlive/2026/texmf-dist/tex/generic/pdftexcmds/pdftexcmds.sty
(/usr/local/texlive/2026/texmf-dist/tex/generic/infwarerr/infwarerr.sty)))
(/usr/local/texlive/2026/texmf-dist/tex/latex/hycolor/hycolor.sty)
(/usr/local/texlive/2026/texmf-dist/tex/latex/hyperref/nameref.sty
(/usr/local/texlive/2026/texmf-dist/tex/latex/refcount/refcount.sty)
(/usr/local/texlive/2026/texmf-dist/tex/generic/gettitlestring/gettitlestring.s
ty (/usr/local/texlive/2026/texmf-dist/tex/latex/kvoptions/kvoptions.sty)))
(/usr/local/texlive/2026/texmf-dist/tex/generic/stringenc/stringenc.sty)
(/usr/local/texlive/2026/texmf-dist/tex/latex/hyperref/pd1enc.def)
(/usr/local/texlive/2026/texmf-dist/tex/generic/intcalc/intcalc.sty)
(/usr/local/texlive/2026/texmf-dist/tex/latex/hyperref/puenc.def)
(/usr/local/texlive/2026/texmf-dist/tex/latex/url/url.sty)
(/usr/local/texlive/2026/texmf-dist/tex/generic/bitset/bitset.sty
(/usr/local/texlive/2026/texmf-dist/tex/generic/bigintcalc/bigintcalc.sty)))
(/usr/local/texlive/2026/texmf-dist/tex/latex/hyperref/hpdftex.def
(/usr/local/texlive/2026/texmf-dist/tex/latex/rerunfilecheck/rerunfilecheck.sty

(/usr/local/texlive/2026/texmf-dist/tex/generic/uniquecounter/uniquecounter.sty
))) (/usr/local/texlive/2026/texmf-dist/tex/latex/cleveref/cleveref.sty)
==> First Aid for cleveref.sty applied!
(/usr/local/texlive/2026/texmf-dist/tex/latex/lm/t1lmr.fd)
(/usr/local/texlive/2026/texmf-dist/tex/latex/l3backend/l3backend-pdftex.def)
(./main.aux) (/usr/local/texlive/2026/texmf-dist/tex/latex/lm/ot1lmr.fd)
(/usr/local/texlive/2026/texmf-dist/tex/latex/lm/omllmm.fd)
(/usr/local/texlive/2026/texmf-dist/tex/latex/lm/omslmsy.fd)
(/usr/local/texlive/2026/texmf-dist/tex/latex/lm/omxlmex.fd)
(/usr/local/texlive/2026/texmf-dist/tex/latex/amsfonts/umsa.fd)
(/usr/local/texlive/2026/texmf-dist/tex/latex/amsfonts/umsb.fd)
(/usr/local/texlive/2026/texmf-dist/tex/latex/graphics/graphicx.sty
(/usr/local/texlive/2026/texmf-dist/tex/latex/graphics/graphics.sty
(/usr/local/texlive/2026/texmf-dist/tex/latex/graphics/trig.sty)
(/usr/local/texlive/2026/texmf-dist/tex/latex/graphics-cfg/graphics.cfg)
(/usr/local/texlive/2026/texmf-dist/tex/latex/graphics-def/pdftex.def
(/usr/local/texlive/2026/texmf-dist/tex/context/base/mkii/supp-pdf.mkii
[Loading MPS to PDF converter (version 2006.09.02).]
)))
(/usr/local/texlive/2026/texmf-dist/tex/latex/epstopdf-pkg/epstopdf-base.sty
(/usr/local/texlive/2026/texmf-dist/tex/latex/latexconfig/epstopdf-sys.cfg)))
(/usr/local/texlive/2026/texmf-dist/tex/latex/microtype/mt-cmr.cfg)
(/usr/local/texlive/2026/texmf-dist/tex/latex/graphics/color.sty
(/usr/local/texlive/2026/texmf-dist/tex/latex/graphics-cfg/color.cfg)
(/usr/local/texlive/2026/texmf-dist/tex/latex/graphics/mathcolor.ltx))
(./main.out) (./main.out) [1{/usr/local/texlive/2026/texmf-var/fonts/map/pdftex
/updmap/pdftex.map}{/usr/local/texlive/2026/texmf-dist/fonts/enc/dvips/lm/lm-ec
.enc}{/usr/local/texlive/2026/texmf-dist/fonts/enc/dvips/lm/lm-mathsy.enc}]
[2{/usr/local/texlive/2026/texmf-dist/fonts/enc/dvips/lm/lm-mathit.enc}{/usr/lo
cal/texlive/2026/texmf-dist/fonts/enc/dvips/lm/lm-rm.enc}{/usr/local/texlive/20
26/texmf-dist/fonts/enc/dvips/lm/lm-mathex.enc}]
(/usr/local/texlive/2026/texmf-dist/tex/latex/microtype/mt-msa.cfg)
(/usr/local/texlive/2026/texmf-dist/tex/latex/microtype/mt-msb.cfg) [3]
[4] [5] [6] [7] (/usr/local/texlive/2026/texmf-dist/tex/latex/lm/ot1lmss.fd)
(/usr/local/texlive/2026/texmf-dist/tex/latex/amsfonts/ueuf.fd)
(/usr/local/texlive/2026/texmf-dist/tex/latex/microtype/mt-euf.cfg) [8]
[9] [10] [11] [12] [13] [14] [15] [16] [17] [18] [19] [20] [21] [22] [23]
[24] [25] [26] [27] [28] [29] [30] [31] [32]
(/usr/local/texlive/2026/texmf-dist/tex/latex/lm/t1lmtt.fd) [33] [34] [35]
[36] [37] [38] [39] (./main.bbl) [40] [41] (./main.aux)

LaTeX Warning: Label(s) may have changed. Rerun to get cross-references right.

 )</usr/local/texlive/2026/texmf-dist/fonts/type1/public/amsfonts/euler/eufm10.
pfb></usr/local/texlive/2026/texmf-dist/fonts/type1/public/lm/lmbx10.pfb></usr/
local/texlive/2026/texmf-dist/fonts/type1/public/lm/lmbx9.pfb></usr/local/texli
ve/2026/texmf-dist/fonts/type1/public/lm/lmcsc10.pfb></usr/local/texlive/2026/t
exmf-dist/fonts/type1/public/lm/lmex10.pfb></usr/local/texlive/2026/texmf-dist/
fonts/type1/public/lm/lmmi10.pfb></usr/local/texlive/2026/texmf-dist/fonts/type
1/public/lm/lmmi6.pfb></usr/local/texlive/2026/texmf-dist/fonts/type1/public/lm
/lmmi7.pfb></usr/local/texlive/2026/texmf-dist/fonts/type1/public/lm/lmmi8.pfb>
</usr/local/texlive/2026/texmf-dist/fonts/type1/public/lm/lmmi9.pfb></usr/local
/texlive/2026/texmf-dist/fonts/type1/public/lm/lmr10.pfb></usr/local/texlive/20
26/texmf-dist/fonts/type1/public/lm/lmr6.pfb></usr/local/texlive/2026/texmf-dis
t/fonts/type1/public/lm/lmr7.pfb></usr/local/texlive/2026/texmf-dist/fonts/type
1/public/lm/lmr8.pfb></usr/local/texlive/2026/texmf-dist/fonts/type1/public/lm/
lmr9.pfb></usr/local/texlive/2026/texmf-dist/fonts/type1/public/lm/lmri10.pfb><
/usr/local/texlive/2026/texmf-dist/fonts/type1/public/lm/lmri9.pfb></usr/local/
texlive/2026/texmf-dist/fonts/type1/public/lm/lmss10.pfb></usr/local/texlive/20
26/texmf-dist/fonts/type1/public/lm/lmsy10.pfb></usr/local/texlive/2026/texmf-d
ist/fonts/type1/public/lm/lmsy6.pfb></usr/local/texlive/2026/texmf-dist/fonts/t
ype1/public/lm/lmsy7.pfb></usr/local/texlive/2026/texmf-dist/fonts/type1/public
/lm/lmsy8.pfb></usr/local/texlive/2026/texmf-dist/fonts/type1/public/lm/lmsy9.p
fb></usr/local/texlive/2026/texmf-dist/fonts/type1/public/lm/lmtt10.pfb></usr/l
ocal/texlive/2026/texmf-dist/fonts/type1/public/lm/lmtt8.pfb></usr/local/texliv
e/2026/texmf-dist/fonts/type1/public/lm/lmtt9.pfb></usr/local/texlive/2026/texm
f-dist/fonts/type1/public/amsfonts/symbols/msam10.pfb></usr/local/texlive/2026/
texmf-dist/fonts/type1/public/amsfonts/symbols/msbm10.pfb>
Output written on main.pdf (41 pages, 602917 bytes).
Transcript written on main.log.
Latexmk: Getting log file 'main.log'
Latexmk: Examining 'main.fls'
Latexmk: Examining 'main.log'
Latexmk: Found input bbl file 'main.bbl'
Latexmk: References changed.
Latexmk: Log file says output to 'main.pdf'
Latexmk: Using bibtex to make bibliography file(s).
  ===Source file 'main.bbl' for 'pdflatex'
Latexmk: Found bibliography file(s):
  ./references.bib
Latexmk: applying rule 'bibtex main'...
Rule 'bibtex main':  Reasons for rerun
Changed files or newly in use/created:
  main.aux

------------
Run number 2 of rule 'bibtex main'
------------
------------
Running 'bibtex  "main.aux"'
------------
This is BibTeX, Version 0.99e (TeX Live 2026)
The top-level auxiliary file: main.aux
The style file: amsplain.bst
Database file #1: references.bib
Latexmk: applying rule 'pdflatex'...
Rule 'pdflatex':  Reasons for rerun
Changed files or newly in use/created:
  main.aux

------------
Run number 3 of rule 'pdflatex'
------------
------------
Running 'pdflatex  -interaction=nonstopmode -halt-on-error -recorder  "main.tex"'
------------
This is pdfTeX, Version 3.141592653-2.6-1.40.29 (TeX Live 2026) (preloaded format=pdflatex)
 restricted \write18 enabled.
entering extended mode
(./main.tex
LaTeX2e <2025-11-01>
L3 programming layer <2026-01-19>
(/usr/local/texlive/2026/texmf-dist/tex/latex/amscls/amsart.cls
Document Class: amsart 2020/05/29 v2.20.6
(/usr/local/texlive/2026/texmf-dist/tex/latex/amsmath/amsmath.sty
For additional information on amsmath, use the `?' option.
(/usr/local/texlive/2026/texmf-dist/tex/latex/amsmath/amstext.sty
(/usr/local/texlive/2026/texmf-dist/tex/latex/amsmath/amsgen.sty))
(/usr/local/texlive/2026/texmf-dist/tex/latex/amsmath/amsbsy.sty)
(/usr/local/texlive/2026/texmf-dist/tex/latex/amsmath/amsopn.sty))
(/usr/local/texlive/2026/texmf-dist/tex/latex/amsfonts/umsa.fd)
(/usr/local/texlive/2026/texmf-dist/tex/latex/amsfonts/amsfonts.sty))
(/usr/local/texlive/2026/texmf-dist/tex/latex/base/fontenc.sty)
(/usr/local/texlive/2026/texmf-dist/tex/latex/lm/lmodern.sty)
(/usr/local/texlive/2026/texmf-dist/tex/latex/amsfonts/amssymb.sty)
(/usr/local/texlive/2026/texmf-dist/tex/latex/mathtools/mathtools.sty
(/usr/local/texlive/2026/texmf-dist/tex/latex/graphics/keyval.sty)
(/usr/local/texlive/2026/texmf-dist/tex/latex/tools/calc.sty)
(/usr/local/texlive/2026/texmf-dist/tex/latex/mathtools/mhsetup.sty))
(/usr/local/texlive/2026/texmf-dist/tex/latex/booktabs/booktabs.sty)
(/usr/local/texlive/2026/texmf-dist/tex/latex/enumitem/enumitem.sty)
(/usr/local/texlive/2026/texmf-dist/tex/latex/microtype/microtype.sty
(/usr/local/texlive/2026/texmf-dist/tex/latex/etoolbox/etoolbox.sty)
(/usr/local/texlive/2026/texmf-dist/tex/latex/microtype/microtype-pdftex.def)
(/usr/local/texlive/2026/texmf-dist/tex/latex/microtype/microtype.cfg))
(/usr/local/texlive/2026/texmf-dist/tex/latex/hyperref/hyperref.sty
(/usr/local/texlive/2026/texmf-dist/tex/generic/iftex/iftex.sty)
(/usr/local/texlive/2026/texmf-dist/tex/latex/kvsetkeys/kvsetkeys.sty)
(/usr/local/texlive/2026/texmf-dist/tex/generic/kvdefinekeys/kvdefinekeys.sty)
(/usr/local/texlive/2026/texmf-dist/tex/generic/pdfescape/pdfescape.sty
(/usr/local/texlive/2026/texmf-dist/tex/generic/ltxcmds/ltxcmds.sty)
(/usr/local/texlive/2026/texmf-dist/tex/generic/pdftexcmds/pdftexcmds.sty
(/usr/local/texlive/2026/texmf-dist/tex/generic/infwarerr/infwarerr.sty)))
(/usr/local/texlive/2026/texmf-dist/tex/latex/hycolor/hycolor.sty)
(/usr/local/texlive/2026/texmf-dist/tex/latex/hyperref/nameref.sty
(/usr/local/texlive/2026/texmf-dist/tex/latex/refcount/refcount.sty)
(/usr/local/texlive/2026/texmf-dist/tex/generic/gettitlestring/gettitlestring.s
ty (/usr/local/texlive/2026/texmf-dist/tex/latex/kvoptions/kvoptions.sty)))
(/usr/local/texlive/2026/texmf-dist/tex/generic/stringenc/stringenc.sty)
(/usr/local/texlive/2026/texmf-dist/tex/latex/hyperref/pd1enc.def)
(/usr/local/texlive/2026/texmf-dist/tex/generic/intcalc/intcalc.sty)
(/usr/local/texlive/2026/texmf-dist/tex/latex/hyperref/puenc.def)
(/usr/local/texlive/2026/texmf-dist/tex/latex/url/url.sty)
(/usr/local/texlive/2026/texmf-dist/tex/generic/bitset/bitset.sty
(/usr/local/texlive/2026/texmf-dist/tex/generic/bigintcalc/bigintcalc.sty)))
(/usr/local/texlive/2026/texmf-dist/tex/latex/hyperref/hpdftex.def
(/usr/local/texlive/2026/texmf-dist/tex/latex/rerunfilecheck/rerunfilecheck.sty

(/usr/local/texlive/2026/texmf-dist/tex/generic/uniquecounter/uniquecounter.sty
))) (/usr/local/texlive/2026/texmf-dist/tex/latex/cleveref/cleveref.sty)
==> First Aid for cleveref.sty applied!
(/usr/local/texlive/2026/texmf-dist/tex/latex/lm/t1lmr.fd)
(/usr/local/texlive/2026/texmf-dist/tex/latex/l3backend/l3backend-pdftex.def)
(./main.aux) (/usr/local/texlive/2026/texmf-dist/tex/latex/lm/ot1lmr.fd)
(/usr/local/texlive/2026/texmf-dist/tex/latex/lm/omllmm.fd)
(/usr/local/texlive/2026/texmf-dist/tex/latex/lm/omslmsy.fd)
(/usr/local/texlive/2026/texmf-dist/tex/latex/lm/omxlmex.fd)
(/usr/local/texlive/2026/texmf-dist/tex/latex/amsfonts/umsa.fd)
(/usr/local/texlive/2026/texmf-dist/tex/latex/amsfonts/umsb.fd)
(/usr/local/texlive/2026/texmf-dist/tex/latex/graphics/graphicx.sty
(/usr/local/texlive/2026/texmf-dist/tex/latex/graphics/graphics.sty
(/usr/local/texlive/2026/texmf-dist/tex/latex/graphics/trig.sty)
(/usr/local/texlive/2026/texmf-dist/tex/latex/graphics-cfg/graphics.cfg)
(/usr/local/texlive/2026/texmf-dist/tex/latex/graphics-def/pdftex.def
(/usr/local/texlive/2026/texmf-dist/tex/context/base/mkii/supp-pdf.mkii
[Loading MPS to PDF converter (version 2006.09.02).]
)))
(/usr/local/texlive/2026/texmf-dist/tex/latex/epstopdf-pkg/epstopdf-base.sty
(/usr/local/texlive/2026/texmf-dist/tex/latex/latexconfig/epstopdf-sys.cfg)))
(/usr/local/texlive/2026/texmf-dist/tex/latex/microtype/mt-cmr.cfg)
(/usr/local/texlive/2026/texmf-dist/tex/latex/graphics/color.sty
(/usr/local/texlive/2026/texmf-dist/tex/latex/graphics-cfg/color.cfg)
(/usr/local/texlive/2026/texmf-dist/tex/latex/graphics/mathcolor.ltx))
(./main.out) (./main.out) [1{/usr/local/texlive/2026/texmf-var/fonts/map/pdftex
/updmap/pdftex.map}{/usr/local/texlive/2026/texmf-dist/fonts/enc/dvips/lm/lm-ec
.enc}{/usr/local/texlive/2026/texmf-dist/fonts/enc/dvips/lm/lm-mathsy.enc}]
[2{/usr/local/texlive/2026/texmf-dist/fonts/enc/dvips/lm/lm-mathit.enc}{/usr/lo
cal/texlive/2026/texmf-dist/fonts/enc/dvips/lm/lm-rm.enc}{/usr/local/texlive/20
26/texmf-dist/fonts/enc/dvips/lm/lm-mathex.enc}]
(/usr/local/texlive/2026/texmf-dist/tex/latex/microtype/mt-msa.cfg)
(/usr/local/texlive/2026/texmf-dist/tex/latex/microtype/mt-msb.cfg) [3]
[4] [5] [6] [7] (/usr/local/texlive/2026/texmf-dist/tex/latex/lm/ot1lmss.fd)
(/usr/local/texlive/2026/texmf-dist/tex/latex/amsfonts/ueuf.fd)
(/usr/local/texlive/2026/texmf-dist/tex/latex/microtype/mt-euf.cfg) [8]
[9] [10] [11] [12] [13] [14] [15] [16] [17] [18] [19] [20] [21] [22] [23]
[24] [25] [26] [27] [28] [29] [30] [31] [32]
(/usr/local/texlive/2026/texmf-dist/tex/latex/lm/t1lmtt.fd) [33] [34] [35]
[36] [37] [38] [39] (./main.bbl) [40] [41] (./main.aux) )</usr/local/texlive/20
26/texmf-dist/fonts/type1/public/amsfonts/euler/eufm10.pfb></usr/local/texlive/
2026/texmf-dist/fonts/type1/public/lm/lmbx10.pfb></usr/local/texlive/2026/texmf
-dist/fonts/type1/public/lm/lmbx9.pfb></usr/local/texlive/2026/texmf-dist/fonts
/type1/public/lm/lmcsc10.pfb></usr/local/texlive/2026/texmf-dist/fonts/type1/pu
blic/lm/lmex10.pfb></usr/local/texlive/2026/texmf-dist/fonts/type1/public/lm/lm
mi10.pfb></usr/local/texlive/2026/texmf-dist/fonts/type1/public/lm/lmmi6.pfb></
usr/local/texlive/2026/texmf-dist/fonts/type1/public/lm/lmmi7.pfb></usr/local/t
exlive/2026/texmf-dist/fonts/type1/public/lm/lmmi8.pfb></usr/local/texlive/2026
/texmf-dist/fonts/type1/public/lm/lmmi9.pfb></usr/local/texlive/2026/texmf-dist
/fonts/type1/public/lm/lmr10.pfb></usr/local/texlive/2026/texmf-dist/fonts/type
1/public/lm/lmr6.pfb></usr/local/texlive/2026/texmf-dist/fonts/type1/public/lm/
lmr7.pfb></usr/local/texlive/2026/texmf-dist/fonts/type1/public/lm/lmr8.pfb></u
sr/local/texlive/2026/texmf-dist/fonts/type1/public/lm/lmr9.pfb></usr/local/tex
live/2026/texmf-dist/fonts/type1/public/lm/lmri10.pfb></usr/local/texlive/2026/
texmf-dist/fonts/type1/public/lm/lmri9.pfb></usr/local/texlive/2026/texmf-dist/
fonts/type1/public/lm/lmss10.pfb></usr/local/texlive/2026/texmf-dist/fonts/type
1/public/lm/lmsy10.pfb></usr/local/texlive/2026/texmf-dist/fonts/type1/public/l
m/lmsy6.pfb></usr/local/texlive/2026/texmf-dist/fonts/type1/public/lm/lmsy7.pfb
></usr/local/texlive/2026/texmf-dist/fonts/type1/public/lm/lmsy8.pfb></usr/loca
l/texlive/2026/texmf-dist/fonts/type1/public/lm/lmsy9.pfb></usr/local/texlive/2
026/texmf-dist/fonts/type1/public/lm/lmtt10.pfb></usr/local/texlive/2026/texmf-
dist/fonts/type1/public/lm/lmtt8.pfb></usr/local/texlive/2026/texmf-dist/fonts/
type1/public/lm/lmtt9.pfb></usr/local/texlive/2026/texmf-dist/fonts/type1/publi
c/amsfonts/symbols/msam10.pfb></usr/local/texlive/2026/texmf-dist/fonts/type1/p
ublic/amsfonts/symbols/msbm10.pfb>
Output written on main.pdf (41 pages, 602917 bytes).
Transcript written on main.log.
Latexmk: Getting log file 'main.log'
Latexmk: Examining 'main.fls'
Latexmk: Examining 'main.log'
Latexmk: Found input bbl file 'main.bbl'
Latexmk: Log file says output to 'main.pdf'
Latexmk: Using bibtex to make bibliography file(s).
  ===Source file 'main.bbl' for 'pdflatex'
Latexmk: Found bibliography file(s):
  ./references.bib
Latexmk: All targets (main.pdf) are up-to-date

