Title:           Exact stitched-sheet, local-box, and complex-phase-tube positivity for a Hermitian rank-two scalar gate
Subject:         Exact computer-assisted partial positivity theorems for a Hermitian scalar gate
Keywords:        Hermitian matrix inequality, common metric, trace norm, Schur complement, Bernstein polynomial
Author:          Zijian Zeng; Houde Liu; Kuru Ratnavelu; Ong Seng Huat; Yonghua Xiong
Creator:         LaTeX with hyperref
Producer:        pdfTeX-1.40.29
CreationDate:    Wed Aug 26 00:00:00 2026 CST
ModDate:         Wed Aug 26 00:00:00 2026 CST
Custom Metadata: yes
Metadata Stream: no
Tagged:          no
UserProperties:  no
Suspects:        no
Form:            none
JavaScript:      no
Pages:           42
Encrypted:       no
Page size:       612 x 792 pts (letter)
Page rot:        0
File size:       609424 bytes
Optimized:       no
PDF version:     1.7
