C0_TERMS=1
C0_DEGREES=[0, 0, 0]
C0_CONTROLS=1
C0_MIN=(0, 0, 0):5
C0_ALL_GLOBAL_MINIMA=[(0, 0, 0)]
C1_TERMS=5
C1_DEGREES=[0, 2, 2]
C1_CONTROLS=9
C1_MIN=(0, 2, 2):649/1000
C1_ALL_GLOBAL_MINIMA=[(0, 2, 2)]
C2_TERMS=26
C2_DEGREES=[1, 4, 4]
C2_CONTROLS=50
C2_MIN=(0, 4, 0):9900499/810000
C2_ALL_GLOBAL_MINIMA=[(0, 4, 0)]
C3_TERMS=42
C3_DEGREES=[2, 6, 6]
C3_CONTROLS=147
C3_MIN=(0, 6, 0):66774911/121500000
C3_ALL_GLOBAL_MINIMA=[(0, 6, 0)]
C4_TERMS=120
C4_DEGREES=[3, 8, 8]
C4_CONTROLS=324
C4_MIN=(0, 8, 0):413215508881/109350000000
C4_ALL_GLOBAL_MINIMA=[(0, 8, 0)]
DANGER_LOWER=4653/10000
DETC_OVER_S=5/72
TOTAL_CONTROLS=531
DIAGNOSTICS=81/81
DIAGNOSTIC_MIN=648247688938747558319039/129600000000000000000000
PASS predecessor bindings
PASS strict next adjacent-x legality, rank two, and both signed-z lifts
PASS original fully conjugated Hermitian Q,Q^2 reconstruction
PASS exact parameter/Hermitian/raw-gate/control seam at x=63/100
PASS exact positive coefficient certificates on adjacent (S,y,x) box
scope=63/100<=x<=16/25, |y|<=1/100, Z=1/8, 0<h<=1, lambda>0
