tmp/research/common_metric_ranktwo_transverse_compact_ball_uncovered_box_x5_8_xy_adjacent_x627_1000_source_candidate.md: OK
tmp/research/compact_ball_uncovered_box_x5_8_xy_adjacent_x627_1000_attack_bad_normalization.exit: OK
tmp/research/compact_ball_uncovered_box_x5_8_xy_adjacent_x627_1000_attack_bad_normalization.log: OK
tmp/research/compact_ball_uncovered_box_x5_8_xy_adjacent_x627_1000_attack_bad_predecessor.exit: OK
tmp/research/compact_ball_uncovered_box_x5_8_xy_adjacent_x627_1000_attack_bad_predecessor.log: OK
tmp/research/compact_ball_uncovered_box_x5_8_xy_adjacent_x627_1000_attack_break_seam.exit: OK
tmp/research/compact_ball_uncovered_box_x5_8_xy_adjacent_x627_1000_attack_break_seam.log: OK
tmp/research/compact_ball_uncovered_box_x5_8_xy_adjacent_x627_1000_attack_corrupt_coefficient.exit: OK
tmp/research/compact_ball_uncovered_box_x5_8_xy_adjacent_x627_1000_attack_corrupt_coefficient.log: OK
tmp/research/compact_ball_uncovered_box_x5_8_xy_adjacent_x627_1000_attack_drop_control.exit: OK
tmp/research/compact_ball_uncovered_box_x5_8_xy_adjacent_x627_1000_attack_drop_control.log: OK
tmp/research/compact_ball_uncovered_box_x5_8_xy_adjacent_x627_1000_attack_drop_q2.exit: OK
tmp/research/compact_ball_uncovered_box_x5_8_xy_adjacent_x627_1000_attack_drop_q2.log: OK
tmp/research/compact_ball_uncovered_box_x5_8_xy_adjacent_x627_1000_attack_flip_danger.exit: OK
tmp/research/compact_ball_uncovered_box_x5_8_xy_adjacent_x627_1000_attack_flip_danger.log: OK
tmp/research/compact_ball_uncovered_box_x5_8_xy_adjacent_x627_1000_attack_optimized.exit: OK
tmp/research/compact_ball_uncovered_box_x5_8_xy_adjacent_x627_1000_attack_optimized.log: OK
tmp/research/compact_ball_uncovered_box_x5_8_xy_adjacent_x627_1000_exact_gate.py: OK
tmp/research/compact_ball_uncovered_box_x5_8_xy_adjacent_x627_1000_fail_closed_test_record.md: OK
tmp/research/compact_ball_uncovered_box_x5_8_xy_adjacent_x627_1000_freeze_verifier_attack_bad_manifest.exit: OK
tmp/research/compact_ball_uncovered_box_x5_8_xy_adjacent_x627_1000_freeze_verifier_attack_bad_manifest.log: OK
tmp/research/compact_ball_uncovered_box_x5_8_xy_adjacent_x627_1000_freeze_verifier_attack_bad_source_hash.exit: OK
tmp/research/compact_ball_uncovered_box_x5_8_xy_adjacent_x627_1000_freeze_verifier_attack_bad_source_hash.log: OK
tmp/research/compact_ball_uncovered_box_x5_8_xy_adjacent_x627_1000_freeze_verifier_normal.exit: OK
tmp/research/compact_ball_uncovered_box_x5_8_xy_adjacent_x627_1000_freeze_verifier_normal.log: OK
tmp/research/compact_ball_uncovered_box_x5_8_xy_adjacent_x627_1000_normal.exit: OK
tmp/research/compact_ball_uncovered_box_x5_8_xy_adjacent_x627_1000_normal.log: OK
tmp/research/compact_ball_uncovered_box_x5_8_xy_adjacent_x627_1000_pycompile.exit: OK
tmp/research/compact_ball_uncovered_box_x5_8_xy_adjacent_x627_1000_pycompile.log: OK
tmp/research/compact_ball_uncovered_box_x5_8_xy_adjacent_x627_1000_scout.exit: OK
tmp/research/compact_ball_uncovered_box_x5_8_xy_adjacent_x627_1000_scout.log: OK
tmp/research/compact_ball_uncovered_box_x5_8_xy_adjacent_x627_1000_scout_pycompile.exit: OK
tmp/research/compact_ball_uncovered_box_x5_8_xy_adjacent_x627_1000_scout_pycompile.log: OK
tmp/research/verify_compact_ball_uncovered_box_x5_8_xy_adjacent_x627_1000_source_freeze.py: OK
audit/COMMON_METRIC_RANKTWO_TRANSVERSE_FULL_CONE_COMPACT_BALL_REDUCTION_REFEREE_AUDIT.md: OK
audit/COMPACT_BALL_UNCOVERED_BOX_X5_8_XY_ADJACENT_X627_1000_INDEPENDENT_REFEREE_AUDIT.md: OK
audit/COMPACT_BALL_UNCOVERED_BOX_X5_8_XY_INDEPENDENT_REFEREE_AUDIT.md: OK
tmp/research/audit/adjacent_x627_attack_bad_manifest.sha256: OK
tmp/research/audit/adjacent_x627_attack_bad_predecessor.py: OK
tmp/research/audit/adjacent_x627_attack_bad_source.py: OK
tmp/research/audit/compact_ball_uncovered_box_x5_8_xy_adjacent_x627_1000_independent_referee_test_results.txt: OK
tmp/research/audit/compact_ball_uncovered_box_x5_8_xy_independent_referee_manifest.sha256: OK
tmp/research/audit/uncovered_box_x5_8_xy_adjacent_x627_1000_referee_literal_free_scout.exit: OK
tmp/research/audit/uncovered_box_x5_8_xy_adjacent_x627_1000_referee_literal_free_scout.log: OK
tmp/research/audit/uncovered_box_x5_8_xy_adjacent_x627_1000_referee_literal_free_scout.py: OK
tmp/research/audit/uncovered_box_x5_8_xy_adjacent_x627_1000_referee_literal_free_scout_attempt1.exit: OK
tmp/research/audit/uncovered_box_x5_8_xy_adjacent_x627_1000_referee_literal_free_scout_attempt1.log: OK
tmp/research/audit/verify_compact_ball_uncovered_box_x5_8_xy_adjacent_x627_1000_independent_referee.py: OK
tmp/research/audit/verify_compact_ball_uncovered_box_x5_8_xy_adjacent_x627_1000_independent_referee_bad_manifest.exit: OK
tmp/research/audit/verify_compact_ball_uncovered_box_x5_8_xy_adjacent_x627_1000_independent_referee_bad_manifest.log: OK
tmp/research/audit/verify_compact_ball_uncovered_box_x5_8_xy_adjacent_x627_1000_independent_referee_bad_normalization.exit: OK
tmp/research/audit/verify_compact_ball_uncovered_box_x5_8_xy_adjacent_x627_1000_independent_referee_bad_normalization.log: OK
tmp/research/audit/verify_compact_ball_uncovered_box_x5_8_xy_adjacent_x627_1000_independent_referee_bad_predecessor.exit: OK
tmp/research/audit/verify_compact_ball_uncovered_box_x5_8_xy_adjacent_x627_1000_independent_referee_bad_predecessor.log: OK
tmp/research/audit/verify_compact_ball_uncovered_box_x5_8_xy_adjacent_x627_1000_independent_referee_bad_source.exit: OK
tmp/research/audit/verify_compact_ball_uncovered_box_x5_8_xy_adjacent_x627_1000_independent_referee_bad_source.log: OK
tmp/research/audit/verify_compact_ball_uncovered_box_x5_8_xy_adjacent_x627_1000_independent_referee_break_seam.exit: OK
tmp/research/audit/verify_compact_ball_uncovered_box_x5_8_xy_adjacent_x627_1000_independent_referee_break_seam.log: OK
tmp/research/audit/verify_compact_ball_uncovered_box_x5_8_xy_adjacent_x627_1000_independent_referee_corrupt_coefficient.exit: OK
tmp/research/audit/verify_compact_ball_uncovered_box_x5_8_xy_adjacent_x627_1000_independent_referee_corrupt_coefficient.log: OK
tmp/research/audit/verify_compact_ball_uncovered_box_x5_8_xy_adjacent_x627_1000_independent_referee_drop_control.exit: OK
tmp/research/audit/verify_compact_ball_uncovered_box_x5_8_xy_adjacent_x627_1000_independent_referee_drop_control.log: OK
tmp/research/audit/verify_compact_ball_uncovered_box_x5_8_xy_adjacent_x627_1000_independent_referee_drop_q2.exit: OK
tmp/research/audit/verify_compact_ball_uncovered_box_x5_8_xy_adjacent_x627_1000_independent_referee_drop_q2.log: OK
tmp/research/audit/verify_compact_ball_uncovered_box_x5_8_xy_adjacent_x627_1000_independent_referee_flip_danger.exit: OK
tmp/research/audit/verify_compact_ball_uncovered_box_x5_8_xy_adjacent_x627_1000_independent_referee_flip_danger.log: OK
tmp/research/audit/verify_compact_ball_uncovered_box_x5_8_xy_adjacent_x627_1000_independent_referee_isolated_replay.exit: OK
tmp/research/audit/verify_compact_ball_uncovered_box_x5_8_xy_adjacent_x627_1000_independent_referee_isolated_replay.log: OK
tmp/research/audit/verify_compact_ball_uncovered_box_x5_8_xy_adjacent_x627_1000_independent_referee_normal.exit: OK
tmp/research/audit/verify_compact_ball_uncovered_box_x5_8_xy_adjacent_x627_1000_independent_referee_normal.log: OK
tmp/research/audit/verify_compact_ball_uncovered_box_x5_8_xy_adjacent_x627_1000_independent_referee_optimized.exit: OK
tmp/research/audit/verify_compact_ball_uncovered_box_x5_8_xy_adjacent_x627_1000_independent_referee_optimized.log: OK
tmp/research/audit/verify_compact_ball_uncovered_box_x5_8_xy_adjacent_x627_1000_independent_referee_pycompile.exit: OK
tmp/research/audit/verify_compact_ball_uncovered_box_x5_8_xy_adjacent_x627_1000_independent_referee_pycompile.log: OK
tmp/research/audit/verify_compact_ball_uncovered_box_x5_8_xy_adjacent_x627_1000_independent_referee_root_replay.exit: OK
tmp/research/audit/verify_compact_ball_uncovered_box_x5_8_xy_adjacent_x627_1000_independent_referee_root_replay.log: OK
tmp/research/audit/verify_compact_ball_uncovered_box_x5_8_xy_independent_referee.py: OK
tmp/research/common_metric_ranktwo_transverse_full_cone_compact_ball_reduction.md: OK
tmp/research/compact_ball_uncovered_box_x5_8_xy_adjacent_x627_1000_exact_gate.py: OK
tmp/research/compact_ball_uncovered_box_x5_8_xy_adjacent_x627_1000_source_freeze_manifest.sha256: OK
tmp/research/compact_ball_uncovered_box_x5_8_xy_exact_gate.py: OK
tmp/research/compact_ball_uncovered_box_x5_8_xy_source_freeze_manifest.sha256: OK
tmp/research/common_metric_ranktwo_transverse_compact_ball_uncovered_box_x5_8_xy_adjacent_x63_100_source_candidate.md: OK
tmp/research/compact_ball_uncovered_box_x5_8_xy_adjacent_x63_100_attack_bad_normalization.exit: OK
tmp/research/compact_ball_uncovered_box_x5_8_xy_adjacent_x63_100_attack_bad_normalization.log: OK
tmp/research/compact_ball_uncovered_box_x5_8_xy_adjacent_x63_100_attack_bad_predecessor.exit: OK
tmp/research/compact_ball_uncovered_box_x5_8_xy_adjacent_x63_100_attack_bad_predecessor.log: OK
tmp/research/compact_ball_uncovered_box_x5_8_xy_adjacent_x63_100_attack_break_seam.exit: OK
tmp/research/compact_ball_uncovered_box_x5_8_xy_adjacent_x63_100_attack_break_seam.log: OK
tmp/research/compact_ball_uncovered_box_x5_8_xy_adjacent_x63_100_attack_corrupt_coefficient.exit: OK
tmp/research/compact_ball_uncovered_box_x5_8_xy_adjacent_x63_100_attack_corrupt_coefficient.log: OK
tmp/research/compact_ball_uncovered_box_x5_8_xy_adjacent_x63_100_attack_drop_control.exit: OK
tmp/research/compact_ball_uncovered_box_x5_8_xy_adjacent_x63_100_attack_drop_control.log: OK
tmp/research/compact_ball_uncovered_box_x5_8_xy_adjacent_x63_100_attack_drop_q2.exit: OK
tmp/research/compact_ball_uncovered_box_x5_8_xy_adjacent_x63_100_attack_drop_q2.log: OK
tmp/research/compact_ball_uncovered_box_x5_8_xy_adjacent_x63_100_attack_flip_danger.exit: OK
tmp/research/compact_ball_uncovered_box_x5_8_xy_adjacent_x63_100_attack_flip_danger.log: OK
tmp/research/compact_ball_uncovered_box_x5_8_xy_adjacent_x63_100_attack_optimized.exit: OK
tmp/research/compact_ball_uncovered_box_x5_8_xy_adjacent_x63_100_attack_optimized.log: OK
tmp/research/compact_ball_uncovered_box_x5_8_xy_adjacent_x63_100_exact_gate.py: OK
tmp/research/compact_ball_uncovered_box_x5_8_xy_adjacent_x63_100_fail_closed_test_record.md: OK
tmp/research/compact_ball_uncovered_box_x5_8_xy_adjacent_x63_100_freeze_verifier_attack_bad_manifest.exit: OK
tmp/research/compact_ball_uncovered_box_x5_8_xy_adjacent_x63_100_freeze_verifier_attack_bad_manifest.log: OK
tmp/research/compact_ball_uncovered_box_x5_8_xy_adjacent_x63_100_freeze_verifier_attack_bad_source_hash.exit: OK
tmp/research/compact_ball_uncovered_box_x5_8_xy_adjacent_x63_100_freeze_verifier_attack_bad_source_hash.log: OK
tmp/research/compact_ball_uncovered_box_x5_8_xy_adjacent_x63_100_freeze_verifier_normal.exit: OK
tmp/research/compact_ball_uncovered_box_x5_8_xy_adjacent_x63_100_freeze_verifier_normal.log: OK
tmp/research/compact_ball_uncovered_box_x5_8_xy_adjacent_x63_100_manifest_isolated_replay.exit: OK
tmp/research/compact_ball_uncovered_box_x5_8_xy_adjacent_x63_100_manifest_isolated_replay.log: OK
tmp/research/compact_ball_uncovered_box_x5_8_xy_adjacent_x63_100_manifest_root_replay.exit: OK
tmp/research/compact_ball_uncovered_box_x5_8_xy_adjacent_x63_100_manifest_root_replay.log: OK
tmp/research/compact_ball_uncovered_box_x5_8_xy_adjacent_x63_100_normal.exit: OK
tmp/research/compact_ball_uncovered_box_x5_8_xy_adjacent_x63_100_normal.log: OK
tmp/research/compact_ball_uncovered_box_x5_8_xy_adjacent_x63_100_pycompile.exit: OK
tmp/research/compact_ball_uncovered_box_x5_8_xy_adjacent_x63_100_pycompile.log: OK
tmp/research/compact_ball_uncovered_box_x5_8_xy_adjacent_x63_100_scout.exit: OK
tmp/research/compact_ball_uncovered_box_x5_8_xy_adjacent_x63_100_scout.log: OK
tmp/research/compact_ball_uncovered_box_x5_8_xy_adjacent_x63_100_scout_pycompile.exit: OK
tmp/research/compact_ball_uncovered_box_x5_8_xy_adjacent_x63_100_scout_pycompile.log: OK
tmp/research/verify_compact_ball_uncovered_box_x5_8_xy_adjacent_x63_100_source_freeze.py: OK
audit/COMMON_METRIC_RANKTWO_TRANSVERSE_FULL_CONE_COMPACT_BALL_REDUCTION_REFEREE_AUDIT.md: OK
audit/COMPACT_BALL_UNCOVERED_BOX_X5_8_XY_ADJACENT_X627_1000_INDEPENDENT_REFEREE_AUDIT.md: OK
audit/COMPACT_BALL_UNCOVERED_BOX_X5_8_XY_ADJACENT_X63_100_INDEPENDENT_REFEREE_AUDIT.md: OK
tmp/research/audit/adjacent_x63_attack_bad_manifest.sha256: OK
tmp/research/audit/adjacent_x63_attack_bad_predecessor.py: OK
tmp/research/audit/adjacent_x63_attack_bad_source.py: OK
tmp/research/audit/compact_ball_uncovered_box_x5_8_xy_adjacent_x627_1000_independent_referee_manifest.sha256: OK
tmp/research/audit/compact_ball_uncovered_box_x5_8_xy_adjacent_x63_100_independent_referee_test_results.txt: OK
tmp/research/audit/uncovered_box_x5_8_xy_adjacent_x63_100_referee_literal_free_scout.exit: OK
tmp/research/audit/uncovered_box_x5_8_xy_adjacent_x63_100_referee_literal_free_scout.log: OK
tmp/research/audit/uncovered_box_x5_8_xy_adjacent_x63_100_referee_literal_free_scout.py: OK
tmp/research/audit/uncovered_box_x5_8_xy_adjacent_x63_100_referee_literal_free_scout_attempt1.exit: OK
tmp/research/audit/uncovered_box_x5_8_xy_adjacent_x63_100_referee_literal_free_scout_attempt1.log: OK
tmp/research/audit/verify_compact_ball_uncovered_box_x5_8_xy_adjacent_x627_1000_independent_referee.py: OK
tmp/research/audit/verify_compact_ball_uncovered_box_x5_8_xy_adjacent_x63_100_independent_referee.py: OK
tmp/research/audit/verify_compact_ball_uncovered_box_x5_8_xy_adjacent_x63_100_independent_referee_bad_clearing.exit: OK
tmp/research/audit/verify_compact_ball_uncovered_box_x5_8_xy_adjacent_x63_100_independent_referee_bad_clearing.log: OK
tmp/research/audit/verify_compact_ball_uncovered_box_x5_8_xy_adjacent_x63_100_independent_referee_bad_clearing_attempt1.exit: OK
tmp/research/audit/verify_compact_ball_uncovered_box_x5_8_xy_adjacent_x63_100_independent_referee_bad_clearing_attempt1.log: OK
tmp/research/audit/verify_compact_ball_uncovered_box_x5_8_xy_adjacent_x63_100_independent_referee_bad_manifest.exit: OK
tmp/research/audit/verify_compact_ball_uncovered_box_x5_8_xy_adjacent_x63_100_independent_referee_bad_manifest.log: OK
tmp/research/audit/verify_compact_ball_uncovered_box_x5_8_xy_adjacent_x63_100_independent_referee_bad_manifest_attempt1.exit: OK
tmp/research/audit/verify_compact_ball_uncovered_box_x5_8_xy_adjacent_x63_100_independent_referee_bad_manifest_attempt1.log: OK
tmp/research/audit/verify_compact_ball_uncovered_box_x5_8_xy_adjacent_x63_100_independent_referee_bad_normalization.exit: OK
tmp/research/audit/verify_compact_ball_uncovered_box_x5_8_xy_adjacent_x63_100_independent_referee_bad_normalization.log: OK
tmp/research/audit/verify_compact_ball_uncovered_box_x5_8_xy_adjacent_x63_100_independent_referee_bad_normalization_attempt1.exit: OK
tmp/research/audit/verify_compact_ball_uncovered_box_x5_8_xy_adjacent_x63_100_independent_referee_bad_normalization_attempt1.log: OK
tmp/research/audit/verify_compact_ball_uncovered_box_x5_8_xy_adjacent_x63_100_independent_referee_bad_predecessor.exit: OK
tmp/research/audit/verify_compact_ball_uncovered_box_x5_8_xy_adjacent_x63_100_independent_referee_bad_predecessor.log: OK
tmp/research/audit/verify_compact_ball_uncovered_box_x5_8_xy_adjacent_x63_100_independent_referee_bad_predecessor_attempt1.exit: OK
tmp/research/audit/verify_compact_ball_uncovered_box_x5_8_xy_adjacent_x63_100_independent_referee_bad_predecessor_attempt1.log: OK
tmp/research/audit/verify_compact_ball_uncovered_box_x5_8_xy_adjacent_x63_100_independent_referee_bad_source.exit: OK
tmp/research/audit/verify_compact_ball_uncovered_box_x5_8_xy_adjacent_x63_100_independent_referee_bad_source.log: OK
tmp/research/audit/verify_compact_ball_uncovered_box_x5_8_xy_adjacent_x63_100_independent_referee_bad_source_attempt1.exit: OK
tmp/research/audit/verify_compact_ball_uncovered_box_x5_8_xy_adjacent_x63_100_independent_referee_bad_source_attempt1.log: OK
tmp/research/audit/verify_compact_ball_uncovered_box_x5_8_xy_adjacent_x63_100_independent_referee_break_conjugate.exit: OK
tmp/research/audit/verify_compact_ball_uncovered_box_x5_8_xy_adjacent_x63_100_independent_referee_break_conjugate.log: OK
tmp/research/audit/verify_compact_ball_uncovered_box_x5_8_xy_adjacent_x63_100_independent_referee_break_conjugate_attempt1.exit: OK
tmp/research/audit/verify_compact_ball_uncovered_box_x5_8_xy_adjacent_x63_100_independent_referee_break_conjugate_attempt1.log: OK
tmp/research/audit/verify_compact_ball_uncovered_box_x5_8_xy_adjacent_x63_100_independent_referee_break_seam.exit: OK
tmp/research/audit/verify_compact_ball_uncovered_box_x5_8_xy_adjacent_x63_100_independent_referee_break_seam.log: OK
tmp/research/audit/verify_compact_ball_uncovered_box_x5_8_xy_adjacent_x63_100_independent_referee_break_seam_attempt1.exit: OK
tmp/research/audit/verify_compact_ball_uncovered_box_x5_8_xy_adjacent_x63_100_independent_referee_break_seam_attempt1.log: OK
tmp/research/audit/verify_compact_ball_uncovered_box_x5_8_xy_adjacent_x63_100_independent_referee_corrupt_coefficient.exit: OK
tmp/research/audit/verify_compact_ball_uncovered_box_x5_8_xy_adjacent_x63_100_independent_referee_corrupt_coefficient.log: OK
tmp/research/audit/verify_compact_ball_uncovered_box_x5_8_xy_adjacent_x63_100_independent_referee_corrupt_coefficient_attempt1.exit: OK
tmp/research/audit/verify_compact_ball_uncovered_box_x5_8_xy_adjacent_x63_100_independent_referee_corrupt_coefficient_attempt1.log: OK
tmp/research/audit/verify_compact_ball_uncovered_box_x5_8_xy_adjacent_x63_100_independent_referee_drop_control.exit: OK
tmp/research/audit/verify_compact_ball_uncovered_box_x5_8_xy_adjacent_x63_100_independent_referee_drop_control.log: OK
tmp/research/audit/verify_compact_ball_uncovered_box_x5_8_xy_adjacent_x63_100_independent_referee_drop_control_attempt1.exit: OK
tmp/research/audit/verify_compact_ball_uncovered_box_x5_8_xy_adjacent_x63_100_independent_referee_drop_control_attempt1.log: OK
tmp/research/audit/verify_compact_ball_uncovered_box_x5_8_xy_adjacent_x63_100_independent_referee_drop_q2.exit: OK
tmp/research/audit/verify_compact_ball_uncovered_box_x5_8_xy_adjacent_x63_100_independent_referee_drop_q2.log: OK
tmp/research/audit/verify_compact_ball_uncovered_box_x5_8_xy_adjacent_x63_100_independent_referee_drop_q2_attempt1.exit: OK
tmp/research/audit/verify_compact_ball_uncovered_box_x5_8_xy_adjacent_x63_100_independent_referee_drop_q2_attempt1.log: OK
tmp/research/audit/verify_compact_ball_uncovered_box_x5_8_xy_adjacent_x63_100_independent_referee_flip_danger.exit: OK
tmp/research/audit/verify_compact_ball_uncovered_box_x5_8_xy_adjacent_x63_100_independent_referee_flip_danger.log: OK
tmp/research/audit/verify_compact_ball_uncovered_box_x5_8_xy_adjacent_x63_100_independent_referee_flip_danger_attempt1.exit: OK
tmp/research/audit/verify_compact_ball_uncovered_box_x5_8_xy_adjacent_x63_100_independent_referee_flip_danger_attempt1.log: OK
tmp/research/audit/verify_compact_ball_uncovered_box_x5_8_xy_adjacent_x63_100_independent_referee_isolated_replay.exit: OK
tmp/research/audit/verify_compact_ball_uncovered_box_x5_8_xy_adjacent_x63_100_independent_referee_isolated_replay.log: OK
tmp/research/audit/verify_compact_ball_uncovered_box_x5_8_xy_adjacent_x63_100_independent_referee_normal.exit: OK
tmp/research/audit/verify_compact_ball_uncovered_box_x5_8_xy_adjacent_x63_100_independent_referee_normal.log: OK
tmp/research/audit/verify_compact_ball_uncovered_box_x5_8_xy_adjacent_x63_100_independent_referee_normal_attempt1.exit: OK
tmp/research/audit/verify_compact_ball_uncovered_box_x5_8_xy_adjacent_x63_100_independent_referee_normal_attempt1.log: OK
tmp/research/audit/verify_compact_ball_uncovered_box_x5_8_xy_adjacent_x63_100_independent_referee_omit_z_sign.exit: OK
tmp/research/audit/verify_compact_ball_uncovered_box_x5_8_xy_adjacent_x63_100_independent_referee_omit_z_sign.log: OK
tmp/research/audit/verify_compact_ball_uncovered_box_x5_8_xy_adjacent_x63_100_independent_referee_omit_z_sign_attempt1.exit: OK
tmp/research/audit/verify_compact_ball_uncovered_box_x5_8_xy_adjacent_x63_100_independent_referee_omit_z_sign_attempt1.log: OK
tmp/research/audit/verify_compact_ball_uncovered_box_x5_8_xy_adjacent_x63_100_independent_referee_optimized.exit: OK
tmp/research/audit/verify_compact_ball_uncovered_box_x5_8_xy_adjacent_x63_100_independent_referee_optimized.log: OK
tmp/research/audit/verify_compact_ball_uncovered_box_x5_8_xy_adjacent_x63_100_independent_referee_optimized_attempt1.exit: OK
tmp/research/audit/verify_compact_ball_uncovered_box_x5_8_xy_adjacent_x63_100_independent_referee_optimized_attempt1.log: OK
tmp/research/audit/verify_compact_ball_uncovered_box_x5_8_xy_adjacent_x63_100_independent_referee_pycompile.exit: OK
tmp/research/audit/verify_compact_ball_uncovered_box_x5_8_xy_adjacent_x63_100_independent_referee_pycompile.log: OK
tmp/research/audit/verify_compact_ball_uncovered_box_x5_8_xy_adjacent_x63_100_independent_referee_pycompile_attempt1.exit: OK
tmp/research/audit/verify_compact_ball_uncovered_box_x5_8_xy_adjacent_x63_100_independent_referee_pycompile_attempt1.log: OK
tmp/research/audit/verify_compact_ball_uncovered_box_x5_8_xy_adjacent_x63_100_independent_referee_root_replay.exit: OK
tmp/research/audit/verify_compact_ball_uncovered_box_x5_8_xy_adjacent_x63_100_independent_referee_root_replay.log: OK
tmp/research/common_metric_ranktwo_transverse_full_cone_compact_ball_reduction.md: OK
tmp/research/compact_ball_uncovered_box_x5_8_xy_adjacent_x627_1000_exact_gate.py: OK
tmp/research/compact_ball_uncovered_box_x5_8_xy_adjacent_x627_1000_source_freeze_manifest.sha256: OK
tmp/research/compact_ball_uncovered_box_x5_8_xy_adjacent_x63_100_exact_gate.py: OK
tmp/research/compact_ball_uncovered_box_x5_8_xy_adjacent_x63_100_source_freeze_manifest.sha256: OK
tmp/research/common_metric_ranktwo_transverse_compact_ball_uncovered_box_x5_8_xy_adjacent_x16_25_source_candidate.md: OK
tmp/research/compact_ball_uncovered_box_x5_8_xy_adjacent_x16_25_attack_bad_normalization.exit: OK
tmp/research/compact_ball_uncovered_box_x5_8_xy_adjacent_x16_25_attack_bad_normalization.log: OK
tmp/research/compact_ball_uncovered_box_x5_8_xy_adjacent_x16_25_attack_bad_predecessor.exit: OK
tmp/research/compact_ball_uncovered_box_x5_8_xy_adjacent_x16_25_attack_bad_predecessor.log: OK
tmp/research/compact_ball_uncovered_box_x5_8_xy_adjacent_x16_25_attack_break_hermitian_seam.exit: OK
tmp/research/compact_ball_uncovered_box_x5_8_xy_adjacent_x16_25_attack_break_hermitian_seam.log: OK
tmp/research/compact_ball_uncovered_box_x5_8_xy_adjacent_x16_25_attack_break_minus_z_lift.exit: OK
tmp/research/compact_ball_uncovered_box_x5_8_xy_adjacent_x16_25_attack_break_minus_z_lift.log: OK
tmp/research/compact_ball_uncovered_box_x5_8_xy_adjacent_x16_25_attack_break_seam.exit: OK
tmp/research/compact_ball_uncovered_box_x5_8_xy_adjacent_x16_25_attack_break_seam.log: OK
tmp/research/compact_ball_uncovered_box_x5_8_xy_adjacent_x16_25_attack_corrupt_coefficient.exit: OK
tmp/research/compact_ball_uncovered_box_x5_8_xy_adjacent_x16_25_attack_corrupt_coefficient.log: OK
tmp/research/compact_ball_uncovered_box_x5_8_xy_adjacent_x16_25_attack_drop_control.exit: OK
tmp/research/compact_ball_uncovered_box_x5_8_xy_adjacent_x16_25_attack_drop_control.log: OK
tmp/research/compact_ball_uncovered_box_x5_8_xy_adjacent_x16_25_attack_drop_q2.exit: OK
tmp/research/compact_ball_uncovered_box_x5_8_xy_adjacent_x16_25_attack_drop_q2.log: OK
tmp/research/compact_ball_uncovered_box_x5_8_xy_adjacent_x16_25_attack_flip_danger.exit: OK
tmp/research/compact_ball_uncovered_box_x5_8_xy_adjacent_x16_25_attack_flip_danger.log: OK
tmp/research/compact_ball_uncovered_box_x5_8_xy_adjacent_x16_25_attack_optimized.exit: OK
tmp/research/compact_ball_uncovered_box_x5_8_xy_adjacent_x16_25_attack_optimized.log: OK
tmp/research/compact_ball_uncovered_box_x5_8_xy_adjacent_x16_25_exact_gate.py: OK
tmp/research/compact_ball_uncovered_box_x5_8_xy_adjacent_x16_25_fail_closed_test_record.md: OK
tmp/research/compact_ball_uncovered_box_x5_8_xy_adjacent_x16_25_freeze_verifier_attack_bad_manifest.exit: OK
tmp/research/compact_ball_uncovered_box_x5_8_xy_adjacent_x16_25_freeze_verifier_attack_bad_manifest.log: OK
tmp/research/compact_ball_uncovered_box_x5_8_xy_adjacent_x16_25_freeze_verifier_attack_bad_source_hash.exit: OK
tmp/research/compact_ball_uncovered_box_x5_8_xy_adjacent_x16_25_freeze_verifier_attack_bad_source_hash.log: OK
tmp/research/compact_ball_uncovered_box_x5_8_xy_adjacent_x16_25_freeze_verifier_normal.exit: OK
tmp/research/compact_ball_uncovered_box_x5_8_xy_adjacent_x16_25_freeze_verifier_normal.log: OK
tmp/research/compact_ball_uncovered_box_x5_8_xy_adjacent_x16_25_freeze_verifier_pycompile.exit: OK
tmp/research/compact_ball_uncovered_box_x5_8_xy_adjacent_x16_25_freeze_verifier_pycompile.log: OK
tmp/research/compact_ball_uncovered_box_x5_8_xy_adjacent_x16_25_manifest_isolated_replay.exit: OK
tmp/research/compact_ball_uncovered_box_x5_8_xy_adjacent_x16_25_manifest_isolated_replay.log: OK
tmp/research/compact_ball_uncovered_box_x5_8_xy_adjacent_x16_25_manifest_root_replay.exit: OK
tmp/research/compact_ball_uncovered_box_x5_8_xy_adjacent_x16_25_manifest_root_replay.log: OK
tmp/research/compact_ball_uncovered_box_x5_8_xy_adjacent_x16_25_normal.exit: OK
tmp/research/compact_ball_uncovered_box_x5_8_xy_adjacent_x16_25_normal.log: OK
tmp/research/compact_ball_uncovered_box_x5_8_xy_adjacent_x16_25_pycompile.exit: OK
tmp/research/compact_ball_uncovered_box_x5_8_xy_adjacent_x16_25_pycompile.log: OK
tmp/research/compact_ball_uncovered_box_x5_8_xy_adjacent_x16_25_scout.exit: OK
tmp/research/compact_ball_uncovered_box_x5_8_xy_adjacent_x16_25_scout.log: OK
tmp/research/compact_ball_uncovered_box_x5_8_xy_adjacent_x16_25_scout_pycompile.exit: OK
tmp/research/compact_ball_uncovered_box_x5_8_xy_adjacent_x16_25_scout_pycompile.log: OK
tmp/research/verify_compact_ball_uncovered_box_x5_8_xy_adjacent_x16_25_source_freeze.py: OK
audit/COMMON_METRIC_RANKTWO_TRANSVERSE_FULL_CONE_COMPACT_BALL_REDUCTION_REFEREE_AUDIT.md: OK
audit/COMPACT_BALL_UNCOVERED_BOX_X5_8_XY_ADJACENT_X16_25_INDEPENDENT_REFEREE_AUDIT.md: OK
audit/COMPACT_BALL_UNCOVERED_BOX_X5_8_XY_ADJACENT_X63_100_INDEPENDENT_REFEREE_AUDIT.md: OK
tmp/research/audit/adjacent_x16_25_attack_bad_manifest.sha256: OK
tmp/research/audit/adjacent_x16_25_attack_bad_predecessor.py: OK
tmp/research/audit/adjacent_x16_25_attack_bad_source.py: OK
tmp/research/audit/compact_ball_uncovered_box_x5_8_xy_adjacent_x16_25_independent_referee_test_results.txt: OK
tmp/research/audit/compact_ball_uncovered_box_x5_8_xy_adjacent_x63_100_independent_referee_manifest.sha256: OK
tmp/research/audit/uncovered_box_x5_8_xy_adjacent_x16_25_referee_literal_free_scout.exit: OK
tmp/research/audit/uncovered_box_x5_8_xy_adjacent_x16_25_referee_literal_free_scout.log: OK
tmp/research/audit/uncovered_box_x5_8_xy_adjacent_x16_25_referee_literal_free_scout.py: OK
tmp/research/audit/verify_compact_ball_uncovered_box_x5_8_xy_adjacent_x16_25_independent_referee.py: OK
tmp/research/audit/verify_compact_ball_uncovered_box_x5_8_xy_adjacent_x16_25_independent_referee_bad_clearing.exit: OK
tmp/research/audit/verify_compact_ball_uncovered_box_x5_8_xy_adjacent_x16_25_independent_referee_bad_clearing.log: OK
tmp/research/audit/verify_compact_ball_uncovered_box_x5_8_xy_adjacent_x16_25_independent_referee_bad_manifest.exit: OK
tmp/research/audit/verify_compact_ball_uncovered_box_x5_8_xy_adjacent_x16_25_independent_referee_bad_manifest.log: OK
tmp/research/audit/verify_compact_ball_uncovered_box_x5_8_xy_adjacent_x16_25_independent_referee_bad_normalization.exit: OK
tmp/research/audit/verify_compact_ball_uncovered_box_x5_8_xy_adjacent_x16_25_independent_referee_bad_normalization.log: OK
tmp/research/audit/verify_compact_ball_uncovered_box_x5_8_xy_adjacent_x16_25_independent_referee_bad_predecessor.exit: OK
tmp/research/audit/verify_compact_ball_uncovered_box_x5_8_xy_adjacent_x16_25_independent_referee_bad_predecessor.log: OK
tmp/research/audit/verify_compact_ball_uncovered_box_x5_8_xy_adjacent_x16_25_independent_referee_bad_source.exit: OK
tmp/research/audit/verify_compact_ball_uncovered_box_x5_8_xy_adjacent_x16_25_independent_referee_bad_source.log: OK
tmp/research/audit/verify_compact_ball_uncovered_box_x5_8_xy_adjacent_x16_25_independent_referee_break_conjugate.exit: OK
tmp/research/audit/verify_compact_ball_uncovered_box_x5_8_xy_adjacent_x16_25_independent_referee_break_conjugate.log: OK
tmp/research/audit/verify_compact_ball_uncovered_box_x5_8_xy_adjacent_x16_25_independent_referee_break_hermitian_seam.exit: OK
tmp/research/audit/verify_compact_ball_uncovered_box_x5_8_xy_adjacent_x16_25_independent_referee_break_hermitian_seam.log: OK
tmp/research/audit/verify_compact_ball_uncovered_box_x5_8_xy_adjacent_x16_25_independent_referee_break_parameter_seam.exit: OK
tmp/research/audit/verify_compact_ball_uncovered_box_x5_8_xy_adjacent_x16_25_independent_referee_break_parameter_seam.log: OK
tmp/research/audit/verify_compact_ball_uncovered_box_x5_8_xy_adjacent_x16_25_independent_referee_break_seam.exit: OK
tmp/research/audit/verify_compact_ball_uncovered_box_x5_8_xy_adjacent_x16_25_independent_referee_break_seam.log: OK
tmp/research/audit/verify_compact_ball_uncovered_box_x5_8_xy_adjacent_x16_25_independent_referee_corrupt_coefficient.exit: OK
tmp/research/audit/verify_compact_ball_uncovered_box_x5_8_xy_adjacent_x16_25_independent_referee_corrupt_coefficient.log: OK
tmp/research/audit/verify_compact_ball_uncovered_box_x5_8_xy_adjacent_x16_25_independent_referee_drop_control.exit: OK
tmp/research/audit/verify_compact_ball_uncovered_box_x5_8_xy_adjacent_x16_25_independent_referee_drop_control.log: OK
tmp/research/audit/verify_compact_ball_uncovered_box_x5_8_xy_adjacent_x16_25_independent_referee_drop_q2.exit: OK
tmp/research/audit/verify_compact_ball_uncovered_box_x5_8_xy_adjacent_x16_25_independent_referee_drop_q2.log: OK
tmp/research/audit/verify_compact_ball_uncovered_box_x5_8_xy_adjacent_x16_25_independent_referee_flip_danger.exit: OK
tmp/research/audit/verify_compact_ball_uncovered_box_x5_8_xy_adjacent_x16_25_independent_referee_flip_danger.log: OK
tmp/research/audit/verify_compact_ball_uncovered_box_x5_8_xy_adjacent_x16_25_independent_referee_isolated_replay.exit: OK
tmp/research/audit/verify_compact_ball_uncovered_box_x5_8_xy_adjacent_x16_25_independent_referee_isolated_replay.log: OK
tmp/research/audit/verify_compact_ball_uncovered_box_x5_8_xy_adjacent_x16_25_independent_referee_normal.exit: OK
tmp/research/audit/verify_compact_ball_uncovered_box_x5_8_xy_adjacent_x16_25_independent_referee_normal.log: OK
tmp/research/audit/verify_compact_ball_uncovered_box_x5_8_xy_adjacent_x16_25_independent_referee_omit_z_sign.exit: OK
tmp/research/audit/verify_compact_ball_uncovered_box_x5_8_xy_adjacent_x16_25_independent_referee_omit_z_sign.log: OK
tmp/research/audit/verify_compact_ball_uncovered_box_x5_8_xy_adjacent_x16_25_independent_referee_optimized.exit: OK
tmp/research/audit/verify_compact_ball_uncovered_box_x5_8_xy_adjacent_x16_25_independent_referee_optimized.log: OK
tmp/research/audit/verify_compact_ball_uncovered_box_x5_8_xy_adjacent_x16_25_independent_referee_pycompile.exit: OK
tmp/research/audit/verify_compact_ball_uncovered_box_x5_8_xy_adjacent_x16_25_independent_referee_pycompile.log: OK
tmp/research/audit/verify_compact_ball_uncovered_box_x5_8_xy_adjacent_x16_25_independent_referee_root_replay.exit: OK
tmp/research/audit/verify_compact_ball_uncovered_box_x5_8_xy_adjacent_x16_25_independent_referee_root_replay.log: OK
tmp/research/audit/verify_compact_ball_uncovered_box_x5_8_xy_adjacent_x63_100_independent_referee.py: OK
tmp/research/common_metric_ranktwo_transverse_full_cone_compact_ball_reduction.md: OK
tmp/research/compact_ball_uncovered_box_x5_8_xy_adjacent_x16_25_exact_gate.py: OK
tmp/research/compact_ball_uncovered_box_x5_8_xy_adjacent_x16_25_source_freeze_manifest.sha256: OK
tmp/research/compact_ball_uncovered_box_x5_8_xy_adjacent_x63_100_exact_gate.py: OK
tmp/research/compact_ball_uncovered_box_x5_8_xy_adjacent_x63_100_source_freeze_manifest.sha256: OK
tmp/research/common_metric_ranktwo_transverse_compact_ball_uncovered_box_x5_8_xy_adjacent_x7_10_source_candidate.md: OK
tmp/research/compact_ball_uncovered_box_x5_8_xy_adjacent_x7_10_attack_bad_normalization.exit: OK
tmp/research/compact_ball_uncovered_box_x5_8_xy_adjacent_x7_10_attack_bad_normalization.log: OK
tmp/research/compact_ball_uncovered_box_x5_8_xy_adjacent_x7_10_attack_bad_predecessor.exit: OK
tmp/research/compact_ball_uncovered_box_x5_8_xy_adjacent_x7_10_attack_bad_predecessor.log: OK
tmp/research/compact_ball_uncovered_box_x5_8_xy_adjacent_x7_10_attack_break_control_seam.exit: OK
tmp/research/compact_ball_uncovered_box_x5_8_xy_adjacent_x7_10_attack_break_control_seam.log: OK
tmp/research/compact_ball_uncovered_box_x5_8_xy_adjacent_x7_10_attack_break_hermitian_seam.exit: OK
tmp/research/compact_ball_uncovered_box_x5_8_xy_adjacent_x7_10_attack_break_hermitian_seam.log: OK
tmp/research/compact_ball_uncovered_box_x5_8_xy_adjacent_x7_10_attack_break_minus_z_lift.exit: OK
tmp/research/compact_ball_uncovered_box_x5_8_xy_adjacent_x7_10_attack_break_minus_z_lift.log: OK
tmp/research/compact_ball_uncovered_box_x5_8_xy_adjacent_x7_10_attack_break_s_clearing.exit: OK
tmp/research/compact_ball_uncovered_box_x5_8_xy_adjacent_x7_10_attack_break_s_clearing.log: OK
tmp/research/compact_ball_uncovered_box_x5_8_xy_adjacent_x7_10_attack_break_seam.exit: OK
tmp/research/compact_ball_uncovered_box_x5_8_xy_adjacent_x7_10_attack_break_seam.log: OK
tmp/research/compact_ball_uncovered_box_x5_8_xy_adjacent_x7_10_attack_corrupt_coefficient.exit: OK
tmp/research/compact_ball_uncovered_box_x5_8_xy_adjacent_x7_10_attack_corrupt_coefficient.log: OK
tmp/research/compact_ball_uncovered_box_x5_8_xy_adjacent_x7_10_attack_drop_control.exit: OK
tmp/research/compact_ball_uncovered_box_x5_8_xy_adjacent_x7_10_attack_drop_control.log: OK
tmp/research/compact_ball_uncovered_box_x5_8_xy_adjacent_x7_10_attack_drop_q2.exit: OK
tmp/research/compact_ball_uncovered_box_x5_8_xy_adjacent_x7_10_attack_drop_q2.log: OK
tmp/research/compact_ball_uncovered_box_x5_8_xy_adjacent_x7_10_attack_flip_danger.exit: OK
tmp/research/compact_ball_uncovered_box_x5_8_xy_adjacent_x7_10_attack_flip_danger.log: OK
tmp/research/compact_ball_uncovered_box_x5_8_xy_adjacent_x7_10_attack_optimized.exit: OK
tmp/research/compact_ball_uncovered_box_x5_8_xy_adjacent_x7_10_attack_optimized.log: OK
tmp/research/compact_ball_uncovered_box_x5_8_xy_adjacent_x7_10_exact_gate.py: OK
tmp/research/compact_ball_uncovered_box_x5_8_xy_adjacent_x7_10_fail_closed_test_record.md: OK
tmp/research/compact_ball_uncovered_box_x5_8_xy_adjacent_x7_10_freeze_verifier_attack_bad_manifest.exit: OK
tmp/research/compact_ball_uncovered_box_x5_8_xy_adjacent_x7_10_freeze_verifier_attack_bad_manifest.log: OK
tmp/research/compact_ball_uncovered_box_x5_8_xy_adjacent_x7_10_freeze_verifier_attack_bad_source_hash.exit: OK
tmp/research/compact_ball_uncovered_box_x5_8_xy_adjacent_x7_10_freeze_verifier_attack_bad_source_hash.log: OK
tmp/research/compact_ball_uncovered_box_x5_8_xy_adjacent_x7_10_freeze_verifier_normal.exit: OK
tmp/research/compact_ball_uncovered_box_x5_8_xy_adjacent_x7_10_freeze_verifier_normal.log: OK
tmp/research/compact_ball_uncovered_box_x5_8_xy_adjacent_x7_10_freeze_verifier_pycompile.exit: OK
tmp/research/compact_ball_uncovered_box_x5_8_xy_adjacent_x7_10_freeze_verifier_pycompile.log: OK
tmp/research/compact_ball_uncovered_box_x5_8_xy_adjacent_x7_10_manifest_isolated_replay.exit: OK
tmp/research/compact_ball_uncovered_box_x5_8_xy_adjacent_x7_10_manifest_isolated_replay.log: OK
tmp/research/compact_ball_uncovered_box_x5_8_xy_adjacent_x7_10_manifest_root_replay.exit: OK
tmp/research/compact_ball_uncovered_box_x5_8_xy_adjacent_x7_10_manifest_root_replay.log: OK
tmp/research/compact_ball_uncovered_box_x5_8_xy_adjacent_x7_10_normal.exit: OK
tmp/research/compact_ball_uncovered_box_x5_8_xy_adjacent_x7_10_normal.log: OK
tmp/research/compact_ball_uncovered_box_x5_8_xy_adjacent_x7_10_pycompile.exit: OK
tmp/research/compact_ball_uncovered_box_x5_8_xy_adjacent_x7_10_pycompile.log: OK
tmp/research/compact_ball_uncovered_box_x5_8_xy_adjacent_x7_10_scout.exit: OK
tmp/research/compact_ball_uncovered_box_x5_8_xy_adjacent_x7_10_scout.log: OK
tmp/research/compact_ball_uncovered_box_x5_8_xy_adjacent_x7_10_scout_pycompile.exit: OK
tmp/research/compact_ball_uncovered_box_x5_8_xy_adjacent_x7_10_scout_pycompile.log: OK
tmp/research/verify_compact_ball_uncovered_box_x5_8_xy_adjacent_x7_10_source_freeze.py: OK
audit/COMMON_METRIC_RANKTWO_TRANSVERSE_FULL_CONE_COMPACT_BALL_REDUCTION_REFEREE_AUDIT.md: OK
audit/COMPACT_BALL_UNCOVERED_BOX_X5_8_XY_ADJACENT_X16_25_INDEPENDENT_REFEREE_AUDIT.md: OK
audit/COMPACT_BALL_UNCOVERED_BOX_X5_8_XY_ADJACENT_X7_10_INDEPENDENT_REFEREE_AUDIT.md: OK
tmp/research/audit/adjacent_x7_10_attack_bad_manifest.sha256: OK
tmp/research/audit/adjacent_x7_10_attack_bad_predecessor.py: OK
tmp/research/audit/adjacent_x7_10_attack_bad_source.py: OK
tmp/research/audit/compact_ball_uncovered_box_x5_8_xy_adjacent_x16_25_independent_referee_manifest.sha256: OK
tmp/research/audit/compact_ball_uncovered_box_x5_8_xy_adjacent_x7_10_independent_referee_test_results.txt: OK
tmp/research/audit/uncovered_box_x5_8_xy_adjacent_x7_10_referee_literal_free_scout.exit: OK
tmp/research/audit/uncovered_box_x5_8_xy_adjacent_x7_10_referee_literal_free_scout.log: OK
tmp/research/audit/uncovered_box_x5_8_xy_adjacent_x7_10_referee_literal_free_scout.py: OK
tmp/research/audit/verify_compact_ball_uncovered_box_x5_8_xy_adjacent_x16_25_independent_referee.py: OK
tmp/research/audit/verify_compact_ball_uncovered_box_x5_8_xy_adjacent_x7_10_independent_referee.py: OK
tmp/research/audit/verify_compact_ball_uncovered_box_x5_8_xy_adjacent_x7_10_independent_referee_bad_clearing.exit: OK
tmp/research/audit/verify_compact_ball_uncovered_box_x5_8_xy_adjacent_x7_10_independent_referee_bad_clearing.log: OK
tmp/research/audit/verify_compact_ball_uncovered_box_x5_8_xy_adjacent_x7_10_independent_referee_bad_manifest.exit: OK
tmp/research/audit/verify_compact_ball_uncovered_box_x5_8_xy_adjacent_x7_10_independent_referee_bad_manifest.log: OK
tmp/research/audit/verify_compact_ball_uncovered_box_x5_8_xy_adjacent_x7_10_independent_referee_bad_normalization.exit: OK
tmp/research/audit/verify_compact_ball_uncovered_box_x5_8_xy_adjacent_x7_10_independent_referee_bad_normalization.log: OK
tmp/research/audit/verify_compact_ball_uncovered_box_x5_8_xy_adjacent_x7_10_independent_referee_bad_predecessor.exit: OK
tmp/research/audit/verify_compact_ball_uncovered_box_x5_8_xy_adjacent_x7_10_independent_referee_bad_predecessor.log: OK
tmp/research/audit/verify_compact_ball_uncovered_box_x5_8_xy_adjacent_x7_10_independent_referee_bad_source.exit: OK
tmp/research/audit/verify_compact_ball_uncovered_box_x5_8_xy_adjacent_x7_10_independent_referee_bad_source.log: OK
tmp/research/audit/verify_compact_ball_uncovered_box_x5_8_xy_adjacent_x7_10_independent_referee_break_conjugate.exit: OK
tmp/research/audit/verify_compact_ball_uncovered_box_x5_8_xy_adjacent_x7_10_independent_referee_break_conjugate.log: OK
tmp/research/audit/verify_compact_ball_uncovered_box_x5_8_xy_adjacent_x7_10_independent_referee_break_hermitian_seam.exit: OK
tmp/research/audit/verify_compact_ball_uncovered_box_x5_8_xy_adjacent_x7_10_independent_referee_break_hermitian_seam.log: OK
tmp/research/audit/verify_compact_ball_uncovered_box_x5_8_xy_adjacent_x7_10_independent_referee_break_parameter_seam.exit: OK
tmp/research/audit/verify_compact_ball_uncovered_box_x5_8_xy_adjacent_x7_10_independent_referee_break_parameter_seam.log: OK
tmp/research/audit/verify_compact_ball_uncovered_box_x5_8_xy_adjacent_x7_10_independent_referee_break_seam.exit: OK
tmp/research/audit/verify_compact_ball_uncovered_box_x5_8_xy_adjacent_x7_10_independent_referee_break_seam.log: OK
tmp/research/audit/verify_compact_ball_uncovered_box_x5_8_xy_adjacent_x7_10_independent_referee_corrupt_coefficient.exit: OK
tmp/research/audit/verify_compact_ball_uncovered_box_x5_8_xy_adjacent_x7_10_independent_referee_corrupt_coefficient.log: OK
tmp/research/audit/verify_compact_ball_uncovered_box_x5_8_xy_adjacent_x7_10_independent_referee_drop_control.exit: OK
tmp/research/audit/verify_compact_ball_uncovered_box_x5_8_xy_adjacent_x7_10_independent_referee_drop_control.log: OK
tmp/research/audit/verify_compact_ball_uncovered_box_x5_8_xy_adjacent_x7_10_independent_referee_drop_q2.exit: OK
tmp/research/audit/verify_compact_ball_uncovered_box_x5_8_xy_adjacent_x7_10_independent_referee_drop_q2.log: OK
tmp/research/audit/verify_compact_ball_uncovered_box_x5_8_xy_adjacent_x7_10_independent_referee_flip_danger.exit: OK
tmp/research/audit/verify_compact_ball_uncovered_box_x5_8_xy_adjacent_x7_10_independent_referee_flip_danger.log: OK
tmp/research/audit/verify_compact_ball_uncovered_box_x5_8_xy_adjacent_x7_10_independent_referee_isolated_replay.exit: OK
tmp/research/audit/verify_compact_ball_uncovered_box_x5_8_xy_adjacent_x7_10_independent_referee_isolated_replay.log: OK
tmp/research/audit/verify_compact_ball_uncovered_box_x5_8_xy_adjacent_x7_10_independent_referee_normal.exit: OK
tmp/research/audit/verify_compact_ball_uncovered_box_x5_8_xy_adjacent_x7_10_independent_referee_normal.log: OK
tmp/research/audit/verify_compact_ball_uncovered_box_x5_8_xy_adjacent_x7_10_independent_referee_omit_z_sign.exit: OK
tmp/research/audit/verify_compact_ball_uncovered_box_x5_8_xy_adjacent_x7_10_independent_referee_omit_z_sign.log: OK
tmp/research/audit/verify_compact_ball_uncovered_box_x5_8_xy_adjacent_x7_10_independent_referee_optimized.exit: OK
tmp/research/audit/verify_compact_ball_uncovered_box_x5_8_xy_adjacent_x7_10_independent_referee_optimized.log: OK
tmp/research/audit/verify_compact_ball_uncovered_box_x5_8_xy_adjacent_x7_10_independent_referee_pycompile.exit: OK
tmp/research/audit/verify_compact_ball_uncovered_box_x5_8_xy_adjacent_x7_10_independent_referee_pycompile.log: OK
tmp/research/audit/verify_compact_ball_uncovered_box_x5_8_xy_adjacent_x7_10_independent_referee_root_replay.exit: OK
tmp/research/audit/verify_compact_ball_uncovered_box_x5_8_xy_adjacent_x7_10_independent_referee_root_replay.log: OK
tmp/research/common_metric_ranktwo_transverse_full_cone_compact_ball_reduction.md: OK
tmp/research/compact_ball_uncovered_box_x5_8_xy_adjacent_x16_25_exact_gate.py: OK
tmp/research/compact_ball_uncovered_box_x5_8_xy_adjacent_x16_25_source_freeze_manifest.sha256: OK
tmp/research/compact_ball_uncovered_box_x5_8_xy_adjacent_x7_10_exact_gate.py: OK
tmp/research/compact_ball_uncovered_box_x5_8_xy_adjacent_x7_10_source_freeze_manifest.sha256: OK
