name                                 type              encoding         emb sub uni object ID
------------------------------------ ----------------- ---------------- --- --- --- ---------
DJVLTN+LMRoman10-Bold                Type 1            Custom           yes yes yes    112  0
FFUQYU+LMRoman9-Regular              Type 1            Custom           yes yes yes    113  0
ZEGHLF+LMMathSymbols6-Regular        Type 1            Custom           yes yes yes    114  0
FJHKFG+LMRoman9-Italic               Type 1            Custom           yes yes yes    115  0
KNKKHO+LMRoman6-Regular              Type 1            Custom           yes yes yes    116  0
JGQNZP+LMRoman8-Regular              Type 1            Custom           yes yes yes    117  0
YBKXHI+LMRomanCaps10-Regular         Type 1            Custom           yes yes yes    128  0
CDZLQH+LMMathItalic9-Regular         Type 1            Custom           yes yes yes    129  0
KNKKHO+LMRoman6-Regular              Type 1            Custom           yes yes yes    130  0
FFUQYU+LMRoman9-Regular              Type 1            Custom           yes yes yes    131  0
GUWTZB+LMMathSymbols9-Regular        Type 1            Custom           yes yes yes    132  0
TKEUGR+LMMathExtension10-Regular     Type 1            Custom           yes yes yes    133  0
MDCYCY+LMRoman10-Regular             Type 1            Custom           yes yes yes    146  0
YRQGHF+LMMathItalic10-Regular        Type 1            Custom           yes yes yes    147  0
YSUAHT+LMMathSymbols10-Regular       Type 1            Custom           yes yes yes    148  0
MDCYCY+LMRoman10-Regular             Type 1            Custom           yes yes yes    149  0
JGQNZP+LMRoman8-Regular              Type 1            Custom           yes yes yes    151  0
PBEFSW+LMMathSymbols8-Regular        Type 1            Custom           yes yes yes    153  0
NCSHFY+LMMathItalic8-Regular         Type 1            Custom           yes yes yes    185  0
GPJARP+LMRoman10-Italic              Type 1            Custom           yes yes yes    197  0
TZRIYH+MSBM10                        Type 1            Builtin          yes yes yes    198  0
TMHVPV+MSAM10                        Type 1            Builtin          yes yes yes    200  0
FBPVHF+LMSans10-Regular              Type 1            Custom           yes yes yes    254  0
YOVVJM+EUFM10                        Type 1            Builtin          yes yes yes    259  0
ZKOQFE+LMRoman7-Regular              Type 1            Custom           yes yes yes    449  0
NTCDCR+LMMathSymbols7-Regular        Type 1            Custom           yes yes yes    450  0
BYCJDO+LMMathItalic6-Regular         Type 1            Custom           yes yes yes    534  0
SXFHWC+LMMono10-Regular              Type 1            Custom           yes yes yes    567  0
UPBTVI+LMMathItalic7-Regular         Type 1            Custom           yes yes yes    578  0
RIOJFP+LMMono8-Regular               Type 1            Custom           yes yes yes    600  0
MYHNVD+LMRoman9-Bold                 Type 1            Custom           yes yes yes    612  0
TVYSVM+LMMono9-Regular               Type 1            Custom           yes yes yes    613  0
