certificates/xy_box_post_v17/cell_313_500_627_1000/source_exact_gate.py: OK
certificates/xy_box_post_v17/cell_313_500_627_1000/source_note.md: OK
certificates/xy_box_post_v17/cell_313_500_627_1000/source_results.log: OK
certificates/xy_box_post_v17/cell_313_500_627_1000/source_manifest.sha256: OK
certificates/xy_box_post_v17/cell_313_500_627_1000/independent_referee.py: OK
certificates/xy_box_post_v17/cell_313_500_627_1000/referee_results.txt: OK
certificates/xy_box_post_v17/cell_313_500_627_1000/referee_report.md: OK
certificates/xy_box_post_v17/cell_313_500_627_1000/referee_manifest.sha256: OK
certificates/xy_box_post_v17/cell_627_1000_63_100/source_exact_gate.py: OK
certificates/xy_box_post_v17/cell_627_1000_63_100/source_note.md: OK
certificates/xy_box_post_v17/cell_627_1000_63_100/source_results.log: OK
certificates/xy_box_post_v17/cell_627_1000_63_100/source_manifest.sha256: OK
certificates/xy_box_post_v17/cell_627_1000_63_100/independent_referee.py: OK
certificates/xy_box_post_v17/cell_627_1000_63_100/referee_results.txt: OK
certificates/xy_box_post_v17/cell_627_1000_63_100/referee_report.md: OK
certificates/xy_box_post_v17/cell_627_1000_63_100/referee_manifest.sha256: OK
certificates/xy_box_post_v17/cell_63_100_16_25/source_exact_gate.py: OK
certificates/xy_box_post_v17/cell_63_100_16_25/source_note.md: OK
certificates/xy_box_post_v17/cell_63_100_16_25/source_results.log: OK
certificates/xy_box_post_v17/cell_63_100_16_25/source_manifest.sha256: OK
certificates/xy_box_post_v17/cell_63_100_16_25/independent_referee.py: OK
certificates/xy_box_post_v17/cell_63_100_16_25/referee_results.txt: OK
certificates/xy_box_post_v17/cell_63_100_16_25/referee_report.md: OK
certificates/xy_box_post_v17/cell_63_100_16_25/referee_manifest.sha256: OK
certificates/xy_box_post_v17/cell_16_25_7_10/source_exact_gate.py: OK
certificates/xy_box_post_v17/cell_16_25_7_10/source_note.md: OK
certificates/xy_box_post_v17/cell_16_25_7_10/source_results.log: OK
certificates/xy_box_post_v17/cell_16_25_7_10/source_manifest.sha256: OK
certificates/xy_box_post_v17/cell_16_25_7_10/independent_referee.py: OK
certificates/xy_box_post_v17/cell_16_25_7_10/referee_results.txt: OK
certificates/xy_box_post_v17/cell_16_25_7_10/referee_report.md: OK
certificates/xy_box_post_v17/cell_16_25_7_10/referee_manifest.sha256: OK
PASS 32/32 INDEX records; 32 principal files plus INDEX.md present
