PASS opaque current source/manifest hashes
PASS predecessor source/referee/report/manifests and reduction hashes
INDEPENDENCE current candidate artifacts never parsed/imported/executed
PASS reverse signed-Gram/direct compression and Q^2 9/9
PASS fully conjugated raw gate and independent radical elimination
PASS danger>=481771/1000000, det(C), both-z and rank-two legality
PASS x=313/500 parameter/raw-gate/five-control-group seam (71/71)
BOX_COEFFICIENT_0 5
BOX_CERTIFICATE_0 order=0 degrees=(0, 0, 0) count=1 weakest=((0, 0, 0),5)
BOX_COEFFICIENT_1 5*S*(8*x**2 - 16*x + 8*y**2 - 48*y + 9)/12
BOX_CERTIFICATE_1 order=1 degrees=(0, 2, 2) count=9 weakest=((0, 2, 2),204229/300000)
BOX_COEFFICIENT_2 -5*S*(25920*S*x**4 - 4608*S*x**3 + 51840*S*x**2*y**2 - 3456*S*x**2*y - 32112*S*x**2 - 4608*S*x*y**2 + 6912*S*x*y - 13248*S*x + 25920*S*y**4 - 3456*S*y**3 - 41328*S*y**2 + 3024*S*y + 3717*S - 6080*x**4 + 9728*x**3 - 12160*x**2*y**2 + 11136*x**2*y - 16688*x**2 + 9728*x*y**2 - 13056*x*y - 960*x - 6080*y**4 + 11136*y**3 - 26160*y**2 + 24048*y - 7119)/5184
BOX_CERTIFICATE_2 order=1 degrees=(1, 4, 4) count=50 weakest=((0, 0, 4),153893289799/12656250000)
BOX_COEFFICIENT_3 5*S*(41472*S**2*x**2 - 81216*S**2*x + 41472*S**2*y**2 - 254016*S**2*y + 39744*S**2 + 46080*S*x**4 - 73728*S*x**3 + 92160*S*x**2*y**2 - 331776*S*x**2*y + 36288*S*x**2 - 73728*S*x*y**2 - 30528*S*x + 46080*S*y**4 - 331776*S*y**3 + 404928*S*y**2 - 198720*S*y + 32616*S + 12800*x**6 - 15360*x**5 + 38400*x**4*y**2 - 107520*x**4*y + 9408*x**4 - 30720*x**3*y**2 - 12288*x**3*y - 14080*x**3 + 38400*x**2*y**4 - 215040*x**2*y**3 + 240000*x**2*y**2 - 119040*x**2*y + 13080*x**2 - 15360*x*y**4 - 12288*x*y**3 + 26880*x*y**2 - 13824*x*y + 144*x + 12800*y**6 - 107520*y**5 + 230592*y**4 - 241920*y**3 + 139032*y**2 - 42768*y + 5481)/62208
BOX_CERTIFICATE_3 order=1 degrees=(2, 6, 6) count=147 weakest=((0, 0, 6),130268743001281/237304687500000)
BOX_COEFFICIENT_4 -S*(8294400*S**3*x**4 - 92897280*S**3*x**3 + 16588800*S**3*x**2*y**2 - 19906560*S**3*x**2*y + 306561024*S**3*x**2 - 92897280*S**3*x*y**2 + 111476736*S**3*x*y - 260112384*S**3*x + 8294400*S**3*y**4 - 19906560*S**3*y**3 + 58392576*S**3*y**2 - 55738368*S**3*y - 176836608*S**3 + 9216000*S**2*x**6 - 99532800*S**2*x**5 + 27648000*S**2*x**4*y**2 - 33177600*S**2*x**4*y + 255559680*S**2*x**4 - 199065600*S**2*x**3*y**2 + 238878720*S**2*x**3*y + 45840384*S**2*x**3 + 27648000*S**2*x**2*y**4 - 66355200*S**2*x**2*y**3 + 303206400*S**2*x**2*y**2 - 316071936*S**2*x**2*y - 452674944*S**2*x**2 - 99532800*S**2*x*y**4 + 238878720*S**2*x*y**3 - 213092352*S**2*x*y**2 + 83718144*S**2*x*y - 260955648*S**2*x + 9216000*S**2*y**6 - 33177600*S**2*y**5 + 47646720*S**2*y**4 - 34725888*S**2*y**3 - 586417536*S**2*y**2 + 717237504*S**2*y - 241937280*S**2 + 2560000*S*x**8 - 26624000*S*x**7 + 10240000*S*x**6*y**2 - 12288000*S*x**6*y + 20121600*S*x**6 - 79872000*S*x**5*y**2 + 95846400*S*x**5*y + 224143360*S*x**5 + 15360000*S*x**4*y**4 - 36864000*S*x**4*y**3 + 24729600*S*x**4*y**2 - 3133440*S*x**4*y - 290827904*S*x**4 - 79872000*S*x**3*y**4 + 191692800*S*x**3*y**3 + 273633280*S*x**3*y**2 - 466378752*S*x**3*y - 131605248*S*x**3 + 10240000*S*x**2*y**6 - 36864000*S*x**2*y**5 - 10905600*S*x**2*y**4 + 114647040*S*x**2*y**3 - 933186816*S*x**2*y**2 + 1024538112*S*x**2*y - 440983008*S*x**2 - 26624000*S*x*y**6 + 95846400*S*x*y**5 + 49489920*S*x*y**4 - 348807168*S*x*y**3 + 35437824*S*x*y**2 + 241740288*S*x*y - 126478368*S*x + 2560000*S*y**8 - 12288000*S*y**7 - 15513600*S*y**6 + 117780480*S*y**5 - 707370624*S*y**4 + 1385289216*S*y**3 - 1265978592*S*y**2 + 568586304*S*y - 103420719*S - 15360000*x**8 + 67584000*x**7 - 61440000*x**6*y**2 + 73728000*x**6*y - 56217600*x**6 + 202752000*x**5*y**2 - 243302400*x**5*y + 2979840*x**5 - 92160000*x**4*y**4 + 221184000*x**4*y**3 - 397209600*x**4*y**2 + 317399040*x**4*y - 148183296*x**4 + 202752000*x**3*y**4 - 486604800*x**3*y**3 + 257617920*x**3*y**2 + 41213952*x**3*y - 67758336*x**3 - 61440000*x**2*y**6 + 221184000*x**2*y**5 - 625766400*x**2*y**4 + 970997760*x**2*y**3 - 869405184*x**2*y**2 + 420609024*x**2*y - 90821952*x**2 + 67584000*x*y**6 - 243302400*x*y**5 + 254638080*x*y**4 - 27205632*x*y**3 - 134998272*x*y**2 + 97500672*x*y - 22589280*x - 15360000*y**8 + 73728000*y**7 - 284774400*y**6 + 653598720*y**5 - 885586176*y**4 + 735132672*y**3 - 373232448*y**2 + 107775360*y - 13740678)/26873856
BOX_CERTIFICATE_4 order=1 degrees=(3, 8, 8) count=324 weakest=((0, 0, 8),99445552715982526441/26696777343750000000)
TOTAL_BOX_CONTROL_COUNT 531
BOX_COEFFICIENTS_SHA256 b11348d029f2b1fd6bcbf4dfe3ff789f1f5e67a0846f2a83041e7af62bd9497f
BOX_CONTROLS_SHA256 f5b16ceedf15a37870ab0373f6bfba67fd47acccaa1b0c10f2258e070305f4ea
BOUNDARY_SEAM_SHA256 47f305c5c5e756916f4cf61f6e5552e6a629b763baa6fd92842fd67fd8d4ec2b
GLOBAL_WEAKEST_CONTROL (3, (0, 0, 6), 130268743001281/237304687500000)
GLOBAL_WEAKEST_MULTIPLICITY 1
PASS all independently derived adjacent-box controls strictly positive
PASS 36*Gamma>0 throughout the claimed adjacent xy-cell
PASS 81 exact diagnostics only; minimum=328050000045463739293969815616575420309937417703711/65610000000000000000000000000000000000000000000000 at (1/1000000, 627/1000, 1/100, 1/1000)
SCOPE no numerical inference, no chart/maximality claim, no CE-046/048/059/060 reuse
PASS frozen coefficient/control/seam hashes
PASS 531/531 strict controls in groups 1/9/50/147/324
PASS all five group minima and unique global lambda^3,(0,0,6)
PASS x=313/500 parameter/raw-gate/71-control predecessor seam
PASS theorem scope: 313/500<=x<=627/1000, |y|<=1/100, Z=1/8, 0<S<=1, lambda>0, both signed-z lifts
PASS 81 nodes retained as falsification diagnostics only
FATAL 0 MAJOR 0 MINOR 0
INDEPENDENT_REFEREE PASS
